2026-07-20 15:03:07.808 -07:00 [INF] Processing from non-rooted source path: afy
2026-07-20 15:03:07.872 -07:00 [INF] Processing file: data\afy\All For You Chapter 00_ Prologue, a harry potter fanfic _ FanFiction.html
2026-07-20 15:03:07.905 -07:00 [INF] StoryName: All For You
2026-07-20 15:03:07.906 -07:00 [INF] Chapter name: Chapter 00
2026-07-20 15:03:07.913 -07:00 [INF] Processing file: data\afy\All For You Chapter 01, a harry potter fanfic _ FanFiction.html
2026-07-20 15:03:07.915 -07:00 [INF] StoryName: All For You
2026-07-20 15:03:07.916 -07:00 [INF] Chapter name: Chapter 01
2026-07-20 15:03:07.920 -07:00 [INF] Processing file: data\afy\All For You Chapter 02, a harry potter fanfic _ FanFiction.html
2026-07-20 15:03:07.923 -07:00 [INF] StoryName: All For You
2026-07-20 15:03:07.923 -07:00 [INF] Chapter name: Chapter 02
2026-07-20 15:03:07.924 -07:00 [INF] Processing file: data\afy\All For You Chapter 03, a harry potter fanfic _ FanFiction.html
2026-07-20 15:03:07.927 -07:00 [INF] StoryName: All For You
2026-07-20 15:03:07.927 -07:00 [INF] Chapter name: Chapter 03
2026-07-20 15:03:07.928 -07:00 [INF] Processing file: data\afy\All For You Chapter 04, a harry potter fanfic _ FanFiction.html
2026-07-20 15:03:07.931 -07:00 [INF] StoryName: All For You
2026-07-20 15:03:07.931 -07:00 [INF] Chapter name: Chapter 04
2026-07-20 15:03:07.932 -07:00 [INF] Processing file: data\afy\All For You Chapter 05, a harry potter fanfic _ FanFiction.html
2026-07-20 15:03:07.934 -07:00 [INF] StoryName: All For You
2026-07-20 15:03:07.934 -07:00 [INF] Chapter name: Chapter 05
2026-07-20 15:03:07.969 -07:00 [INF] Processing file: data\afy\All For You Chapter 06, a harry potter fanfic _ FanFiction.html
2026-07-20 15:03:07.971 -07:00 [INF] StoryName: All For You
2026-07-20 15:03:07.971 -07:00 [INF] Chapter name: Chapter 06
2026-07-20 15:03:07.972 -07:00 [INF] Processing file: data\afy\All For You Chapter 07, a harry potter fanfic _ FanFiction.html
2026-07-20 15:03:07.973 -07:00 [INF] StoryName: All For You
2026-07-20 15:03:07.973 -07:00 [INF] Chapter name: Chapter 07
2026-07-20 15:03:07.974 -07:00 [INF] Processing file: data\afy\All For You Chapter 08, a harry potter fanfic _ FanFiction.html
2026-07-20 15:03:07.975 -07:00 [INF] StoryName: All For You
2026-07-20 15:03:07.975 -07:00 [INF] Chapter name: Chapter 08
2026-07-20 15:03:07.976 -07:00 [INF] Processing file: data\afy\All For You Chapter 09, a harry potter fanfic _ FanFiction.html
2026-07-20 15:03:07.977 -07:00 [INF] StoryName: All For You
2026-07-20 15:03:07.977 -07:00 [INF] Chapter name: Chapter 09
2026-07-20 15:03:07.978 -07:00 [INF] Processing file: data\afy\All For You Chapter 10, a harry potter fanfic _ FanFiction.html
2026-07-20 15:03:07.979 -07:00 [INF] StoryName: All For You
2026-07-20 15:03:07.979 -07:00 [INF] Chapter name: Chapter 10
2026-07-20 15:03:07.980 -07:00 [INF] Processing file: data\afy\All For You Chapter 11, a harry potter fanfic _ FanFiction.html
2026-07-20 15:03:07.981 -07:00 [INF] StoryName: All For You
2026-07-20 15:03:07.981 -07:00 [INF] Chapter name: Chapter 11
2026-07-20 15:03:07.982 -07:00 [INF] Processing file: data\afy\All For You Chapter 12, a harry potter fanfic _ FanFiction.html
2026-07-20 15:03:07.984 -07:00 [INF] StoryName: All For You
2026-07-20 15:03:07.984 -07:00 [INF] Chapter name: Chapter 12
2026-07-20 15:03:07.984 -07:00 [INF] Processing file: data\afy\All For You Chapter 13, a harry potter fanfic _ FanFiction.html
2026-07-20 15:03:07.989 -07:00 [INF] StoryName: All For You
2026-07-20 15:03:07.989 -07:00 [INF] Chapter name: Chapter 13
2026-07-20 15:03:07.989 -07:00 [INF] Processing file: data\afy\All For You Chapter 14, a harry potter fanfic _ FanFiction.html
2026-07-20 15:03:07.991 -07:00 [INF] StoryName: All For You
2026-07-20 15:03:07.991 -07:00 [INF] Chapter name: Chapter 14
2026-07-20 15:03:07.991 -07:00 [INF] Processing file: data\afy\All For You Chapter 15, a harry potter fanfic _ FanFiction.html
2026-07-20 15:03:07.993 -07:00 [INF] StoryName: All For You
2026-07-20 15:03:07.993 -07:00 [INF] Chapter name: Chapter 15
2026-07-20 15:03:07.994 -07:00 [INF] Processing file: data\afy\All For You Chapter 16, a harry potter fanfic _ FanFiction.html
2026-07-20 15:03:07.995 -07:00 [INF] StoryName: All For You
2026-07-20 15:03:07.995 -07:00 [INF] Chapter name: Chapter 16
2026-07-20 15:03:07.996 -07:00 [INF] Processing file: data\afy\All For You Chapter 17, a harry potter fanfic _ FanFiction.html
2026-07-20 15:03:07.997 -07:00 [INF] StoryName: All For You
2026-07-20 15:03:07.997 -07:00 [INF] Chapter name: Chapter 17
2026-07-20 15:03:07.998 -07:00 [INF] Processing file: data\afy\All For You Chapter 18, a harry potter fanfic _ FanFiction.html
2026-07-20 15:03:08.000 -07:00 [INF] StoryName: All For You
2026-07-20 15:03:08.000 -07:00 [INF] Chapter name: Chapter 18
2026-07-20 15:03:08.001 -07:00 [INF] Processing file: data\afy\All For You Chapter 19, a harry potter fanfic _ FanFiction.html
2026-07-20 15:03:08.006 -07:00 [INF] StoryName: All For You
2026-07-20 15:03:08.006 -07:00 [INF] Chapter name: Chapter 19
2026-07-20 15:03:08.006 -07:00 [INF] Processing file: data\afy\All For You Chapter 20, a harry potter fanfic _ FanFiction.html
2026-07-20 15:03:08.008 -07:00 [INF] StoryName: All For You
2026-07-20 15:03:08.008 -07:00 [INF] Chapter name: Chapter 20
2026-07-20 15:03:08.008 -07:00 [INF] Processing file: data\afy\All For You Chapter 21 a harry potter fanfic _ FanFiction.html
2026-07-20 15:03:08.010 -07:00 [INF] StoryName: All For You
2026-07-20 15:03:08.010 -07:00 [INF] Chapter name: Chapter Chapter Twenty
2026-07-20 15:03:08.010 -07:00 [INF] Processing file: data\afy\All For You Chapter 22 a harry potter fanfic _ FanFiction.html
2026-07-20 15:03:08.012 -07:00 [INF] StoryName: All For You
2026-07-20 15:03:08.012 -07:00 [INF] Chapter name: Chapter Chapter Twenty
2026-07-20 15:03:08.013 -07:00 [INF] Processing file: data\afy\All For You Chapter 23 a harry potter fanfic _ FanFiction.html
2026-07-20 15:03:08.015 -07:00 [INF] StoryName: All For You
2026-07-20 15:03:08.015 -07:00 [INF] Chapter name: Chapter Chapter Twenty
2026-07-20 15:03:08.015 -07:00 [INF] Processing file: data\afy\All For You Chapter 24 a harry potter fanfic _ FanFiction.html
2026-07-20 15:03:08.017 -07:00 [INF] StoryName: All For You
2026-07-20 15:03:08.017 -07:00 [INF] Chapter name: Chapter Chapter Twenty
2026-07-20 15:03:08.018 -07:00 [INF] Processing file: data\afy\All For You Chapter 25 a harry potter fanfic _ FanFiction.html
2026-07-20 15:03:08.019 -07:00 [INF] StoryName: All For You
2026-07-20 15:03:08.020 -07:00 [INF] Chapter name: Chapter Chapter Twenty
2026-07-20 15:03:08.020 -07:00 [INF] Processing file: data\afy\All For You Chapter 26 a harry potter fanfic _ FanFiction.html
2026-07-20 15:03:08.024 -07:00 [INF] StoryName: All For You
2026-07-20 15:03:08.024 -07:00 [INF] Chapter name: Chapter Chapter Twenty
2026-07-20 15:03:08.025 -07:00 [INF] Processing file: data\afy\All For You Chapter 27 a harry potter fanfic _ FanFiction.html
2026-07-20 15:03:08.026 -07:00 [INF] StoryName: All For You
2026-07-20 15:03:08.026 -07:00 [INF] Chapter name: Chapter Chapter Twenty
2026-07-20 15:03:08.027 -07:00 [INF] Processing file: data\afy\All For You Chapter 28 a harry potter fanfic _ FanFiction.html
2026-07-20 15:03:08.028 -07:00 [INF] StoryName: All For You
2026-07-20 15:03:08.028 -07:00 [INF] Chapter name: Chapter Chapter Twenty
2026-07-20 15:03:08.029 -07:00 [INF] Processing file: data\afy\All For You Chapter 29 a harry potter fanfic _ FanFiction.html
2026-07-20 15:03:08.030 -07:00 [INF] StoryName: All For You
2026-07-20 15:03:08.030 -07:00 [INF] Chapter name: Chapter Chapter Twenty
2026-07-20 15:03:08.031 -07:00 [INF] Processing file: data\afy\All For You Chapter 30, a harry potter fanfic _ FanFiction.html
2026-07-20 15:03:08.032 -07:00 [INF] StoryName: All For You
2026-07-20 15:03:08.032 -07:00 [INF] Chapter name: Chapter 30
2026-07-20 15:03:08.033 -07:00 [INF] Processing file: data\afy\All For You Chapter 31 a harry potter fanfic _ FanFiction.html
2026-07-20 15:03:08.035 -07:00 [INF] StoryName: All For You
2026-07-20 15:03:08.035 -07:00 [INF] Chapter name: Chapter Chapter Thirty
2026-07-20 15:03:08.036 -07:00 [INF] Processing file: data\afy\All For You Chapter 32 a harry potter fanfic _ FanFiction.html
2026-07-20 15:03:08.037 -07:00 [INF] StoryName: All For You
2026-07-20 15:03:08.037 -07:00 [INF] Chapter name: Chapter Chapter Thirty
2026-07-20 15:03:08.038 -07:00 [INF] Processing file: data\afy\All For You Chapter 33 a harry potter fanfic _ FanFiction.html
2026-07-20 15:03:08.042 -07:00 [INF] StoryName: All For You
2026-07-20 15:03:08.042 -07:00 [INF] Chapter name: Chapter Chapter Thirty
2026-07-20 15:03:08.042 -07:00 [INF] Processing file: data\afy\All For You Chapter 34 a harry potter fanfic _ FanFiction.html
2026-07-20 15:03:08.044 -07:00 [INF] StoryName: All For You
2026-07-20 15:03:08.044 -07:00 [INF] Chapter name: Chapter Chapter Thirty
2026-07-20 15:03:08.044 -07:00 [INF] Processing file: data\afy\All For You Chapter 35 a harry potter fanfic _ FanFiction.html
2026-07-20 15:03:08.046 -07:00 [INF] StoryName: All For You
2026-07-20 15:03:08.046 -07:00 [INF] Chapter name: Chapter Chapter Thirty
2026-07-20 15:03:08.046 -07:00 [INF] Processing file: data\afy\All For You Chapter 36 a harry potter fanfic _ FanFiction.html
2026-07-20 15:03:08.048 -07:00 [INF] StoryName: All For You
2026-07-20 15:03:08.049 -07:00 [INF] Chapter name: Chapter Chapter Thirty
2026-07-20 15:03:08.050 -07:00 [INF] Processing file: data\afy\All For You Chapter 37 a harry potter fanfic _ FanFiction.html
2026-07-20 15:03:08.052 -07:00 [INF] StoryName: All For You
2026-07-20 15:03:08.052 -07:00 [INF] Chapter name: Chapter Chapter Thirty
2026-07-20 15:03:08.052 -07:00 [INF] Processing file: data\afy\All For You Chapter 38 a harry potter fanfic _ FanFiction.html
2026-07-20 15:03:08.060 -07:00 [INF] StoryName: All For You
2026-07-20 15:03:08.060 -07:00 [INF] Chapter name: Chapter Chapter Thirty
2026-07-20 15:03:08.060 -07:00 [INF] Processing file: data\afy\All For You Chapter 39 a harry potter fanfic _ FanFiction.html
2026-07-20 15:03:08.062 -07:00 [INF] StoryName: All For You
2026-07-20 15:03:08.062 -07:00 [INF] Chapter name: Chapter Chapter Thirty
2026-07-20 15:03:08.063 -07:00 [INF] Processing file: data\afy\All For You Chapter 40, a harry potter fanfic _ FanFiction.html
2026-07-20 15:03:08.065 -07:00 [INF] StoryName: All For You
2026-07-20 15:03:08.065 -07:00 [INF] Chapter name: Chapter 40
2026-07-20 15:03:08.066 -07:00 [INF] Processing file: data\afy\All For You Chapter 41 a harry potter fanfic _ FanFiction.html
2026-07-20 15:03:08.067 -07:00 [INF] StoryName: All For You
2026-07-20 15:03:08.067 -07:00 [INF] Chapter name: Chapter Chapter Forty
2026-07-20 15:03:08.068 -07:00 [INF] Processing file: data\afy\All For You Chapter 42 a harry potter fanfic _ FanFiction.html
2026-07-20 15:03:08.070 -07:00 [INF] StoryName: All For You
2026-07-20 15:03:08.070 -07:00 [INF] Chapter name: Chapter Chapter Forty
2026-07-20 15:03:08.070 -07:00 [INF] Processing file: data\afy\All For You Chapter 43 a harry potter fanfic _ FanFiction.html
2026-07-20 15:03:08.072 -07:00 [INF] StoryName: All For You
2026-07-20 15:03:08.072 -07:00 [INF] Chapter name: Chapter Chapter Forty
2026-07-20 15:03:08.072 -07:00 [INF] Processing file: data\afy\All For You Chapter 44 a harry potter fanfic _ FanFiction.html
2026-07-20 15:03:08.074 -07:00 [INF] StoryName: All For You
2026-07-20 15:03:08.074 -07:00 [INF] Chapter name: Chapter Chapter Forty
2026-07-20 15:03:08.074 -07:00 [INF] Processing file: data\afy\All For You Chapter 45 a harry potter fanfic _ FanFiction.html
2026-07-20 15:03:08.080 -07:00 [INF] StoryName: All For You
2026-07-20 15:03:08.080 -07:00 [INF] Chapter name: Chapter Chapter Forty
2026-07-20 15:03:08.080 -07:00 [INF] Processing file: data\afy\All For You Chapter 46 a harry potter fanfic _ FanFiction.html
2026-07-20 15:03:08.083 -07:00 [INF] StoryName: All For You
2026-07-20 15:03:08.083 -07:00 [INF] Chapter name: Chapter Chapter Forty
2026-07-20 15:03:08.083 -07:00 [INF] Processing file: data\afy\All For You Chapter 47 a harry potter fanfic _ FanFiction.html
2026-07-20 15:03:08.085 -07:00 [INF] StoryName: All For You
2026-07-20 15:03:08.085 -07:00 [INF] Chapter name: Chapter Chapter Forty
2026-07-20 15:03:08.086 -07:00 [INF] Processing file: data\afy\All For You Chapter 48 a harry potter fanfic _ FanFiction.html
2026-07-20 15:03:08.087 -07:00 [INF] StoryName: All For You
2026-07-20 15:03:08.087 -07:00 [INF] Chapter name: Chapter Chapter Forty
2026-07-20 15:03:08.088 -07:00 [INF] Processing file: data\afy\All For You Chapter 49 a harry potter fanfic _ FanFiction.html
2026-07-20 15:03:08.090 -07:00 [INF] StoryName: All For You
2026-07-20 15:03:08.090 -07:00 [INF] Chapter name: Chapter Chapter Forty
2026-07-20 15:03:08.090 -07:00 [INF] Processing file: data\afy\All For You Chapter 50, a harry potter fanfic _ FanFiction.html
2026-07-20 15:03:08.092 -07:00 [INF] StoryName: All For You
2026-07-20 15:03:08.092 -07:00 [INF] Chapter name: Chapter 50
2026-07-20 15:03:08.092 -07:00 [INF] Processing file: data\afy\All For You Chapter 52 a harry potter fanfic _ FanFiction.html
2026-07-20 15:03:08.094 -07:00 [INF] StoryName: All For You
2026-07-20 15:03:08.094 -07:00 [INF] Chapter name: Chapter Chapter Fifty
2026-07-20 15:03:08.095 -07:00 [INF] Processing file: data\afy\All For You Chapter 53 a harry potter fanfic _ FanFiction.html
2026-07-20 15:03:08.101 -07:00 [INF] StoryName: All For You
2026-07-20 15:03:08.101 -07:00 [INF] Chapter name: Chapter Chapter Fifty
2026-07-20 15:03:08.101 -07:00 [INF] Processing file: data\afy\All For You Chapter 54 a harry potter fanfic _ FanFiction.html
2026-07-20 15:03:08.103 -07:00 [INF] StoryName: All For You
2026-07-20 15:03:08.103 -07:00 [INF] Chapter name: Chapter Chapter Fifty
2026-07-20 15:03:08.103 -07:00 [INF] Processing file: data\afy\All For You Chapter 55 a harry potter fanfic _ FanFiction.html
2026-07-20 15:03:08.105 -07:00 [INF] StoryName: All For You
2026-07-20 15:03:08.105 -07:00 [INF] Chapter name: Chapter Chapter Fifty
2026-07-20 15:03:08.106 -07:00 [INF] Processing file: data\afy\All For You Chapter 56 a harry potter fanfic _ FanFiction.html
2026-07-20 15:03:08.107 -07:00 [INF] StoryName: All For You
2026-07-20 15:03:08.107 -07:00 [INF] Chapter name: Chapter Chapter Fifty
2026-07-20 15:03:08.108 -07:00 [INF] Processing file: data\afy\All For You Chapter 57 a harry potter fanfic _ FanFiction.html
2026-07-20 15:03:08.109 -07:00 [INF] StoryName: All For You
2026-07-20 15:03:08.109 -07:00 [INF] Chapter name: Chapter Chapter Fifty
2026-07-20 15:03:08.110 -07:00 [INF] Processing file: data\afy\All For You Chapter 58 a harry potter fanfic _ FanFiction.html
2026-07-20 15:03:08.112 -07:00 [INF] StoryName: All For You
2026-07-20 15:03:08.112 -07:00 [INF] Chapter name: Chapter Chapter Fifty
2026-07-20 15:03:08.112 -07:00 [INF] Processing file: data\afy\All For You Chapter 59 a harry potter fanfic _ FanFiction.html
2026-07-20 15:03:08.126 -07:00 [INF] StoryName: All For You
2026-07-20 15:03:08.126 -07:00 [INF] Chapter name: Chapter Chapter Fifty
2026-07-20 15:03:08.127 -07:00 [INF] Processing file: data\afy\All For You Chapter 60, a harry potter fanfic _ FanFiction.html
2026-07-20 15:03:08.130 -07:00 [INF] StoryName: All For You
2026-07-20 15:03:08.130 -07:00 [INF] Chapter name: Chapter 60
2026-07-20 15:03:08.131 -07:00 [INF] Processing file: data\afy\All For You Chapter 61 a harry potter fanfic _ FanFiction.html
2026-07-20 15:03:08.132 -07:00 [INF] StoryName: All For You
2026-07-20 15:03:08.132 -07:00 [INF] Chapter name: Chapter Chapter Sixty
2026-07-20 15:03:08.133 -07:00 [INF] Processing file: data\afy\All For You Chapter 62 a harry potter fanfic _ FanFiction.html
2026-07-20 15:03:08.134 -07:00 [INF] StoryName: All For You
2026-07-20 15:03:08.134 -07:00 [INF] Chapter name: Chapter Chapter Sixty
2026-07-20 15:03:08.135 -07:00 [INF] Processing file: data\afy\All For You Chapter 64_ Epilogue, a harry potter fanfic _ FanFiction.html
2026-07-20 15:03:08.136 -07:00 [INF] StoryName: All For You
2026-07-20 15:03:08.136 -07:00 [INF] Chapter name: Chapter 64
