2026-07-20 15:15:39.869 -07:00 [INF] Processing from non-rooted source path: afy
2026-07-20 15:15:39.960 -07:00 [INF] Processing file: data\afy\All For You Chapter 00_ Prologue, a harry potter fanfic _ FanFiction.html
2026-07-20 15:15:40.006 -07:00 [INF] StoryName: All For You
2026-07-20 15:15:45.636 -07:00 [INF] Chapter name: Chapter 00
2026-07-20 15:15:45.684 -07:00 [INF] Processing file: data\afy\All For You Chapter 01, a harry potter fanfic _ FanFiction.html
2026-07-20 15:15:45.687 -07:00 [INF] StoryName: All For You
2026-07-20 15:15:45.688 -07:00 [INF] Chapter name: Chapter 01
2026-07-20 15:15:45.691 -07:00 [INF] Processing file: data\afy\All For You Chapter 02, a harry potter fanfic _ FanFiction.html
2026-07-20 15:15:45.693 -07:00 [INF] StoryName: All For You
2026-07-20 15:15:45.694 -07:00 [INF] Chapter name: Chapter 02
2026-07-20 15:15:45.694 -07:00 [INF] Processing file: data\afy\All For You Chapter 03, a harry potter fanfic _ FanFiction.html
2026-07-20 15:15:45.697 -07:00 [INF] StoryName: All For You
2026-07-20 15:15:45.697 -07:00 [INF] Chapter name: Chapter 03
2026-07-20 15:15:45.698 -07:00 [INF] Processing file: data\afy\All For You Chapter 04, a harry potter fanfic _ FanFiction.html
2026-07-20 15:15:45.710 -07:00 [INF] StoryName: All For You
2026-07-20 15:15:45.710 -07:00 [INF] Chapter name: Chapter 04
2026-07-20 15:15:45.712 -07:00 [INF] Processing file: data\afy\All For You Chapter 05, a harry potter fanfic _ FanFiction.html
2026-07-20 15:15:45.750 -07:00 [INF] StoryName: All For You
2026-07-20 15:15:45.750 -07:00 [INF] Chapter name: Chapter 05
2026-07-20 15:15:45.751 -07:00 [INF] Processing file: data\afy\All For You Chapter 06, a harry potter fanfic _ FanFiction.html
2026-07-20 15:15:45.754 -07:00 [INF] StoryName: All For You
2026-07-20 15:15:45.754 -07:00 [INF] Chapter name: Chapter 06
2026-07-20 15:15:45.754 -07:00 [INF] Processing file: data\afy\All For You Chapter 07, a harry potter fanfic _ FanFiction.html
2026-07-20 15:15:45.757 -07:00 [INF] StoryName: All For You
2026-07-20 15:15:45.757 -07:00 [INF] Chapter name: Chapter 07
2026-07-20 15:15:45.757 -07:00 [INF] Processing file: data\afy\All For You Chapter 08, a harry potter fanfic _ FanFiction.html
2026-07-20 15:15:45.760 -07:00 [INF] StoryName: All For You
2026-07-20 15:15:45.760 -07:00 [INF] Chapter name: Chapter 08
2026-07-20 15:15:45.760 -07:00 [INF] Processing file: data\afy\All For You Chapter 09, a harry potter fanfic _ FanFiction.html
2026-07-20 15:15:45.762 -07:00 [INF] StoryName: All For You
2026-07-20 15:15:45.762 -07:00 [INF] Chapter name: Chapter 09
2026-07-20 15:15:45.763 -07:00 [INF] Processing file: data\afy\All For You Chapter 10, a harry potter fanfic _ FanFiction.html
2026-07-20 15:15:45.767 -07:00 [INF] StoryName: All For You
2026-07-20 15:15:45.767 -07:00 [INF] Chapter name: Chapter 10
2026-07-20 15:15:45.769 -07:00 [INF] Processing file: data\afy\All For You Chapter 11, a harry potter fanfic _ FanFiction.html
2026-07-20 15:15:45.773 -07:00 [INF] StoryName: All For You
2026-07-20 15:15:45.773 -07:00 [INF] Chapter name: Chapter 11
2026-07-20 15:15:45.775 -07:00 [INF] Processing file: data\afy\All For You Chapter 12, a harry potter fanfic _ FanFiction.html
2026-07-20 15:15:45.779 -07:00 [INF] StoryName: All For You
2026-07-20 15:15:45.779 -07:00 [INF] Chapter name: Chapter 12
2026-07-20 15:15:45.781 -07:00 [INF] Processing file: data\afy\All For You Chapter 13, a harry potter fanfic _ FanFiction.html
2026-07-20 15:15:45.791 -07:00 [INF] StoryName: All For You
2026-07-20 15:15:45.791 -07:00 [INF] Chapter name: Chapter 13
2026-07-20 15:15:45.793 -07:00 [INF] Processing file: data\afy\All For You Chapter 14, a harry potter fanfic _ FanFiction.html
2026-07-20 15:15:45.799 -07:00 [INF] StoryName: All For You
2026-07-20 15:15:45.799 -07:00 [INF] Chapter name: Chapter 14
2026-07-20 15:15:45.801 -07:00 [INF] Processing file: data\afy\All For You Chapter 15, a harry potter fanfic _ FanFiction.html
2026-07-20 15:15:45.806 -07:00 [INF] StoryName: All For You
2026-07-20 15:15:45.806 -07:00 [INF] Chapter name: Chapter 15
2026-07-20 15:15:45.808 -07:00 [INF] Processing file: data\afy\All For You Chapter 16, a harry potter fanfic _ FanFiction.html
2026-07-20 15:15:45.813 -07:00 [INF] StoryName: All For You
2026-07-20 15:15:45.813 -07:00 [INF] Chapter name: Chapter 16
2026-07-20 15:15:45.814 -07:00 [INF] Processing file: data\afy\All For You Chapter 17, a harry potter fanfic _ FanFiction.html
2026-07-20 15:15:45.823 -07:00 [INF] StoryName: All For You
2026-07-20 15:15:45.824 -07:00 [INF] Chapter name: Chapter 17
2026-07-20 15:15:45.825 -07:00 [INF] Processing file: data\afy\All For You Chapter 18, a harry potter fanfic _ FanFiction.html
2026-07-20 15:15:45.831 -07:00 [INF] StoryName: All For You
2026-07-20 15:15:45.831 -07:00 [INF] Chapter name: Chapter 18
2026-07-20 15:15:45.833 -07:00 [INF] Processing file: data\afy\All For You Chapter 19, a harry potter fanfic _ FanFiction.html
2026-07-20 15:15:45.844 -07:00 [INF] StoryName: All For You
2026-07-20 15:15:45.844 -07:00 [INF] Chapter name: Chapter 19
2026-07-20 15:15:45.846 -07:00 [INF] Processing file: data\afy\All For You Chapter 20, a harry potter fanfic _ FanFiction.html
2026-07-20 15:15:45.851 -07:00 [INF] StoryName: All For You
2026-07-20 15:15:45.851 -07:00 [INF] Chapter name: Chapter 20
2026-07-20 15:15:45.853 -07:00 [INF] Processing file: data\afy\All For You Chapter 21 a harry potter fanfic _ FanFiction.html
2026-07-20 15:15:45.858 -07:00 [INF] StoryName: All For You
2026-07-20 15:15:45.858 -07:00 [INF] Chapter name: Chapter Chapter Twenty
2026-07-20 15:15:45.860 -07:00 [INF] Processing file: data\afy\All For You Chapter 22 a harry potter fanfic _ FanFiction.html
2026-07-20 15:15:45.867 -07:00 [INF] StoryName: All For You
2026-07-20 15:15:45.867 -07:00 [INF] Chapter name: Chapter Chapter Twenty
2026-07-20 15:15:45.871 -07:00 [INF] Processing file: data\afy\All For You Chapter 23 a harry potter fanfic _ FanFiction.html
2026-07-20 15:15:45.875 -07:00 [INF] StoryName: All For You
2026-07-20 15:15:45.876 -07:00 [INF] Chapter name: Chapter Chapter Twenty
2026-07-20 15:15:45.877 -07:00 [INF] Processing file: data\afy\All For You Chapter 24 a harry potter fanfic _ FanFiction.html
2026-07-20 15:15:45.882 -07:00 [INF] StoryName: All For You
2026-07-20 15:15:45.882 -07:00 [INF] Chapter name: Chapter Chapter Twenty
2026-07-20 15:15:45.884 -07:00 [INF] Processing file: data\afy\All For You Chapter 25 a harry potter fanfic _ FanFiction.html
2026-07-20 15:15:45.889 -07:00 [INF] StoryName: All For You
2026-07-20 15:15:45.889 -07:00 [INF] Chapter name: Chapter Chapter Twenty
2026-07-20 15:15:45.891 -07:00 [INF] Processing file: data\afy\All For You Chapter 26 a harry potter fanfic _ FanFiction.html
2026-07-20 15:15:45.901 -07:00 [INF] StoryName: All For You
2026-07-20 15:15:45.901 -07:00 [INF] Chapter name: Chapter Chapter Twenty
2026-07-20 15:15:45.903 -07:00 [INF] Processing file: data\afy\All For You Chapter 27 a harry potter fanfic _ FanFiction.html
2026-07-20 15:15:45.907 -07:00 [INF] StoryName: All For You
2026-07-20 15:15:45.907 -07:00 [INF] Chapter name: Chapter Chapter Twenty
2026-07-20 15:15:45.909 -07:00 [INF] Processing file: data\afy\All For You Chapter 28 a harry potter fanfic _ FanFiction.html
2026-07-20 15:15:45.913 -07:00 [INF] StoryName: All For You
2026-07-20 15:15:45.913 -07:00 [INF] Chapter name: Chapter Chapter Twenty
2026-07-20 15:15:45.915 -07:00 [INF] Processing file: data\afy\All For You Chapter 29 a harry potter fanfic _ FanFiction.html
2026-07-20 15:15:45.920 -07:00 [INF] StoryName: All For You
2026-07-20 15:15:45.920 -07:00 [INF] Chapter name: Chapter Chapter Twenty
2026-07-20 15:15:45.922 -07:00 [INF] Processing file: data\afy\All For You Chapter 30, a harry potter fanfic _ FanFiction.html
2026-07-20 15:15:45.927 -07:00 [INF] StoryName: All For You
2026-07-20 15:15:45.927 -07:00 [INF] Chapter name: Chapter 30
2026-07-20 15:15:45.929 -07:00 [INF] Processing file: data\afy\All For You Chapter 31 a harry potter fanfic _ FanFiction.html
2026-07-20 15:15:45.934 -07:00 [INF] StoryName: All For You
2026-07-20 15:15:45.934 -07:00 [INF] Chapter name: Chapter Chapter Thirty
2026-07-20 15:15:45.936 -07:00 [INF] Processing file: data\afy\All For You Chapter 32 a harry potter fanfic _ FanFiction.html
2026-07-20 15:15:45.941 -07:00 [INF] StoryName: All For You
2026-07-20 15:15:45.941 -07:00 [INF] Chapter name: Chapter Chapter Thirty
2026-07-20 15:15:45.943 -07:00 [INF] Processing file: data\afy\All For You Chapter 33 a harry potter fanfic _ FanFiction.html
2026-07-20 15:15:45.952 -07:00 [INF] StoryName: All For You
2026-07-20 15:15:45.952 -07:00 [INF] Chapter name: Chapter Chapter Thirty
2026-07-20 15:15:45.954 -07:00 [INF] Processing file: data\afy\All For You Chapter 34 a harry potter fanfic _ FanFiction.html
2026-07-20 15:15:45.959 -07:00 [INF] StoryName: All For You
2026-07-20 15:15:45.959 -07:00 [INF] Chapter name: Chapter Chapter Thirty
2026-07-20 15:15:45.961 -07:00 [INF] Processing file: data\afy\All For You Chapter 35 a harry potter fanfic _ FanFiction.html
2026-07-20 15:15:45.965 -07:00 [INF] StoryName: All For You
2026-07-20 15:15:45.966 -07:00 [INF] Chapter name: Chapter Chapter Thirty
2026-07-20 15:15:45.967 -07:00 [INF] Processing file: data\afy\All For You Chapter 36 a harry potter fanfic _ FanFiction.html
2026-07-20 15:15:45.972 -07:00 [INF] StoryName: All For You
2026-07-20 15:15:45.972 -07:00 [INF] Chapter name: Chapter Chapter Thirty
2026-07-20 15:15:45.974 -07:00 [INF] Processing file: data\afy\All For You Chapter 37 a harry potter fanfic _ FanFiction.html
2026-07-20 15:15:45.978 -07:00 [INF] StoryName: All For You
2026-07-20 15:15:45.978 -07:00 [INF] Chapter name: Chapter Chapter Thirty
2026-07-20 15:15:45.980 -07:00 [INF] Processing file: data\afy\All For You Chapter 38 a harry potter fanfic _ FanFiction.html
2026-07-20 15:15:45.991 -07:00 [INF] StoryName: All For You
2026-07-20 15:15:45.991 -07:00 [INF] Chapter name: Chapter Chapter Thirty
2026-07-20 15:15:45.993 -07:00 [INF] Processing file: data\afy\All For You Chapter 39 a harry potter fanfic _ FanFiction.html
2026-07-20 15:15:45.997 -07:00 [INF] StoryName: All For You
2026-07-20 15:15:45.997 -07:00 [INF] Chapter name: Chapter Chapter Thirty
2026-07-20 15:15:45.999 -07:00 [INF] Processing file: data\afy\All For You Chapter 40, a harry potter fanfic _ FanFiction.html
2026-07-20 15:15:46.003 -07:00 [INF] StoryName: All For You
2026-07-20 15:15:46.003 -07:00 [INF] Chapter name: Chapter 40
2026-07-20 15:15:46.004 -07:00 [INF] Processing file: data\afy\All For You Chapter 41 a harry potter fanfic _ FanFiction.html
2026-07-20 15:15:46.009 -07:00 [INF] StoryName: All For You
2026-07-20 15:15:46.009 -07:00 [INF] Chapter name: Chapter Chapter Forty
2026-07-20 15:15:46.010 -07:00 [INF] Processing file: data\afy\All For You Chapter 42 a harry potter fanfic _ FanFiction.html
2026-07-20 15:15:46.014 -07:00 [INF] StoryName: All For You
2026-07-20 15:15:46.015 -07:00 [INF] Chapter name: Chapter Chapter Forty
2026-07-20 15:15:46.016 -07:00 [INF] Processing file: data\afy\All For You Chapter 43 a harry potter fanfic _ FanFiction.html
2026-07-20 15:15:46.021 -07:00 [INF] StoryName: All For You
2026-07-20 15:15:46.021 -07:00 [INF] Chapter name: Chapter Chapter Forty
2026-07-20 15:15:46.022 -07:00 [INF] Processing file: data\afy\All For You Chapter 44 a harry potter fanfic _ FanFiction.html
2026-07-20 15:15:46.027 -07:00 [INF] StoryName: All For You
2026-07-20 15:15:46.027 -07:00 [INF] Chapter name: Chapter Chapter Forty
2026-07-20 15:15:46.028 -07:00 [INF] Processing file: data\afy\All For You Chapter 45 a harry potter fanfic _ FanFiction.html
2026-07-20 15:15:46.038 -07:00 [INF] StoryName: All For You
2026-07-20 15:15:46.038 -07:00 [INF] Chapter name: Chapter Chapter Forty
2026-07-20 15:15:46.040 -07:00 [INF] Processing file: data\afy\All For You Chapter 46 a harry potter fanfic _ FanFiction.html
2026-07-20 15:15:46.044 -07:00 [INF] StoryName: All For You
2026-07-20 15:15:46.044 -07:00 [INF] Chapter name: Chapter Chapter Forty
2026-07-20 15:15:46.045 -07:00 [INF] Processing file: data\afy\All For You Chapter 47 a harry potter fanfic _ FanFiction.html
2026-07-20 15:15:46.050 -07:00 [INF] StoryName: All For You
2026-07-20 15:15:46.050 -07:00 [INF] Chapter name: Chapter Chapter Forty
2026-07-20 15:15:46.052 -07:00 [INF] Processing file: data\afy\All For You Chapter 48 a harry potter fanfic _ FanFiction.html
2026-07-20 15:15:46.056 -07:00 [INF] StoryName: All For You
2026-07-20 15:15:46.056 -07:00 [INF] Chapter name: Chapter Chapter Forty
2026-07-20 15:15:46.058 -07:00 [INF] Processing file: data\afy\All For You Chapter 49 a harry potter fanfic _ FanFiction.html
2026-07-20 15:15:46.062 -07:00 [INF] StoryName: All For You
2026-07-20 15:15:46.062 -07:00 [INF] Chapter name: Chapter Chapter Forty
2026-07-20 15:15:46.064 -07:00 [INF] Processing file: data\afy\All For You Chapter 50, a harry potter fanfic _ FanFiction.html
2026-07-20 15:15:46.068 -07:00 [INF] StoryName: All For You
2026-07-20 15:15:46.069 -07:00 [INF] Chapter name: Chapter 50
2026-07-20 15:15:46.070 -07:00 [INF] Processing file: data\afy\All For You Chapter 52 a harry potter fanfic _ FanFiction.html
2026-07-20 15:15:46.074 -07:00 [INF] StoryName: All For You
2026-07-20 15:15:46.075 -07:00 [INF] Chapter name: Chapter Chapter Fifty
2026-07-20 15:15:46.076 -07:00 [INF] Processing file: data\afy\All For You Chapter 53 a harry potter fanfic _ FanFiction.html
2026-07-20 15:15:46.086 -07:00 [INF] StoryName: All For You
2026-07-20 15:15:46.086 -07:00 [INF] Chapter name: Chapter Chapter Fifty
2026-07-20 15:15:46.088 -07:00 [INF] Processing file: data\afy\All For You Chapter 54 a harry potter fanfic _ FanFiction.html
2026-07-20 15:15:46.092 -07:00 [INF] StoryName: All For You
2026-07-20 15:15:46.092 -07:00 [INF] Chapter name: Chapter Chapter Fifty
2026-07-20 15:15:46.094 -07:00 [INF] Processing file: data\afy\All For You Chapter 55 a harry potter fanfic _ FanFiction.html
2026-07-20 15:15:46.099 -07:00 [INF] StoryName: All For You
2026-07-20 15:15:46.099 -07:00 [INF] Chapter name: Chapter Chapter Fifty
2026-07-20 15:15:46.100 -07:00 [INF] Processing file: data\afy\All For You Chapter 56 a harry potter fanfic _ FanFiction.html
2026-07-20 15:15:46.105 -07:00 [INF] StoryName: All For You
2026-07-20 15:15:46.105 -07:00 [INF] Chapter name: Chapter Chapter Fifty
2026-07-20 15:15:46.107 -07:00 [INF] Processing file: data\afy\All For You Chapter 57 a harry potter fanfic _ FanFiction.html
2026-07-20 15:15:46.111 -07:00 [INF] StoryName: All For You
2026-07-20 15:15:46.111 -07:00 [INF] Chapter name: Chapter Chapter Fifty
2026-07-20 15:15:46.113 -07:00 [INF] Processing file: data\afy\All For You Chapter 58 a harry potter fanfic _ FanFiction.html
2026-07-20 15:15:46.117 -07:00 [INF] StoryName: All For You
2026-07-20 15:15:46.118 -07:00 [INF] Chapter name: Chapter Chapter Fifty
2026-07-20 15:15:46.119 -07:00 [INF] Processing file: data\afy\All For You Chapter 59 a harry potter fanfic _ FanFiction.html
2026-07-20 15:15:46.132 -07:00 [INF] StoryName: All For You
2026-07-20 15:15:46.132 -07:00 [INF] Chapter name: Chapter Chapter Fifty
2026-07-20 15:15:46.134 -07:00 [INF] Processing file: data\afy\All For You Chapter 60, a harry potter fanfic _ FanFiction.html
2026-07-20 15:15:46.138 -07:00 [INF] StoryName: All For You
2026-07-20 15:15:46.138 -07:00 [INF] Chapter name: Chapter 60
2026-07-20 15:15:46.140 -07:00 [INF] Processing file: data\afy\All For You Chapter 61 a harry potter fanfic _ FanFiction.html
2026-07-20 15:15:46.144 -07:00 [INF] StoryName: All For You
2026-07-20 15:15:46.144 -07:00 [INF] Chapter name: Chapter Chapter Sixty
2026-07-20 15:15:46.146 -07:00 [INF] Processing file: data\afy\All For You Chapter 62 a harry potter fanfic _ FanFiction.html
2026-07-20 15:15:46.150 -07:00 [INF] StoryName: All For You
2026-07-20 15:15:46.150 -07:00 [INF] Chapter name: Chapter Chapter Sixty
2026-07-20 15:15:46.152 -07:00 [INF] Processing file: data\afy\All For You Chapter 64_ Epilogue, a harry potter fanfic _ FanFiction.html
2026-07-20 15:15:46.157 -07:00 [INF] StoryName: All For You
2026-07-20 15:15:46.157 -07:00 [INF] Chapter name: Chapter 64
