2026-10-06 16:20:00.090 -07:00 [INF] Chapter name: 160: Chapter 160
2026-10-06 16:20:00.325 -07:00 [INF] Chapter name: 161: Chapter 161
2026-10-06 16:20:00.568 -07:00 [INF] Chapter name: 162: Chapter 162
2026-10-06 16:20:00.784 -07:00 [INF] Chapter name: 163: Chapter 163
2026-10-06 16:20:00.986 -07:00 [INF] Chapter name: 164: Chapter 164
2026-10-06 16:20:01.245 -07:00 [INF] Chapter name: 165: Chapter 165
2026-10-06 16:20:01.530 -07:00 [INF] Chapter name: 166: Chapter 166
2026-10-06 16:20:01.768 -07:00 [INF] Chapter name: 167: Chapter 167
2026-10-06 16:20:01.992 -07:00 [INF] Chapter name: 168: Chapter 168
2026-10-06 16:20:02.244 -07:00 [INF] Chapter name: 169: Chapter 169
2026-10-06 16:20:02.611 -07:00 [INF] Chapter name: 017: Chapter 17
2026-10-06 16:20:02.875 -07:00 [INF] Chapter name: 170: Chapter 170
2026-10-06 16:20:03.113 -07:00 [INF] Chapter name: 171: Chapter 171
2026-10-06 16:20:03.324 -07:00 [INF] Chapter name: 172: Chapter 172
2026-10-06 16:20:03.523 -07:00 [INF] Chapter name: 173: Chapter 173
2026-10-06 16:20:03.735 -07:00 [INF] Chapter name: 174: Chapter 174
2026-10-06 16:20:03.943 -07:00 [INF] Chapter name: 175: Chapter 175
2026-10-06 16:20:04.154 -07:00 [INF] Chapter name: 176: Chapter 176
2026-10-06 16:20:04.383 -07:00 [INF] Chapter name: 177: Chapter 177
2026-10-06 16:20:04.613 -07:00 [INF] Chapter name: 178: Chapter 178
2026-10-06 16:20:04.831 -07:00 [INF] Chapter name: 179: Chapter 179
2026-10-06 16:20:05.051 -07:00 [INF] Chapter name: 018: Chapter 18
2026-10-06 16:20:05.280 -07:00 [INF] Chapter name: 180: Chapter 180
2026-10-06 16:20:05.611 -07:00 [INF] Chapter name: 181: Chapter 181
2026-10-06 16:20:05.863 -07:00 [INF] Chapter name: 019: Chapter 19
2026-10-06 16:20:06.078 -07:00 [INF] Chapter name: 002: Chapter 2
2026-10-06 16:20:06.299 -07:00 [INF] Chapter name: 020: Chapter 20
2026-10-06 16:20:06.523 -07:00 [INF] Chapter name: 021: Chapter 21
2026-10-06 16:20:06.812 -07:00 [INF] Chapter name: 022: Chapter 22
2026-10-06 16:20:07.069 -07:00 [INF] Chapter name: 023: Chapter 23
2026-10-06 16:20:07.318 -07:00 [INF] Chapter name: 024: Chapter 24
2026-10-06 16:20:07.547 -07:00 [INF] Chapter name: 025: Chapter 25
2026-10-06 16:20:07.816 -07:00 [INF] Chapter name: 026: Chapter 26
2026-10-06 16:20:08.129 -07:00 [INF] Chapter name: 027: Chapter 27
2026-10-06 16:20:08.371 -07:00 [INF] Chapter name: 028: Chapter 28
2026-10-06 16:20:08.596 -07:00 [INF] Chapter name: 029: Chapter 29
2026-10-06 16:20:08.811 -07:00 [INF] Chapter name: 003: Chapter 3
2026-10-06 16:20:09.012 -07:00 [INF] Chapter name: 030: Chapter 30
2026-10-06 16:20:09.202 -07:00 [INF] Chapter name: 031: Chapter 31
2026-10-06 16:20:09.385 -07:00 [INF] Chapter name: 032: Chapter 32
2026-10-06 16:20:09.565 -07:00 [INF] Chapter name: 033: Chapter 33
2026-10-06 16:20:09.741 -07:00 [INF] Chapter name: 034: Chapter 34
2026-10-06 16:20:09.926 -07:00 [INF] Chapter name: 035: Chapter 35
2026-10-06 16:20:10.097 -07:00 [INF] Chapter name: 036: Chapter 36
2026-10-06 16:20:10.258 -07:00 [INF] Chapter name: 037: Chapter 37
2026-10-06 16:20:10.458 -07:00 [INF] Chapter name: 038: Chapter 38
2026-10-06 16:20:10.639 -07:00 [INF] Chapter name: 039: Chapter 39
2026-10-06 16:20:10.799 -07:00 [INF] Chapter name: 004: Chapter 4
2026-10-06 16:20:10.974 -07:00 [INF] Chapter name: 040: Chapter 40
2026-10-06 16:20:11.172 -07:00 [INF] Chapter name: 041: Chapter 41
2026-10-06 16:20:11.340 -07:00 [INF] Chapter name: 042: Chapter 42
2026-10-06 16:20:11.531 -07:00 [INF] Chapter name: 043: Chapter 43
2026-10-06 16:20:11.739 -07:00 [INF] Chapter name: 044: Chapter 44
2026-10-06 16:20:11.931 -07:00 [INF] Chapter name: 045: Chapter 45
2026-10-06 16:20:12.120 -07:00 [INF] Chapter name: 046: Chapter 46
2026-10-06 16:20:12.313 -07:00 [INF] Chapter name: 047: Chapter 47
2026-10-06 16:20:12.519 -07:00 [INF] Chapter name: 048: Chapter 48
2026-10-06 16:20:12.737 -07:00 [INF] Chapter name: 049: Chapter 49
2026-10-06 16:20:12.938 -07:00 [INF] Chapter name: 005: Chapter 5
2026-10-06 16:20:13.146 -07:00 [INF] Chapter name: 050: Chapter 50
2026-10-06 16:20:13.372 -07:00 [INF] Chapter name: 051: Chapter 51
2026-10-06 16:20:13.575 -07:00 [INF] Chapter name: 052: Chapter 52
2026-10-06 16:20:13.765 -07:00 [INF] Chapter name: 053: Chapter 53
2026-10-06 16:20:13.951 -07:00 [INF] Chapter name: 054: Chapter 54
2026-10-06 16:20:14.132 -07:00 [INF] Chapter name: 055: Chapter 55
2026-10-06 16:20:14.307 -07:00 [INF] Chapter name: 056: Chapter 56
2026-10-06 16:20:14.486 -07:00 [INF] Chapter name: 057: Chapter 57
2026-10-06 16:20:14.671 -07:00 [INF] Chapter name: 058: Chapter 58
2026-10-06 16:20:14.875 -07:00 [INF] Chapter name: 059: Chapter 59
2026-10-06 16:20:15.080 -07:00 [INF] Chapter name: 006: Chapter 6
2026-10-06 16:20:15.278 -07:00 [INF] Chapter name: 060: Chapter 60
2026-10-06 16:20:15.462 -07:00 [INF] Chapter name: 061: Chapter 61
2026-10-06 16:20:15.647 -07:00 [INF] Chapter name: 062: Chapter 62
2026-10-06 16:20:15.844 -07:00 [INF] Chapter name: 063: Chapter 63
2026-10-06 16:20:16.030 -07:00 [INF] Chapter name: 064: Chapter 64
2026-10-06 16:20:16.219 -07:00 [INF] Chapter name: 065: Chapter 65
2026-10-06 16:20:16.402 -07:00 [INF] Chapter name: 066: Chapter 66
2026-10-06 16:20:16.588 -07:00 [INF] Chapter name: 067: Chapter 67
2026-10-06 16:20:16.774 -07:00 [INF] Chapter name: 068: Chapter 68
2026-10-06 16:20:16.959 -07:00 [INF] Chapter name: 069: Chapter 69
2026-10-06 16:20:17.151 -07:00 [INF] Chapter name: 007: Chapter 7
2026-10-06 16:20:17.335 -07:00 [INF] Chapter name: 070: Chapter 70
2026-10-06 16:20:17.523 -07:00 [INF] Chapter name: 071: Chapter 71
2026-10-06 16:20:17.709 -07:00 [INF] Chapter name: 072: Chapter 72
2026-10-06 16:20:17.906 -07:00 [INF] Chapter name: 073: Chapter 73
2026-10-06 16:20:18.096 -07:00 [INF] Chapter name: 074: Chapter 74
2026-10-06 16:20:18.281 -07:00 [INF] Chapter name: 075: Chapter 75
2026-10-06 16:20:18.479 -07:00 [INF] Chapter name: 076: Chapter 76
2026-10-06 16:20:18.688 -07:00 [INF] Chapter name: 077: Chapter 77
2026-10-06 16:20:18.906 -07:00 [INF] Chapter name: 078: Chapter 78
2026-10-06 16:20:19.104 -07:00 [INF] Chapter name: 079: Chapter 79
2026-10-06 16:20:19.315 -07:00 [INF] Chapter name: 008: Chapter 8
2026-10-06 16:20:19.529 -07:00 [INF] Chapter name: 080: Chapter 80
2026-10-06 16:20:19.723 -07:00 [INF] Chapter name: 081: Chapter 81
2026-10-06 16:20:19.931 -07:00 [INF] Chapter name: 082: Chapter 82
2026-10-06 16:20:20.140 -07:00 [INF] Chapter name: 083: Chapter 83
2026-10-06 16:20:20.341 -07:00 [INF] Chapter name: 084: Chapter 84
2026-10-06 16:20:20.535 -07:00 [INF] Chapter name: 085: Chapter 85
2026-10-06 16:20:20.715 -07:00 [INF] Chapter name: 086: Chapter 86
2026-10-06 16:20:20.904 -07:00 [INF] Chapter name: 087: Chapter 87
2026-10-06 16:20:21.093 -07:00 [INF] Chapter name: 088: Chapter 88
2026-10-06 16:20:21.282 -07:00 [INF] Chapter name: 089: Chapter 89
2026-10-06 16:20:21.467 -07:00 [INF] Chapter name: 009: Chapter 9
2026-10-06 16:20:21.651 -07:00 [INF] Chapter name: 090: Chapter 90
2026-10-06 16:20:21.836 -07:00 [INF] Chapter name: 091: Chapter 91
2026-10-06 16:20:22.022 -07:00 [INF] Chapter name: 092: Chapter 92
2026-10-06 16:20:22.220 -07:00 [INF] Chapter name: 093: Chapter 93
2026-10-06 16:20:22.404 -07:00 [INF] Chapter name: 094: Chapter 94
2026-10-06 16:20:22.594 -07:00 [INF] Chapter name: 095: Chapter 95
2026-10-06 16:20:22.775 -07:00 [INF] Chapter name: 096: Chapter 96
2026-10-06 16:20:22.966 -07:00 [INF] Chapter name: 097: Chapter 97
2026-10-06 16:20:23.149 -07:00 [INF] Chapter name: 098: Chapter 98
2026-10-06 16:20:23.346 -07:00 [INF] Chapter name: 099: Chapter 99
2026-10-06 16:20:23.394 -07:00 [INF] Processing Folder: data\thpo
2026-10-06 16:20:23.584 -07:00 [INF] Chapter name: 007: Chapter 7
2026-10-06 16:20:23.589 -07:00 [INF] Processing Folder: data\tsfv
2026-10-06 16:20:23.774 -07:00 [INF] Chapter name: 010: Act III, pt i
2026-10-06 16:20:23.958 -07:00 [INF] Chapter name: 011: Third Interlude
2026-10-06 16:20:24.200 -07:00 [INF] Chapter name: 012: Act III, pt ii
2026-10-06 16:20:24.366 -07:00 [INF] Chapter name: 013: Act III, pt iii
2026-10-06 16:20:24.574 -07:00 [INF] Chapter name: 014: Fourth Interlude
2026-10-06 16:20:24.736 -07:00 [INF] Chapter name: 015: Fifth Interlude
2026-10-06 16:20:24.926 -07:00 [INF] Chapter name: 016: Act IV, pt i
2026-10-06 16:20:25.118 -07:00 [INF] Chapter name: 017: Act IV, pt ii
2026-10-06 16:20:25.307 -07:00 [INF] Chapter name: 018: Act IV, pt iii
2026-10-06 16:20:25.490 -07:00 [INF] Chapter name: 019: Sixth Interlude
2026-10-06 16:20:25.685 -07:00 [INF] Chapter name: 001: Prologue
2026-10-06 16:20:25.869 -07:00 [INF] Chapter name: 020: Act V, pt i
2026-10-06 16:20:26.052 -07:00 [INF] Chapter name: 021: Act V, pt i2
2026-10-06 16:20:26.248 -07:00 [INF] Chapter name: 022: Act V, pt ii
2026-10-06 16:20:26.461 -07:00 [INF] Chapter name: 023: Act V, pt iii
2026-10-06 16:20:26.636 -07:00 [INF] Chapter name: 024: Seventh Interlude
2026-10-06 16:20:26.840 -07:00 [INF] Chapter name: 025: Act VI, pt i
2026-10-06 16:20:27.044 -07:00 [INF] Chapter name: 026: Act VI, pt ii
2026-10-06 16:20:27.249 -07:00 [INF] Chapter name: 027: Act VI, pt iii
2026-10-06 16:20:27.445 -07:00 [INF] Chapter name: 028: Final Interlude
2026-10-06 16:20:27.643 -07:00 [INF] Chapter name: 029: Act VII, pt i
2026-10-06 16:20:27.848 -07:00 [INF] Chapter name: 002: Act I, pt i
2026-10-06 16:20:28.051 -07:00 [INF] Chapter name: 030: Act VII, pt ii
2026-10-06 16:20:28.222 -07:00 [INF] Chapter name: 031: Act VII, pt iii
2026-10-06 16:20:28.391 -07:00 [INF] Chapter name: 032: Act VII, pt ivi
2026-10-06 16:20:28.562 -07:00 [INF] Chapter name: 033: Act VII, pt ivii
2026-10-06 16:20:28.767 -07:00 [INF] Chapter name: 034: Act VIII, pt i
2026-10-06 16:20:28.937 -07:00 [INF] Chapter name: 035: Act VIII, pt ii
2026-10-06 16:20:29.096 -07:00 [INF] Chapter name: 036: Act VIII, pt iii
2026-10-06 16:20:29.267 -07:00 [INF] Chapter name: 037: Act IX, pt i
2026-10-06 16:20:29.484 -07:00 [INF] Chapter name: 038: Act IX, pt ii
2026-10-06 16:20:29.698 -07:00 [INF] Chapter name: 003: Act I, pt ii
2026-10-06 16:20:29.917 -07:00 [INF] Chapter name: 004: Act I, pt iii
2026-10-06 16:20:30.137 -07:00 [INF] Chapter name: 005: First Interlude
2026-10-06 16:20:30.350 -07:00 [INF] Chapter name: 006: Act II, pt i
2026-10-06 16:20:30.527 -07:00 [INF] Chapter name: 007: Act II, pt ii
2026-10-06 16:20:30.703 -07:00 [INF] Chapter name: 008: Act II, pt iii
2026-10-06 16:20:30.884 -07:00 [INF] Chapter name: 009: Second Interlude
2026-10-06 16:20:30.898 -07:00 [INF] Processing Folder: data\whiv
2026-10-06 16:20:31.043 -07:00 [INF] Chapter name: 010: Midnight Massacre
2026-10-06 16:20:31.195 -07:00 [INF] Chapter name: 011: The Real World Intrudes
2026-10-06 16:20:31.375 -07:00 [INF] Chapter name: 012: Awkward Introductions
2026-10-06 16:20:31.570 -07:00 [INF] Chapter name: 013: Rematch!
2026-10-06 16:20:31.759 -07:00 [INF] Chapter name: 014: Retail Therapy
2026-10-06 16:20:31.926 -07:00 [INF] Chapter name: 015: Contingency Plans
2026-10-06 16:20:32.106 -07:00 [INF] Chapter name: 016: Conspiracies Revealed
2026-10-06 16:20:32.288 -07:00 [INF] Chapter name: 017: Hammer of Justice
2026-10-06 16:20:32.476 -07:00 [INF] Chapter name: 018: Heading Home
2026-10-06 16:20:32.655 -07:00 [INF] Chapter name: 001: Kidnapped!
2026-10-06 16:20:32.814 -07:00 [INF] Chapter name: 002: Benefits of Sobriety
2026-10-06 16:20:32.999 -07:00 [INF] Chapter name: 003: For Want of a Memory
2026-10-06 16:20:33.175 -07:00 [INF] Chapter name: 004: Returning Home to a Strange Place
2026-10-06 16:20:33.360 -07:00 [INF] Chapter name: 005: Moving In
2026-10-06 16:20:33.545 -07:00 [INF] Chapter name: 006: Heroing 101
2026-10-06 16:20:33.734 -07:00 [INF] Chapter name: 007: Culture Clash
2026-10-06 16:20:33.897 -07:00 [INF] Chapter name: 008: Rapid Escalation
2026-10-06 16:20:34.082 -07:00 [INF] Chapter name: 009: New Assignments
2026-10-06 16:20:34.094 -07:00 [INF] Processing Folder: data\wlgyl
2026-10-06 16:20:34.270 -07:00 [INF] Chapter name: 001: Chapter 1
2026-10-06 16:20:34.449 -07:00 [INF] Chapter name: 010: Chapter 10
2026-10-06 16:20:34.640 -07:00 [INF] Chapter name: 011: Chapter 11
2026-10-06 16:20:34.845 -07:00 [INF] Chapter name: 012: Chapter 12
2026-10-06 16:20:35.058 -07:00 [INF] Chapter name: 002: Chapter 2
2026-10-06 16:20:35.264 -07:00 [INF] Chapter name: 003: Chapter 3
2026-10-06 16:20:35.455 -07:00 [INF] Chapter name: 004: Chapter 4
2026-10-06 16:20:35.641 -07:00 [INF] Chapter name: 005: Chapter 5
2026-10-06 16:20:35.820 -07:00 [INF] Chapter name: 006: Chapter 6
2026-10-06 16:20:35.988 -07:00 [INF] Chapter name: 007: Chapter 7
2026-10-06 16:20:36.174 -07:00 [INF] Chapter name: 008: Chapter 8
2026-10-06 16:20:36.369 -07:00 [INF] Chapter name: 009: Chapter 9
2026-10-06 16:20:36.389 -07:00 [INF] Processing Folder: data\wyvern
2026-10-06 16:20:36.392 -07:00 [INF] Chapter name: 001: Chapter 1
2026-10-06 16:20:36.594 -07:00 [INF] Chapter name: 002: Chapter 2
2026-10-06 16:20:36.801 -07:00 [INF] Chapter name: 003: Chapter 3
2026-10-06 16:20:36.992 -07:00 [INF] Chapter name: 004: Chapter 4
2026-10-06 16:20:37.181 -07:00 [INF] Chapter name: 005: Chapter 5
2026-10-06 16:20:37.370 -07:00 [INF] Chapter name: 006: Chapter 6
2026-10-06 16:20:37.567 -07:00 [INF] Chapter name: 007: Chapter 7
2026-10-06 16:20:37.766 -07:00 [INF] Chapter name: 008: Chapter 8
2026-10-06 16:20:37.953 -07:00 [INF] Chapter name: 009: Chapter 9
2026-10-06 16:20:38.145 -07:00 [INF] Chapter name: 010: Chapter 10
2026-10-06 16:20:38.331 -07:00 [INF] Chapter name: 012: Chapter 12
2026-10-06 16:20:38.517 -07:00 [INF] Chapter name: 013: Chapter 13
2026-10-06 16:20:38.701 -07:00 [INF] Chapter name: 014: Chapter 14
2026-10-06 16:20:38.893 -07:00 [INF] Chapter name: 015: Chapter 15
2026-10-06 16:20:39.085 -07:00 [INF] Chapter name: 016: Chapter 16
2026-10-06 16:20:39.279 -07:00 [INF] Chapter name: 017: Chapter 17
2026-10-06 16:20:39.467 -07:00 [INF] Chapter name: 018: Chapter 18
2026-10-06 16:20:39.655 -07:00 [INF] Chapter name: 019: Chapter 19
2026-10-06 16:20:39.846 -07:00 [INF] Chapter name: 020: Chapter 20
2026-10-06 16:20:40.068 -07:00 [INF] Chapter name: 021: Chapter 21
2026-10-06 16:20:40.293 -07:00 [INF] Chapter name: 022: Chapter 22
2026-10-06 16:20:40.516 -07:00 [INF] Chapter name: 023: Chapter 23
2026-10-06 16:20:40.727 -07:00 [INF] Chapter name: 024: Chapter 24
2026-10-06 16:20:40.943 -07:00 [INF] Chapter name: 025: Chapter 25
2026-10-06 16:20:41.139 -07:00 [INF] Chapter name: 026: Chapter 26
2026-10-06 16:20:41.333 -07:00 [INF] Chapter name: 027: Chapter 27
2026-10-06 16:20:41.536 -07:00 [INF] Chapter name: 028: Chapter 28
2026-10-06 16:20:41.730 -07:00 [INF] Chapter name: 029: Chapter 29
