2026-07-20 15:17:47.732 -07:00 [INF] Processing from non-rooted source path: afy
2026-07-20 15:17:47.800 -07:00 [INF] Processing file: data\afy\All For You Chapter 00_ Prologue, a harry potter fanfic _ FanFiction.html
2026-07-20 15:17:47.839 -07:00 [INF] StoryName: All For You
2026-07-20 15:17:54.817 -07:00 [INF] Chapter name: Chapter 00
2026-07-20 15:17:54.829 -07:00 [INF] Processing file: data\afy\All For You Chapter 01, a harry potter fanfic _ FanFiction.html
2026-07-20 15:17:54.833 -07:00 [INF] StoryName: All For You
2026-07-20 15:17:57.910 -07:00 [INF] Chapter name: Chapter 01
2026-07-20 15:17:57.914 -07:00 [INF] Processing file: data\afy\All For You Chapter 02, a harry potter fanfic _ FanFiction.html
2026-07-20 15:17:57.918 -07:00 [INF] StoryName: All For You
2026-07-20 15:17:58.219 -07:00 [INF] Chapter name: Chapter 02
2026-07-20 15:17:58.221 -07:00 [INF] Processing file: data\afy\All For You Chapter 03, a harry potter fanfic _ FanFiction.html
2026-07-20 15:17:58.224 -07:00 [INF] StoryName: All For You
2026-07-20 15:17:58.476 -07:00 [INF] Chapter name: Chapter 03
2026-07-20 15:17:58.478 -07:00 [INF] Processing file: data\afy\All For You Chapter 04, a harry potter fanfic _ FanFiction.html
2026-07-20 15:17:58.483 -07:00 [INF] StoryName: All For You
2026-07-20 15:17:58.763 -07:00 [INF] Chapter name: Chapter 04
2026-07-20 15:17:58.764 -07:00 [INF] Processing file: data\afy\All For You Chapter 05, a harry potter fanfic _ FanFiction.html
2026-07-20 15:17:58.774 -07:00 [INF] StoryName: All For You
2026-07-20 15:17:59.037 -07:00 [INF] Chapter name: Chapter 05
2026-07-20 15:17:59.038 -07:00 [INF] Processing file: data\afy\All For You Chapter 06, a harry potter fanfic _ FanFiction.html
2026-07-20 15:17:59.042 -07:00 [INF] StoryName: All For You
2026-07-20 15:17:59.315 -07:00 [INF] Chapter name: Chapter 06
2026-07-20 15:17:59.316 -07:00 [INF] Processing file: data\afy\All For You Chapter 07, a harry potter fanfic _ FanFiction.html
2026-07-20 15:17:59.320 -07:00 [INF] StoryName: All For You
2026-07-20 15:17:59.612 -07:00 [INF] Chapter name: Chapter 07
2026-07-20 15:17:59.613 -07:00 [INF] Processing file: data\afy\All For You Chapter 08, a harry potter fanfic _ FanFiction.html
2026-07-20 15:17:59.617 -07:00 [INF] StoryName: All For You
2026-07-20 15:17:59.883 -07:00 [INF] Chapter name: Chapter 08
2026-07-20 15:17:59.884 -07:00 [INF] Processing file: data\afy\All For You Chapter 09, a harry potter fanfic _ FanFiction.html
2026-07-20 15:17:59.888 -07:00 [INF] StoryName: All For You
