2026-07-20 15:24:20.012 -07:00 [INF] Processing from non-rooted source path: afy
2026-07-20 15:24:20.074 -07:00 [INF] Processing file: data\afy\All For You Chapter 00_ Prologue, a harry potter fanfic _ FanFiction.html
2026-07-20 15:24:20.106 -07:00 [INF] StoryName: All For You
2026-07-20 15:24:25.014 -07:00 [INF] Chapter name: Chapter 00
2026-07-20 15:24:25.029 -07:00 [INF] Processing file: data\afy\All For You Chapter 01, a harry potter fanfic _ FanFiction.html
2026-07-20 15:24:25.034 -07:00 [INF] StoryName: All For You
2026-07-20 15:24:30.506 -07:00 [INF] Chapter name: Chapter 01
2026-07-20 15:24:30.510 -07:00 [INF] Processing file: data\afy\All For You Chapter 02, a harry potter fanfic _ FanFiction.html
2026-07-20 15:24:30.513 -07:00 [INF] StoryName: All For You
2026-07-20 15:24:30.513 -07:00 [INF] Chapter name: Chapter 02
2026-07-20 15:24:30.515 -07:00 [INF] Processing file: data\afy\All For You Chapter 03, a harry potter fanfic _ FanFiction.html
2026-07-20 15:24:30.519 -07:00 [INF] StoryName: All For You
2026-07-20 15:24:30.519 -07:00 [INF] Chapter name: Chapter 03
2026-07-20 15:24:30.520 -07:00 [INF] Processing file: data\afy\All For You Chapter 04, a harry potter fanfic _ FanFiction.html
2026-07-20 15:24:30.523 -07:00 [INF] StoryName: All For You
2026-07-20 15:24:30.524 -07:00 [INF] Chapter name: Chapter 04
2026-07-20 15:24:30.525 -07:00 [INF] Processing file: data\afy\All For You Chapter 05, a harry potter fanfic _ FanFiction.html
2026-07-20 15:24:30.566 -07:00 [INF] StoryName: All For You
2026-07-20 15:24:30.566 -07:00 [INF] Chapter name: Chapter 05
2026-07-20 15:24:30.567 -07:00 [INF] Processing file: data\afy\All For You Chapter 06, a harry potter fanfic _ FanFiction.html
2026-07-20 15:24:30.570 -07:00 [INF] StoryName: All For You
2026-07-20 15:24:30.570 -07:00 [INF] Chapter name: Chapter 06
2026-07-20 15:24:30.571 -07:00 [INF] Processing file: data\afy\All For You Chapter 07, a harry potter fanfic _ FanFiction.html
2026-07-20 15:24:30.573 -07:00 [INF] StoryName: All For You
2026-07-20 15:24:30.573 -07:00 [INF] Chapter name: Chapter 07
2026-07-20 15:24:30.574 -07:00 [INF] Processing file: data\afy\All For You Chapter 08, a harry potter fanfic _ FanFiction.html
2026-07-20 15:24:30.577 -07:00 [INF] StoryName: All For You
2026-07-20 15:24:30.577 -07:00 [INF] Chapter name: Chapter 08
2026-07-20 15:24:30.578 -07:00 [INF] Processing file: data\afy\All For You Chapter 09, a harry potter fanfic _ FanFiction.html
2026-07-20 15:24:30.581 -07:00 [INF] StoryName: All For You
2026-07-20 15:24:30.581 -07:00 [INF] Chapter name: Chapter 09
2026-07-20 15:24:30.582 -07:00 [INF] Processing file: data\afy\All For You Chapter 10, a harry potter fanfic _ FanFiction.html
2026-07-20 15:24:30.585 -07:00 [INF] StoryName: All For You
2026-07-20 15:24:30.585 -07:00 [INF] Chapter name: Chapter 10
2026-07-20 15:24:30.586 -07:00 [INF] Processing file: data\afy\All For You Chapter 11, a harry potter fanfic _ FanFiction.html
2026-07-20 15:24:30.589 -07:00 [INF] StoryName: All For You
2026-07-20 15:24:30.589 -07:00 [INF] Chapter name: Chapter 11
2026-07-20 15:24:30.590 -07:00 [INF] Processing file: data\afy\All For You Chapter 12, a harry potter fanfic _ FanFiction.html
2026-07-20 15:24:30.592 -07:00 [INF] StoryName: All For You
2026-07-20 15:24:30.592 -07:00 [INF] Chapter name: Chapter 12
2026-07-20 15:24:30.593 -07:00 [INF] Processing file: data\afy\All For You Chapter 13, a harry potter fanfic _ FanFiction.html
2026-07-20 15:24:30.600 -07:00 [INF] StoryName: All For You
2026-07-20 15:24:30.600 -07:00 [INF] Chapter name: Chapter 13
2026-07-20 15:24:30.601 -07:00 [INF] Processing file: data\afy\All For You Chapter 14, a harry potter fanfic _ FanFiction.html
2026-07-20 15:24:30.604 -07:00 [INF] StoryName: All For You
2026-07-20 15:24:30.604 -07:00 [INF] Chapter name: Chapter 14
2026-07-20 15:24:30.605 -07:00 [INF] Processing file: data\afy\All For You Chapter 15, a harry potter fanfic _ FanFiction.html
2026-07-20 15:24:30.608 -07:00 [INF] StoryName: All For You
2026-07-20 15:24:30.608 -07:00 [INF] Chapter name: Chapter 15
2026-07-20 15:24:30.609 -07:00 [INF] Processing file: data\afy\All For You Chapter 16, a harry potter fanfic _ FanFiction.html
2026-07-20 15:24:30.613 -07:00 [INF] StoryName: All For You
2026-07-20 15:24:30.613 -07:00 [INF] Chapter name: Chapter 16
2026-07-20 15:24:30.614 -07:00 [INF] Processing file: data\afy\All For You Chapter 17, a harry potter fanfic _ FanFiction.html
2026-07-20 15:24:30.618 -07:00 [INF] StoryName: All For You
2026-07-20 15:24:30.618 -07:00 [INF] Chapter name: Chapter 17
2026-07-20 15:24:30.619 -07:00 [INF] Processing file: data\afy\All For You Chapter 18, a harry potter fanfic _ FanFiction.html
2026-07-20 15:24:30.622 -07:00 [INF] StoryName: All For You
2026-07-20 15:24:30.622 -07:00 [INF] Chapter name: Chapter 18
2026-07-20 15:24:30.623 -07:00 [INF] Processing file: data\afy\All For You Chapter 19, a harry potter fanfic _ FanFiction.html
2026-07-20 15:24:30.631 -07:00 [INF] StoryName: All For You
2026-07-20 15:24:30.631 -07:00 [INF] Chapter name: Chapter 19
2026-07-20 15:24:30.632 -07:00 [INF] Processing file: data\afy\All For You Chapter 20, a harry potter fanfic _ FanFiction.html
2026-07-20 15:24:30.635 -07:00 [INF] StoryName: All For You
2026-07-20 15:24:30.635 -07:00 [INF] Chapter name: Chapter 20
2026-07-20 15:24:30.636 -07:00 [INF] Processing file: data\afy\All For You Chapter 21 a harry potter fanfic _ FanFiction.html
2026-07-20 15:24:30.639 -07:00 [INF] StoryName: All For You
2026-07-20 15:24:30.639 -07:00 [INF] Chapter name: Chapter 21
2026-07-20 15:24:30.640 -07:00 [INF] Processing file: data\afy\All For You Chapter 22 a harry potter fanfic _ FanFiction.html
2026-07-20 15:24:30.643 -07:00 [INF] StoryName: All For You
2026-07-20 15:24:30.643 -07:00 [INF] Chapter name: Chapter 22
2026-07-20 15:24:30.644 -07:00 [INF] Processing file: data\afy\All For You Chapter 23 a harry potter fanfic _ FanFiction.html
2026-07-20 15:24:30.647 -07:00 [INF] StoryName: All For You
2026-07-20 15:24:30.647 -07:00 [INF] Chapter name: Chapter 23
2026-07-20 15:24:30.648 -07:00 [INF] Processing file: data\afy\All For You Chapter 24 a harry potter fanfic _ FanFiction.html
2026-07-20 15:24:30.651 -07:00 [INF] StoryName: All For You
2026-07-20 15:24:30.651 -07:00 [INF] Chapter name: Chapter 24
2026-07-20 15:24:30.652 -07:00 [INF] Processing file: data\afy\All For You Chapter 25 a harry potter fanfic _ FanFiction.html
2026-07-20 15:24:30.655 -07:00 [INF] StoryName: All For You
2026-07-20 15:24:30.655 -07:00 [INF] Chapter name: Chapter 25
2026-07-20 15:24:30.656 -07:00 [INF] Processing file: data\afy\All For You Chapter 26 a harry potter fanfic _ FanFiction.html
2026-07-20 15:24:30.666 -07:00 [INF] StoryName: All For You
2026-07-20 15:24:30.666 -07:00 [INF] Chapter name: Chapter 26
2026-07-20 15:24:30.667 -07:00 [INF] Processing file: data\afy\All For You Chapter 27 a harry potter fanfic _ FanFiction.html
2026-07-20 15:24:30.670 -07:00 [INF] StoryName: All For You
2026-07-20 15:24:30.670 -07:00 [INF] Chapter name: Chapter 27
2026-07-20 15:24:30.671 -07:00 [INF] Processing file: data\afy\All For You Chapter 28 a harry potter fanfic _ FanFiction.html
2026-07-20 15:24:30.674 -07:00 [INF] StoryName: All For You
2026-07-20 15:24:30.674 -07:00 [INF] Chapter name: Chapter 28
2026-07-20 15:24:30.675 -07:00 [INF] Processing file: data\afy\All For You Chapter 29 a harry potter fanfic _ FanFiction.html
2026-07-20 15:24:30.678 -07:00 [INF] StoryName: All For You
2026-07-20 15:24:30.678 -07:00 [INF] Chapter name: Chapter 29
2026-07-20 15:24:30.679 -07:00 [INF] Processing file: data\afy\All For You Chapter 30, a harry potter fanfic _ FanFiction.html
2026-07-20 15:24:30.682 -07:00 [INF] StoryName: All For You
2026-07-20 15:24:30.682 -07:00 [INF] Chapter name: Chapter 30
2026-07-20 15:24:30.683 -07:00 [INF] Processing file: data\afy\All For You Chapter 31 a harry potter fanfic _ FanFiction.html
2026-07-20 15:24:30.686 -07:00 [INF] StoryName: All For You
2026-07-20 15:24:30.686 -07:00 [INF] Chapter name: Chapter 31
2026-07-20 15:24:30.688 -07:00 [INF] Processing file: data\afy\All For You Chapter 32 a harry potter fanfic _ FanFiction.html
2026-07-20 15:24:30.691 -07:00 [INF] StoryName: All For You
2026-07-20 15:24:30.691 -07:00 [INF] Chapter name: Chapter 32
2026-07-20 15:24:30.692 -07:00 [INF] Processing file: data\afy\All For You Chapter 33 a harry potter fanfic _ FanFiction.html
2026-07-20 15:24:30.700 -07:00 [INF] StoryName: All For You
2026-07-20 15:24:30.700 -07:00 [INF] Chapter name: Chapter 33
2026-07-20 15:24:30.701 -07:00 [INF] Processing file: data\afy\All For You Chapter 34 a harry potter fanfic _ FanFiction.html
2026-07-20 15:24:30.704 -07:00 [INF] StoryName: All For You
2026-07-20 15:24:30.704 -07:00 [INF] Chapter name: Chapter 34
2026-07-20 15:24:30.705 -07:00 [INF] Processing file: data\afy\All For You Chapter 35 a harry potter fanfic _ FanFiction.html
2026-07-20 15:24:30.708 -07:00 [INF] StoryName: All For You
2026-07-20 15:24:30.708 -07:00 [INF] Chapter name: Chapter 35
2026-07-20 15:24:30.709 -07:00 [INF] Processing file: data\afy\All For You Chapter 36 a harry potter fanfic _ FanFiction.html
2026-07-20 15:24:30.711 -07:00 [INF] StoryName: All For You
2026-07-20 15:24:30.712 -07:00 [INF] Chapter name: Chapter 36
2026-07-20 15:24:30.713 -07:00 [INF] Processing file: data\afy\All For You Chapter 37 a harry potter fanfic _ FanFiction.html
2026-07-20 15:24:30.716 -07:00 [INF] StoryName: All For You
2026-07-20 15:24:30.716 -07:00 [INF] Chapter name: Chapter 37
2026-07-20 15:24:30.717 -07:00 [INF] Processing file: data\afy\All For You Chapter 38 a harry potter fanfic _ FanFiction.html
2026-07-20 15:24:30.728 -07:00 [INF] StoryName: All For You
2026-07-20 15:24:30.728 -07:00 [INF] Chapter name: Chapter 38
2026-07-20 15:24:30.729 -07:00 [INF] Processing file: data\afy\All For You Chapter 39 a harry potter fanfic _ FanFiction.html
2026-07-20 15:24:30.732 -07:00 [INF] StoryName: All For You
2026-07-20 15:24:30.732 -07:00 [INF] Chapter name: Chapter 39
2026-07-20 15:24:30.733 -07:00 [INF] Processing file: data\afy\All For You Chapter 40, a harry potter fanfic _ FanFiction.html
2026-07-20 15:24:30.736 -07:00 [INF] StoryName: All For You
2026-07-20 15:24:30.736 -07:00 [INF] Chapter name: Chapter 40
2026-07-20 15:24:30.737 -07:00 [INF] Processing file: data\afy\All For You Chapter 41 a harry potter fanfic _ FanFiction.html
2026-07-20 15:24:30.740 -07:00 [INF] StoryName: All For You
2026-07-20 15:24:30.740 -07:00 [INF] Chapter name: Chapter 41
2026-07-20 15:24:30.741 -07:00 [INF] Processing file: data\afy\All For You Chapter 42 a harry potter fanfic _ FanFiction.html
2026-07-20 15:24:30.743 -07:00 [INF] StoryName: All For You
2026-07-20 15:24:30.743 -07:00 [INF] Chapter name: Chapter 42
2026-07-20 15:24:30.744 -07:00 [INF] Processing file: data\afy\All For You Chapter 43 a harry potter fanfic _ FanFiction.html
2026-07-20 15:24:30.747 -07:00 [INF] StoryName: All For You
2026-07-20 15:24:30.747 -07:00 [INF] Chapter name: Chapter 43
2026-07-20 15:24:30.749 -07:00 [INF] Processing file: data\afy\All For You Chapter 44 a harry potter fanfic _ FanFiction.html
2026-07-20 15:24:30.751 -07:00 [INF] StoryName: All For You
2026-07-20 15:24:30.751 -07:00 [INF] Chapter name: Chapter 44
2026-07-20 15:24:30.753 -07:00 [INF] Processing file: data\afy\All For You Chapter 45 a harry potter fanfic _ FanFiction.html
2026-07-20 15:24:30.760 -07:00 [INF] StoryName: All For You
2026-07-20 15:24:30.760 -07:00 [INF] Chapter name: Chapter 45
2026-07-20 15:24:30.761 -07:00 [INF] Processing file: data\afy\All For You Chapter 46 a harry potter fanfic _ FanFiction.html
2026-07-20 15:24:30.763 -07:00 [INF] StoryName: All For You
2026-07-20 15:24:30.763 -07:00 [INF] Chapter name: Chapter 46
2026-07-20 15:24:30.764 -07:00 [INF] Processing file: data\afy\All For You Chapter 47 a harry potter fanfic _ FanFiction.html
2026-07-20 15:24:30.767 -07:00 [INF] StoryName: All For You
2026-07-20 15:24:30.767 -07:00 [INF] Chapter name: Chapter 47
2026-07-20 15:24:30.768 -07:00 [INF] Processing file: data\afy\All For You Chapter 48 a harry potter fanfic _ FanFiction.html
2026-07-20 15:24:30.771 -07:00 [INF] StoryName: All For You
2026-07-20 15:24:30.771 -07:00 [INF] Chapter name: Chapter 48
2026-07-20 15:24:30.772 -07:00 [INF] Processing file: data\afy\All For You Chapter 49 a harry potter fanfic _ FanFiction.html
2026-07-20 15:24:30.774 -07:00 [INF] StoryName: All For You
2026-07-20 15:24:30.775 -07:00 [INF] Chapter name: Chapter 49
2026-07-20 15:24:30.776 -07:00 [INF] Processing file: data\afy\All For You Chapter 50, a harry potter fanfic _ FanFiction.html
2026-07-20 15:24:30.778 -07:00 [INF] StoryName: All For You
2026-07-20 15:24:30.778 -07:00 [INF] Chapter name: Chapter 50
2026-07-20 15:24:30.779 -07:00 [INF] Processing file: data\afy\All For You Chapter 52 a harry potter fanfic _ FanFiction.html
2026-07-20 15:24:30.782 -07:00 [INF] StoryName: All For You
2026-07-20 15:24:30.782 -07:00 [INF] Chapter name: Chapter 52
2026-07-20 15:24:30.784 -07:00 [INF] Processing file: data\afy\All For You Chapter 53 a harry potter fanfic _ FanFiction.html
2026-07-20 15:24:30.790 -07:00 [INF] StoryName: All For You
2026-07-20 15:24:30.790 -07:00 [INF] Chapter name: Chapter 53
2026-07-20 15:24:30.791 -07:00 [INF] Processing file: data\afy\All For You Chapter 54 a harry potter fanfic _ FanFiction.html
2026-07-20 15:24:30.794 -07:00 [INF] StoryName: All For You
2026-07-20 15:24:30.794 -07:00 [INF] Chapter name: Chapter 54
2026-07-20 15:24:30.795 -07:00 [INF] Processing file: data\afy\All For You Chapter 55 a harry potter fanfic _ FanFiction.html
2026-07-20 15:24:30.798 -07:00 [INF] StoryName: All For You
2026-07-20 15:24:30.798 -07:00 [INF] Chapter name: Chapter 55
2026-07-20 15:24:30.799 -07:00 [INF] Processing file: data\afy\All For You Chapter 56 a harry potter fanfic _ FanFiction.html
2026-07-20 15:24:30.802 -07:00 [INF] StoryName: All For You
2026-07-20 15:24:30.802 -07:00 [INF] Chapter name: Chapter 56
2026-07-20 15:24:30.803 -07:00 [INF] Processing file: data\afy\All For You Chapter 57 a harry potter fanfic _ FanFiction.html
2026-07-20 15:24:30.806 -07:00 [INF] StoryName: All For You
2026-07-20 15:24:30.806 -07:00 [INF] Chapter name: Chapter 57
2026-07-20 15:24:30.807 -07:00 [INF] Processing file: data\afy\All For You Chapter 58 a harry potter fanfic _ FanFiction.html
2026-07-20 15:24:30.810 -07:00 [INF] StoryName: All For You
2026-07-20 15:24:30.810 -07:00 [INF] Chapter name: Chapter 58
2026-07-20 15:24:30.811 -07:00 [INF] Processing file: data\afy\All For You Chapter 59 a harry potter fanfic _ FanFiction.html
2026-07-20 15:24:30.830 -07:00 [INF] StoryName: All For You
2026-07-20 15:24:30.830 -07:00 [INF] Chapter name: Chapter 59
2026-07-20 15:24:30.831 -07:00 [INF] Processing file: data\afy\All For You Chapter 60, a harry potter fanfic _ FanFiction.html
2026-07-20 15:24:30.838 -07:00 [INF] StoryName: All For You
2026-07-20 15:24:30.838 -07:00 [INF] Chapter name: Chapter 60
2026-07-20 15:24:30.839 -07:00 [INF] Processing file: data\afy\All For You Chapter 61 a harry potter fanfic _ FanFiction.html
2026-07-20 15:24:30.842 -07:00 [INF] StoryName: All For You
2026-07-20 15:24:30.842 -07:00 [INF] Chapter name: Chapter 61
2026-07-20 15:24:30.843 -07:00 [INF] Processing file: data\afy\All For You Chapter 62 a harry potter fanfic _ FanFiction.html
2026-07-20 15:24:30.846 -07:00 [INF] StoryName: All For You
2026-07-20 15:24:30.846 -07:00 [INF] Chapter name: Chapter 62
2026-07-20 15:24:30.847 -07:00 [INF] Processing file: data\afy\All For You Chapter 64_ Epilogue, a harry potter fanfic _ FanFiction.html
2026-07-20 15:24:30.851 -07:00 [INF] StoryName: All For You
2026-07-20 15:24:30.852 -07:00 [INF] Chapter name: Chapter 64
