2026-10-06 16:17:25.250 -07:00 [INF] Processing multiple files:
2026-10-06 16:17:25.298 -07:00 [INF] Processing Folder: data\1of1
2026-10-06 16:17:25.406 -07:00 [INF] Chapter name: 001: Memories
2026-10-06 16:17:25.426 -07:00 [INF] Chapter name: 002: Scorpion
2026-10-06 16:17:25.446 -07:00 [INF] Chapter name: 003: The Gift
2026-10-06 16:17:25.465 -07:00 [INF] Chapter name: 004: Voyeur
2026-10-06 16:17:25.479 -07:00 [INF] Chapter name: 005: Revulsion
2026-10-06 16:17:25.498 -07:00 [INF] Chapter name: 006: Despair
2026-10-06 16:17:25.509 -07:00 [INF] Chapter name: 007: Brig
2026-10-06 16:17:25.524 -07:00 [INF] Chapter name: 008: Prey
2026-10-06 16:17:25.542 -07:00 [INF] Chapter name: 009: Loophole
2026-10-06 16:17:25.556 -07:00 [INF] Chapter name: 010: Decisions
2026-10-06 16:17:25.571 -07:00 [INF] Chapter name: 011: Hunters - Part 1
2026-10-06 16:17:25.587 -07:00 [INF] Chapter name: 012: Hunters - Part II
2026-10-06 16:17:25.608 -07:00 [INF] Chapter name: 013: Hope & Fear
2026-10-06 16:17:25.618 -07:00 [INF] Chapter name: 014: Counterpoint
2026-10-06 16:17:25.633 -07:00 [INF] Chapter name: 015: Scythe
2026-10-06 16:17:25.648 -07:00 [INF] Chapter name: 016: Gravity - Pt 1
2026-10-06 16:17:25.662 -07:00 [INF] Chapter name: 017: Gravity - Pt 2
2026-10-06 16:17:25.681 -07:00 [INF] Chapter name: 018: Gravity - Pt 3
2026-10-06 16:17:25.696 -07:00 [INF] Chapter name: 019: Life Line
2026-10-06 16:17:25.712 -07:00 [INF] Chapter name: 020: Gravity - Pt 4
2026-10-06 16:17:25.738 -07:00 [INF] Chapter name: 021: Gravity - Pt 5
2026-10-06 16:17:25.758 -07:00 [INF] Chapter name: 022: Generations
2026-10-06 16:17:25.773 -07:00 [INF] Chapter name: 023: Relativity
2026-10-06 16:17:25.799 -07:00 [INF] Chapter name: 024: Warhead
2026-10-06 16:17:25.844 -07:00 [INF] Chapter name: 025: Survival Instinct
2026-10-06 16:17:25.872 -07:00 [INF] Chapter name: 026: Conspiracy
2026-10-06 16:17:25.886 -07:00 [INF] Chapter name: 027: Pathfinder
2026-10-06 16:17:25.901 -07:00 [INF] Chapter name: 028: Relics
2026-10-06 16:17:25.921 -07:00 [INF] Chapter name: 029: Infection
2026-10-06 16:17:25.935 -07:00 [INF] Chapter name: 030: Prophecy - Part 1
2026-10-06 16:17:25.967 -07:00 [INF] Chapter name: 031: Prophecy - Part 2
2026-10-06 16:17:25.985 -07:00 [INF] Chapter name: 032: Collective
2026-10-06 16:17:26.013 -07:00 [INF] Chapter name: 033: V is for ?
2026-10-06 16:17:26.030 -07:00 [INF] Chapter name: 034: Orphans - Part 1
2026-10-06 16:17:26.075 -07:00 [INF] Processing Folder: data\afy
2026-10-06 16:17:26.558 -07:00 [INF] Chapter name: 001: Prologue
2026-10-06 16:17:27.178 -07:00 [INF] Chapter name: 002: Chapter One
2026-10-06 16:17:27.705 -07:00 [INF] Chapter name: 003: Chapter Two
2026-10-06 16:17:28.069 -07:00 [INF] Chapter name: 004: Chapter Three
2026-10-06 16:17:28.423 -07:00 [INF] Chapter name: 005: Chapter Four
2026-10-06 16:17:28.737 -07:00 [INF] Chapter name: 006: Chapter Five
2026-10-06 16:17:29.084 -07:00 [INF] Chapter name: 007: Chapter Six
2026-10-06 16:17:29.440 -07:00 [INF] Chapter name: 008: Chapter Seven
2026-10-06 16:17:29.701 -07:00 [INF] Chapter name: 009: Chapter Eight
2026-10-06 16:17:29.937 -07:00 [INF] Chapter name: 010: Chapter Nine
2026-10-06 16:17:30.164 -07:00 [INF] Chapter name: 011: Chapter Ten
2026-10-06 16:17:30.394 -07:00 [INF] Chapter name: 012: Chapter Eleven
2026-10-06 16:17:30.597 -07:00 [INF] Chapter name: 013: Chapter Twelve
2026-10-06 16:17:30.786 -07:00 [INF] Chapter name: 014: Chapter Thirteen
2026-10-06 16:17:30.969 -07:00 [INF] Chapter name: 015: Chapter Fourteen
2026-10-06 16:17:31.176 -07:00 [INF] Chapter name: 016: Chapter Fifteen
2026-10-06 16:17:31.401 -07:00 [INF] Chapter name: 017: Chapter Sixteen
2026-10-06 16:17:31.583 -07:00 [INF] Chapter name: 018: Chapter Seventeen
2026-10-06 16:17:31.779 -07:00 [INF] Chapter name: 019: Chapter Eighteen
2026-10-06 16:17:31.974 -07:00 [INF] Chapter name: 020: Chapter Nineteen
2026-10-06 16:17:32.170 -07:00 [INF] Chapter name: 021: Chapter Twenty
2026-10-06 16:17:32.368 -07:00 [INF] Chapter name: 022: Chapter Twenty-one
2026-10-06 16:17:32.578 -07:00 [INF] Chapter name: 023: Chapter Twenty-Two
2026-10-06 16:17:32.788 -07:00 [INF] Chapter name: 024: Chapter Twenty-Three
2026-10-06 16:17:32.990 -07:00 [INF] Chapter name: 025: Chapter Twenty-Four
2026-10-06 16:17:33.195 -07:00 [INF] Chapter name: 026: Chapter Twenty-Five
2026-10-06 16:17:33.392 -07:00 [INF] Chapter name: 027: Chapter Twenty-Six
2026-10-06 16:17:33.596 -07:00 [INF] Chapter name: 028: Chapter Twenty-Seven
2026-10-06 16:17:33.802 -07:00 [INF] Chapter name: 029: Chapter Twenty-Eight
2026-10-06 16:17:33.993 -07:00 [INF] Chapter name: 030: Chapter Twenty-Nine
2026-10-06 16:17:34.202 -07:00 [INF] Chapter name: 031: Chapter Thirty
2026-10-06 16:17:34.388 -07:00 [INF] Chapter name: 032: Chapter Thirty-One
2026-10-06 16:17:34.625 -07:00 [INF] Chapter name: 033: Chapter Thirty-Two
2026-10-06 16:17:34.864 -07:00 [INF] Chapter name: 034: Chapter Thirty-Three
2026-10-06 16:17:35.064 -07:00 [INF] Chapter name: 035: Chapter Thirty-Four
2026-10-06 16:17:35.262 -07:00 [INF] Chapter name: 036: Chapter Thirty-Five
2026-10-06 16:17:35.453 -07:00 [INF] Chapter name: 037: Chapter Thirty-Six
2026-10-06 16:17:35.634 -07:00 [INF] Chapter name: 038: Chapter Thirty-Seven
2026-10-06 16:17:35.828 -07:00 [INF] Chapter name: 039: Chapter Thirty-Eight
2026-10-06 16:17:36.025 -07:00 [INF] Chapter name: 040: Chapter Thirty-Nine
2026-10-06 16:17:36.209 -07:00 [INF] Chapter name: 041: Chapter Forty
2026-10-06 16:17:36.385 -07:00 [INF] Chapter name: 042: Chapter Forty-One
2026-10-06 16:17:36.566 -07:00 [INF] Chapter name: 043: Chapter Forty-Two
2026-10-06 16:17:36.760 -07:00 [INF] Chapter name: 044: Chapter Forty-Three
2026-10-06 16:17:36.942 -07:00 [INF] Chapter name: 045: Chapter Forty-Four
2026-10-06 16:17:37.138 -07:00 [INF] Chapter name: 046: Chapter Forty-Five
2026-10-06 16:17:37.338 -07:00 [INF] Chapter name: 047: Chapter Forty-Six
2026-10-06 16:17:37.548 -07:00 [INF] Chapter name: 048: Chapter Forty-Seven
2026-10-06 16:17:37.755 -07:00 [INF] Chapter name: 049: Chapter Forty-Eight
2026-10-06 16:17:37.973 -07:00 [INF] Chapter name: 050: Chapter Forty-Nine
2026-10-06 16:17:38.185 -07:00 [INF] Chapter name: 051: Chapter Fifty
2026-10-06 16:17:38.379 -07:00 [INF] Chapter name: 053: Chapter Fifty-Two
2026-10-06 16:17:38.586 -07:00 [INF] Chapter name: 054: Chapter Fifty-Three
2026-10-06 16:17:38.784 -07:00 [INF] Chapter name: 055: Chapter Fifty-Four
2026-10-06 16:17:38.983 -07:00 [INF] Chapter name: 056: Chapter Fifty-Five
2026-10-06 16:17:39.176 -07:00 [INF] Chapter name: 057: Chapter Fifty-Six
2026-10-06 16:17:39.376 -07:00 [INF] Chapter name: 058: Chapter Fifty-Seven
2026-10-06 16:17:39.573 -07:00 [INF] Chapter name: 059: Chapter Fifty-Eight
2026-10-06 16:17:39.773 -07:00 [INF] Chapter name: 060: Chapter Fifty-Nine
2026-10-06 16:17:40.030 -07:00 [INF] Chapter name: 061: Chapter Sixty
2026-10-06 16:17:40.268 -07:00 [INF] Chapter name: 062: Chapter Sixty-One
2026-10-06 16:17:40.487 -07:00 [INF] Chapter name: 063: Chapter Sixty-Two
2026-10-06 16:17:40.708 -07:00 [INF] Chapter name: 064: Epilogue
2026-10-06 16:17:40.727 -07:00 [INF] Processing Folder: data\bnr
2026-10-06 16:17:40.936 -07:00 [INF] Chapter name: 001: Chapter 1 - Death's Gratitude
2026-10-06 16:17:41.148 -07:00 [INF] Chapter name: 010: Chapter 10 - A Black Christmas
2026-10-06 16:17:41.372 -07:00 [INF] Chapter name: 011: Chapter 11 - Fate or Destiny?
2026-10-06 16:17:41.564 -07:00 [INF] Chapter name: 012: Chapter 12 - A New Resolve
2026-10-06 16:17:41.754 -07:00 [INF] Chapter name: 013: Chapter 13 - Friends
2026-10-06 16:17:41.956 -07:00 [INF] Chapter name: 014: Chapter 14 - Divergence
2026-10-06 16:17:42.169 -07:00 [INF] Chapter name: 015: Chapter 15 - Exams
2026-10-06 16:17:42.430 -07:00 [INF] Chapter name: 016: Chapter 16 - Quidditch
2026-10-06 16:17:42.645 -07:00 [INF] Chapter name: 017: Chapter 17 - Gaunt
2026-10-06 16:17:42.831 -07:00 [INF] Chapter name: 018: Chapter 18 - Magic Ancestry
2026-10-06 16:17:43.021 -07:00 [INF] Chapter name: 019: Chapter 19 - Danger
2026-10-06 16:17:43.231 -07:00 [INF] Chapter name: 002: Chapter 2 - Third-floor Corridor
2026-10-06 16:17:43.438 -07:00 [INF] Chapter name: 020: Chapter 20 - Kill
2026-10-06 16:17:43.623 -07:00 [INF] Chapter name: 021: Chapter 21 - Hope
2026-10-06 16:17:43.810 -07:00 [INF] Chapter name: 022: Chapter 22 - Sisters
2026-10-06 16:17:43.993 -07:00 [INF] Chapter name: 023: Chapter 23 - Totems
2026-10-06 16:17:44.130 -07:00 [INF] Chapter name: 024: Chapter 24 - Politics
2026-10-06 16:17:44.343 -07:00 [INF] Chapter name: 025: Chapter 25 - Duelling Club (I)
2026-10-06 16:17:44.571 -07:00 [INF] Chapter name: 026: Chapter 26 - Duelling Club (II)
2026-10-06 16:17:44.839 -07:00 [INF] Chapter name: 027: Chapter 27 - Jinx
2026-10-06 16:17:45.091 -07:00 [INF] Chapter name: 028: Chapter 28 - Thrall
2026-10-06 16:17:45.391 -07:00 [INF] Chapter name: 029: Chapter 29 - Serial Killer
2026-10-06 16:17:45.680 -07:00 [INF] Chapter name: 003: Chapter 3 - Halloween (I)
2026-10-06 16:17:45.958 -07:00 [INF] Chapter name: 030: Chapter 30 - Ancient and Modern magic
2026-10-06 16:17:46.208 -07:00 [INF] Chapter name: 031: Chapter 31 - Awakening
2026-10-06 16:17:46.446 -07:00 [INF] Chapter name: 032: Chapter 32 - Thief's Downfall
2026-10-06 16:17:46.638 -07:00 [INF] Chapter name: 033: Chapter 33 - Aftermath
2026-10-06 16:17:46.849 -07:00 [INF] Chapter name: 034: Chapter 34 - Obsession
2026-10-06 16:17:47.044 -07:00 [INF] Chapter name: 035: Chapter 35 - Confession
2026-10-06 16:17:47.228 -07:00 [INF] Chapter name: 036: Chapter 36 - Trap
2026-10-06 16:17:47.435 -07:00 [INF] Chapter name: 037: Chapter 37 - Clash
2026-10-06 16:17:47.650 -07:00 [INF] Chapter name: 038: Chapter 38 - Prophecy (I)
2026-10-06 16:17:47.868 -07:00 [INF] Chapter name: 039: Chapter 39 - Bella and Fleur
2026-10-06 16:17:48.107 -07:00 [INF] Chapter name: 004: Chapter 4 - Halloween (II)
2026-10-06 16:17:48.326 -07:00 [INF] Chapter name: 040: Chapter 40 - Letters
2026-10-06 16:17:48.548 -07:00 [INF] Chapter name: 041: Chapter 41 - Love
2026-10-06 16:17:48.793 -07:00 [INF] Chapter name: 042: Chapter 42 - Summer with the Delacours
2026-10-06 16:17:49.060 -07:00 [INF] Chapter name: 043: Chapter 43 - Fleur's Past
2026-10-06 16:17:49.351 -07:00 [INF] Chapter name: 044: Chapter 44 - One Year Later
2026-10-06 16:17:49.724 -07:00 [INF] Chapter name: 045: Chapter 45 - Reemergence
2026-10-06 16:17:50.085 -07:00 [INF] Chapter name: 046: Chapter 46 - Thomas Gaunt
2026-10-06 16:17:50.504 -07:00 [INF] Chapter name: 047: Chapter 47 - Attack
2026-10-06 16:17:50.939 -07:00 [INF] Chapter name: 048: Chapter 48 - Curse of the Damned (1)
2026-10-06 16:17:51.386 -07:00 [INF] Chapter name: 049: Chapter 49 - Curse of the Damned (2)
2026-10-06 16:17:51.837 -07:00 [INF] Chapter name: 005: Chapter 5 - Once Bitten, Twice Shy
2026-10-06 16:17:52.276 -07:00 [INF] Chapter name: 050: Chapter 50 - Prophecy (II)
2026-10-06 16:17:52.730 -07:00 [INF] Chapter name: 051: Chapter 51 - His Choice
2026-10-06 16:17:53.163 -07:00 [INF] Chapter name: 052: Chapter 52 - Promise
2026-10-06 16:17:53.582 -07:00 [INF] Chapter name: 053: Chapter 53 - Interlude
2026-10-06 16:17:54.006 -07:00 [INF] Chapter name: 054: Chapter 54 - Dead Men Walking
2026-10-06 16:17:54.324 -07:00 [INF] Chapter name: 055: Chapter 55 - Pandemonium
2026-10-06 16:17:54.606 -07:00 [INF] Chapter name: 056: Chapter 56 - Oracle
2026-10-06 16:17:54.914 -07:00 [INF] Chapter name: 057: Chapter 57 - ICW Summit
2026-10-06 16:17:55.265 -07:00 [INF] Chapter name: 058: Chapter 58 - Deal
2026-10-06 16:17:55.665 -07:00 [INF] Chapter name: 059: Epilogue
2026-10-06 16:17:55.996 -07:00 [INF] Chapter name: 006: Chapter 6 - Just a Windy Spell
2026-10-06 16:17:56.263 -07:00 [INF] Chapter name: 007: Chapter 7 - Bellatrix Black
2026-10-06 16:17:56.562 -07:00 [INF] Chapter name: 008: Chapter 8 - Harry and Fleur
2026-10-06 16:17:56.836 -07:00 [INF] Chapter name: 009: Chapter 9 - Living with Bellatrix
2026-10-06 16:17:56.860 -07:00 [INF] Processing Folder: data\brm
2026-10-06 16:17:57.167 -07:00 [INF] Chapter name: 001: Chapter 1
2026-10-06 16:17:57.512 -07:00 [INF] Chapter name: 002: Chapter 2
2026-10-06 16:17:57.874 -07:00 [INF] Chapter name: 003: Chapter 3
2026-10-06 16:17:58.214 -07:00 [INF] Chapter name: 004: Chapter 4
2026-10-06 16:17:58.436 -07:00 [INF] Chapter name: 005: Chapter 5
2026-10-06 16:17:58.631 -07:00 [INF] Chapter name: 006: Chapter 6
2026-10-06 16:17:58.830 -07:00 [INF] Chapter name: 007: Chapter 7
2026-10-06 16:17:58.999 -07:00 [INF] Chapter name: 008: Chapter 8
2026-10-06 16:17:59.175 -07:00 [INF] Chapter name: 009: Chapter 9
2026-10-06 16:17:59.373 -07:00 [INF] Chapter name: 010: Chapter 10
2026-10-06 16:17:59.575 -07:00 [INF] Chapter name: 011: Chapter 11
2026-10-06 16:17:59.753 -07:00 [INF] Chapter name: 012: Chapter 12
2026-10-06 16:17:59.934 -07:00 [INF] Chapter name: 013: Chapter 13
