2026-07-20 15:21:14.717 -07:00 [INF] Processing from non-rooted source path: afy
2026-07-20 15:21:14.775 -07:00 [INF] Processing file: data\afy\All For You Chapter 00_ Prologue, a harry potter fanfic _ FanFiction.html
2026-07-20 15:21:14.807 -07:00 [INF] StoryName: All For You
2026-07-20 15:21:18.420 -07:00 [INF] Chapter name: Chapter 00
2026-07-20 15:21:18.433 -07:00 [INF] Processing file: data\afy\All For You Chapter 01, a harry potter fanfic _ FanFiction.html
2026-07-20 15:21:18.438 -07:00 [INF] StoryName: All For You
2026-07-20 15:21:19.022 -07:00 [INF] Chapter name: Chapter 01
2026-07-20 15:21:19.025 -07:00 [INF] Processing file: data\afy\All For You Chapter 02, a harry potter fanfic _ FanFiction.html
2026-07-20 15:21:19.029 -07:00 [INF] StoryName: All For You
2026-07-20 15:21:21.386 -07:00 [INF] Chapter name: Chapter 02
2026-07-20 15:21:21.388 -07:00 [INF] Processing file: data\afy\All For You Chapter 03, a harry potter fanfic _ FanFiction.html
2026-07-20 15:21:21.392 -07:00 [INF] StoryName: All For You
2026-07-20 15:21:25.820 -07:00 [INF] Chapter name: Chapter 03
2026-07-20 15:21:25.822 -07:00 [INF] Processing file: data\afy\All For You Chapter 04, a harry potter fanfic _ FanFiction.html
2026-07-20 15:21:25.826 -07:00 [INF] StoryName: All For You
2026-07-20 15:21:26.898 -07:00 [INF] Chapter name: Chapter 04
2026-07-20 15:21:26.899 -07:00 [INF] Processing file: data\afy\All For You Chapter 05, a harry potter fanfic _ FanFiction.html
2026-07-20 15:21:26.911 -07:00 [INF] StoryName: All For You
2026-07-20 15:21:27.458 -07:00 [INF] Chapter name: Chapter 05
2026-07-20 15:21:27.459 -07:00 [INF] Processing file: data\afy\All For You Chapter 06, a harry potter fanfic _ FanFiction.html
2026-07-20 15:21:27.463 -07:00 [INF] StoryName: All For You
2026-07-20 15:21:27.978 -07:00 [INF] Chapter name: Chapter 06
2026-07-20 15:21:27.979 -07:00 [INF] Processing file: data\afy\All For You Chapter 07, a harry potter fanfic _ FanFiction.html
2026-07-20 15:21:27.984 -07:00 [INF] StoryName: All For You
2026-07-20 15:21:28.496 -07:00 [INF] Chapter name: Chapter 07
2026-07-20 15:21:28.497 -07:00 [INF] Processing file: data\afy\All For You Chapter 08, a harry potter fanfic _ FanFiction.html
2026-07-20 15:21:28.501 -07:00 [INF] StoryName: All For You
2026-07-20 15:21:29.033 -07:00 [INF] Chapter name: Chapter 08
2026-07-20 15:21:29.034 -07:00 [INF] Processing file: data\afy\All For You Chapter 09, a harry potter fanfic _ FanFiction.html
2026-07-20 15:21:29.038 -07:00 [INF] StoryName: All For You
2026-07-20 15:21:29.637 -07:00 [INF] Chapter name: Chapter 09
2026-07-20 15:21:29.639 -07:00 [INF] Processing file: data\afy\All For You Chapter 10, a harry potter fanfic _ FanFiction.html
2026-07-20 15:21:29.643 -07:00 [INF] StoryName: All For You
2026-07-20 15:21:30.235 -07:00 [INF] Chapter name: Chapter 10
2026-07-20 15:21:30.236 -07:00 [INF] Processing file: data\afy\All For You Chapter 11, a harry potter fanfic _ FanFiction.html
2026-07-20 15:21:30.241 -07:00 [INF] StoryName: All For You
2026-07-20 15:21:30.796 -07:00 [INF] Chapter name: Chapter 11
2026-07-20 15:21:30.798 -07:00 [INF] Processing file: data\afy\All For You Chapter 12, a harry potter fanfic _ FanFiction.html
2026-07-20 15:21:30.803 -07:00 [INF] StoryName: All For You
2026-07-20 15:21:31.362 -07:00 [INF] Chapter name: Chapter 12
2026-07-20 15:21:31.370 -07:00 [INF] Processing file: data\afy\All For You Chapter 13, a harry potter fanfic _ FanFiction.html
2026-07-20 15:21:31.374 -07:00 [INF] StoryName: All For You
2026-07-20 15:21:32.043 -07:00 [INF] Chapter name: Chapter 13
2026-07-20 15:21:32.045 -07:00 [INF] Processing file: data\afy\All For You Chapter 14, a harry potter fanfic _ FanFiction.html
2026-07-20 15:21:32.051 -07:00 [INF] StoryName: All For You
2026-07-20 15:21:32.644 -07:00 [INF] Chapter name: Chapter 14
2026-07-20 15:21:32.646 -07:00 [INF] Processing file: data\afy\All For You Chapter 15, a harry potter fanfic _ FanFiction.html
2026-07-20 15:21:32.651 -07:00 [INF] StoryName: All For You
2026-07-20 15:21:33.514 -07:00 [INF] Chapter name: Chapter 15
2026-07-20 15:21:33.516 -07:00 [INF] Processing file: data\afy\All For You Chapter 16, a harry potter fanfic _ FanFiction.html
2026-07-20 15:21:33.521 -07:00 [INF] StoryName: All For You
2026-07-20 15:21:34.626 -07:00 [INF] Chapter name: Chapter 16
2026-07-20 15:21:34.629 -07:00 [INF] Processing file: data\afy\All For You Chapter 17, a harry potter fanfic _ FanFiction.html
2026-07-20 15:21:34.637 -07:00 [INF] StoryName: All For You
2026-07-20 15:21:35.546 -07:00 [INF] Chapter name: Chapter 17
2026-07-20 15:21:35.548 -07:00 [INF] Processing file: data\afy\All For You Chapter 18, a harry potter fanfic _ FanFiction.html
2026-07-20 15:21:35.554 -07:00 [INF] StoryName: All For You
2026-07-20 15:21:36.239 -07:00 [INF] Chapter name: Chapter 18
2026-07-20 15:21:36.242 -07:00 [INF] Processing file: data\afy\All For You Chapter 19, a harry potter fanfic _ FanFiction.html
2026-07-20 15:21:36.260 -07:00 [INF] StoryName: All For You
2026-07-20 15:21:37.962 -07:00 [INF] Chapter name: Chapter 19
2026-07-20 15:21:37.965 -07:00 [INF] Processing file: data\afy\All For You Chapter 20, a harry potter fanfic _ FanFiction.html
2026-07-20 15:21:37.972 -07:00 [INF] StoryName: All For You
2026-07-20 15:21:40.307 -07:00 [INF] Chapter name: Chapter 20
2026-07-20 15:21:40.309 -07:00 [INF] Processing file: data\afy\All For You Chapter 21 a harry potter fanfic _ FanFiction.html
2026-07-20 15:21:40.314 -07:00 [INF] StoryName: All For You
