2026-10-06 16:18:00.113 -07:00 [INF] Chapter name: 014: Chapter 14
2026-10-06 16:18:00.318 -07:00 [INF] Chapter name: 015: Chapter 15
2026-10-06 16:18:00.554 -07:00 [INF] Chapter name: 016: Chapter 16
2026-10-06 16:18:00.775 -07:00 [INF] Chapter name: 017: Chapter 17
2026-10-06 16:18:00.993 -07:00 [INF] Chapter name: 018: Chapter 18
2026-10-06 16:18:01.015 -07:00 [INF] Processing Folder: data\dccgalw
2026-10-06 16:18:01.203 -07:00 [INF] Chapter name: 010: The Talkening
2026-10-06 16:18:01.524 -07:00 [INF] Chapter name: 001: Help Wanted
2026-10-06 16:18:01.736 -07:00 [INF] Chapter name: 002: Help Given
2026-10-06 16:18:01.903 -07:00 [INF] Chapter name: 003: Help, I Need Somebody
2026-10-06 16:18:02.059 -07:00 [INF] Chapter name: 004: Veni, Vidi, Gimme
2026-10-06 16:18:02.220 -07:00 [INF] Chapter name: 005: Rebuild, Improve, Probe
2026-10-06 16:18:02.419 -07:00 [INF] Chapter name: 006: Two Worlds, One Team
2026-10-06 16:18:02.644 -07:00 [INF] Chapter name: 007: Thorough Testing Is Important
2026-10-06 16:18:02.836 -07:00 [INF] Chapter name: 008: Getting There
2026-10-06 16:18:03.013 -07:00 [INF] Chapter name: 009: Dialog Beginnings
2026-10-06 16:18:03.022 -07:00 [INF] Processing Folder: data\dlffap
2026-10-06 16:18:03.220 -07:00 [INF] Chapter name: 023: Blank chapter due to move 1
2026-10-06 16:18:03.428 -07:00 [INF] Chapter name: 025: Blank chapter due to move 2
2026-10-06 16:18:03.632 -07:00 [INF] Chapter name: 026: Blank chapter due to move 3
2026-10-06 16:18:03.818 -07:00 [INF] Chapter name: 027: Blank chapter due to move 4
2026-10-06 16:18:03.998 -07:00 [INF] Chapter name: 030: Blank chapter due to move 5
2026-10-06 16:18:04.174 -07:00 [INF] Chapter name: 010: Top Secret
2026-10-06 16:18:04.353 -07:00 [INF] Chapter name: 011: Backchannel Inquiries
2026-10-06 16:18:04.513 -07:00 [INF] Chapter name: 012: Black Bag
2026-10-06 16:18:04.691 -07:00 [INF] Chapter name: 013: Quantum Hiss
2026-10-06 16:18:04.869 -07:00 [INF] Chapter name: 014: Omake - Goddam Tinker Crap
2026-10-06 16:18:05.044 -07:00 [INF] Chapter name: 015: Omake - Tying off loose ends
2026-10-06 16:18:05.225 -07:00 [INF] Chapter name: 016: Purchase Order
2026-10-06 16:18:05.415 -07:00 [INF] Chapter name: 017: Subspace Probing
2026-10-06 16:18:05.593 -07:00 [INF] Chapter name: 018: Portal Analysis
2026-10-06 16:18:05.765 -07:00 [INF] Chapter name: 019: Flight Testing
2026-10-06 16:18:05.937 -07:00 [INF] Chapter name: 001: Distance Learning
2026-10-06 16:18:06.110 -07:00 [INF] Chapter name: 020: Processing Nodes
2026-10-06 16:18:06.281 -07:00 [INF] Chapter name: 021: Fixing Problems
2026-10-06 16:18:06.468 -07:00 [INF] Chapter name: 022: Interlude - Gravity Falls
2026-10-06 16:18:06.657 -07:00 [INF] Chapter name: 024: Signing Papers
2026-10-06 16:18:06.833 -07:00 [INF] Chapter name: 028: Changing Circumstances
2026-10-06 16:18:07.006 -07:00 [INF] Chapter name: 029: Omake - Lights, Cameras, Music!
2026-10-06 16:18:07.176 -07:00 [INF] Chapter name: 002: Academic Interests
2026-10-06 16:18:07.359 -07:00 [INF] Chapter name: 003: Public Reaction
2026-10-06 16:18:07.527 -07:00 [INF] Chapter name: 004: Official Attention
2026-10-06 16:18:07.718 -07:00 [INF] Chapter name: 005: Friendly Chat
2026-10-06 16:18:07.930 -07:00 [INF] Chapter name: 006: Portable Devices
2026-10-06 16:18:08.129 -07:00 [INF] Chapter name: 007: Hospital Visit
2026-10-06 16:18:08.325 -07:00 [INF] Chapter name: 008: Christmas Break
2026-10-06 16:18:08.502 -07:00 [INF] Chapter name: 009: Dusty Boxes
2026-10-06 16:18:08.513 -07:00 [INF] Processing Folder: data\etfan
2026-10-06 16:18:08.689 -07:00 [INF] Chapter name: 010: The Escape
2026-10-06 16:18:08.872 -07:00 [INF] Chapter name: 011: Diagon Alley
2026-10-06 16:18:09.068 -07:00 [INF] Chapter name: 012: The Castle
2026-10-06 16:18:09.253 -07:00 [INF] Chapter name: 013: Life in Hogwarts
2026-10-06 16:18:09.449 -07:00 [INF] Chapter name: 014: Trial of the Mind
2026-10-06 16:18:09.627 -07:00 [INF] Chapter name: 015: Towers of Black and White
2026-10-06 16:18:09.822 -07:00 [INF] Chapter name: 016: Trial of the Heart
2026-10-06 16:18:10.015 -07:00 [INF] Chapter name: 017: The Temple
2026-10-06 16:18:10.211 -07:00 [INF] Chapter name: 018: Final Boss
2026-10-06 16:18:10.398 -07:00 [INF] Chapter name: 001: New Game
2026-10-06 16:18:10.605 -07:00 [INF] Chapter name: 002: Character Creation
2026-10-06 16:18:10.805 -07:00 [INF] Chapter name: 003: Fetch Quest
2026-10-06 16:18:11.009 -07:00 [INF] Chapter name: 004: Deeper into the Dungeon
2026-10-06 16:18:11.190 -07:00 [INF] Chapter name: 005: Escort Mission
2026-10-06 16:18:11.379 -07:00 [INF] Chapter name: 006: The Mine
2026-10-06 16:18:11.564 -07:00 [INF] Chapter name: 007: Eidolon
2026-10-06 16:18:11.749 -07:00 [INF] Chapter name: 008: Town of Beginnings
2026-10-06 16:18:11.912 -07:00 [INF] Chapter name: 009: Party Management
2026-10-06 16:18:11.923 -07:00 [INF] Processing Folder: data\fh
2026-10-06 16:18:12.097 -07:00 [INF] Chapter name: 010: Home Sweet Home
2026-10-06 16:18:12.288 -07:00 [INF] Chapter name: 011: Money Matters
2026-10-06 16:18:12.470 -07:00 [INF] Chapter name: 012: Potter Manor
2026-10-06 16:18:12.682 -07:00 [INF] Chapter name: 013: Going to Work
2026-10-06 16:18:12.915 -07:00 [INF] Chapter name: 014: The Good, the Bad, and the Stupid
2026-10-06 16:18:13.135 -07:00 [INF] Chapter name: 015: Sand Falling through the Hourglass
2026-10-06 16:18:13.363 -07:00 [INF] Chapter name: 016: Reunion
2026-10-06 16:18:13.586 -07:00 [INF] Chapter name: 017: Gaudy Jewelry
2026-10-06 16:18:13.788 -07:00 [INF] Chapter name: 018: Family Momentos
2026-10-06 16:18:13.981 -07:00 [INF] Chapter name: 019: Trouble Afoot
2026-10-06 16:18:14.148 -07:00 [INF] Chapter name: 001: Fae-Crossed Lovers
2026-10-06 16:18:14.330 -07:00 [INF] Chapter name: 020: Summer's End
2026-10-06 16:18:14.512 -07:00 [INF] Chapter name: 021: Loop-de-Loop
2026-10-06 16:18:14.716 -07:00 [INF] Chapter name: 022: Knight Takes Rook
2026-10-06 16:18:14.910 -07:00 [INF] Chapter name: 023: Attitude Adjustment
2026-10-06 16:18:15.108 -07:00 [INF] Chapter name: 024: A Bad Case of the Mondays
2026-10-06 16:18:15.347 -07:00 [INF] Chapter name: 025: Mistaken Memory
2026-10-06 16:18:15.624 -07:00 [INF] Chapter name: 026: Elementary, My Dear Watson
2026-10-06 16:18:15.858 -07:00 [INF] Chapter name: 027: Requiescat in Dolore
2026-10-06 16:18:16.068 -07:00 [INF] Chapter name: 028: Problems with Authority
2026-10-06 16:18:16.248 -07:00 [INF] Chapter name: 029: The Grass isn't Always Greener
2026-10-06 16:18:16.460 -07:00 [INF] Chapter name: 002: To-Do List
2026-10-06 16:18:16.622 -07:00 [INF] Chapter name: 030: Cause and Effect
2026-10-06 16:18:16.819 -07:00 [INF] Chapter name: 031: Autumnal Equinox
2026-10-06 16:18:16.990 -07:00 [INF] Chapter name: 032: Educational Decree 24
2026-10-06 16:18:17.181 -07:00 [INF] Chapter name: 033: The Slug's Return
2026-10-06 16:18:17.363 -07:00 [INF] Chapter name: 034: To Keep a Secret
2026-10-06 16:18:17.562 -07:00 [INF] Chapter name: 035: Day of the Dead
2026-10-06 16:18:17.774 -07:00 [INF] Chapter name: 036: What is Justice?
2026-10-06 16:18:17.973 -07:00 [INF] Chapter name: 037: Hagrid's Return
2026-10-06 16:18:18.157 -07:00 [INF] Chapter name: 038: Raid on the Ministry
2026-10-06 16:18:18.368 -07:00 [INF] Chapter name: 039: Gifts and Curses
2026-10-06 16:18:18.619 -07:00 [INF] Chapter name: 003: Fights, Plots, and Suicide
2026-10-06 16:18:18.859 -07:00 [INF] Chapter name: 040: Deck the Halls
2026-10-06 16:18:19.058 -07:00 [INF] Chapter name: 041: Not So Silent Night
2026-10-06 16:18:19.241 -07:00 [INF] Chapter name: 042: Facing the Fox
2026-10-06 16:18:19.421 -07:00 [INF] Chapter name: 043: Unexpected News
2026-10-06 16:18:19.597 -07:00 [INF] Chapter name: 044: Casting Blame
2026-10-06 16:18:19.769 -07:00 [INF] Chapter name: 045: In Pursuit of Justice
2026-10-06 16:18:19.951 -07:00 [INF] Chapter name: 046: Vile Valentine's
2026-10-06 16:18:20.162 -07:00 [INF] Chapter name: 047: Unforeseen Challenges
2026-10-06 16:18:20.339 -07:00 [INF] Chapter name: 048: The Enemy of My Enemy
2026-10-06 16:18:20.522 -07:00 [INF] Chapter name: 049: Wages of Sin
2026-10-06 16:18:20.700 -07:00 [INF] Chapter name: 004: Audience with the Queen
2026-10-06 16:18:20.893 -07:00 [INF] Chapter name: 050: Epilogue
2026-10-06 16:18:21.062 -07:00 [INF] Chapter name: 005: Confrontations Past and Present
2026-10-06 16:18:21.244 -07:00 [INF] Chapter name: 006: The Plot Sickens
2026-10-06 16:18:21.429 -07:00 [INF] Chapter name: 007: Last Minute Errands
2026-10-06 16:18:21.609 -07:00 [INF] Chapter name: 008: Comparing Notes
2026-10-06 16:18:21.804 -07:00 [INF] Chapter name: 009: Family Reunion
2026-10-06 16:18:21.825 -07:00 [INF] Processing Folder: data\ftwb
2026-10-06 16:18:21.996 -07:00 [INF] Chapter name: 010: Our Destination
2026-10-06 16:18:22.202 -07:00 [INF] Chapter name: 011: Illusions End
2026-10-06 16:18:22.389 -07:00 [INF] Chapter name: 012: Scars Exposed
2026-10-06 16:18:22.570 -07:00 [INF] Chapter name: 013: The Sun Still Shines
2026-10-06 16:18:22.761 -07:00 [INF] Chapter name: 014: Homeward Bound
2026-10-06 16:18:22.959 -07:00 [INF] Chapter name: 015: Daybreak Again
2026-10-06 16:18:23.141 -07:00 [INF] Chapter name: 016: From the New World
2026-10-06 16:18:23.153 -07:00 [INF] Chapter name: 001: Through the Veil
2026-10-06 16:18:23.344 -07:00 [INF] Chapter name: 002: Cinema Paradiso
2026-10-06 16:18:23.530 -07:00 [INF] Chapter name: 003: Burned Bridge
2026-10-06 16:18:23.722 -07:00 [INF] Chapter name: 004: Renewed Hope
2026-10-06 16:18:23.917 -07:00 [INF] Chapter name: 005: Irreversibly Changed
2026-10-06 16:18:24.125 -07:00 [INF] Chapter name: 006: Raw Wounds
2026-10-06 16:18:24.342 -07:00 [INF] Chapter name: 007: Tempered Glass
2026-10-06 16:18:24.545 -07:00 [INF] Chapter name: 008: Come Together
2026-10-06 16:18:24.738 -07:00 [INF] Chapter name: 009: Starry Night
2026-10-06 16:18:24.755 -07:00 [INF] Processing Folder: data\hpatfb
2026-10-06 16:18:24.956 -07:00 [INF] Chapter name: 001: Freedom for Harry
2026-10-06 16:18:25.144 -07:00 [INF] Chapter name: 002: Freedom for Hermione
2026-10-06 16:18:25.334 -07:00 [INF] Chapter name: 003: Freedom for Amelia Bones
2026-10-06 16:18:25.491 -07:00 [INF] Chapter name: 004: Reeling in the Dark Lords
2026-10-06 16:18:25.658 -07:00 [INF] Chapter name: 005: Fulfilling the Prophecy
2026-10-06 16:18:25.842 -07:00 [INF] Chapter name: 006: The Family Business
2026-10-06 16:18:26.036 -07:00 [INF] Chapter name: 007: Unfinished Business
2026-10-06 16:18:26.049 -07:00 [INF] Processing Folder: data\kofc
2026-10-06 16:18:26.231 -07:00 [INF] Chapter name: 001: Chapter 1
2026-10-06 16:18:26.445 -07:00 [INF] Chapter name: 010: Chapter 10
2026-10-06 16:18:26.636 -07:00 [INF] Chapter name: 100: Chapter 100
2026-10-06 16:18:26.820 -07:00 [INF] Chapter name: 101: Chapter 101
2026-10-06 16:18:27.007 -07:00 [INF] Chapter name: 102: Chapter 102
2026-10-06 16:18:27.190 -07:00 [INF] Chapter name: 103: Chapter 103
2026-10-06 16:18:27.375 -07:00 [INF] Chapter name: 104: Chapter 104
2026-10-06 16:18:27.556 -07:00 [INF] Chapter name: 105: Chapter 105
2026-10-06 16:18:27.738 -07:00 [INF] Chapter name: 106: Chapter 106
2026-10-06 16:18:27.942 -07:00 [INF] Chapter name: 107: Chapter 107
2026-10-06 16:18:28.142 -07:00 [INF] Chapter name: 108: Chapter 108
2026-10-06 16:18:28.340 -07:00 [INF] Chapter name: 109: Chapter 109
2026-10-06 16:18:28.524 -07:00 [INF] Chapter name: 011: Chapter 11
2026-10-06 16:18:28.711 -07:00 [INF] Chapter name: 110: Chapter 110
2026-10-06 16:18:28.893 -07:00 [INF] Chapter name: 111: Chapter 111
2026-10-06 16:18:29.071 -07:00 [INF] Chapter name: 112: Chapter 112
2026-10-06 16:18:29.269 -07:00 [INF] Chapter name: 113: Chapter 113
2026-10-06 16:18:29.488 -07:00 [INF] Chapter name: 114: Chapter 114
2026-10-06 16:18:29.706 -07:00 [INF] Chapter name: 115: Chapter 115
2026-10-06 16:18:29.904 -07:00 [INF] Chapter name: 116: Chapter 116
2026-10-06 16:18:30.100 -07:00 [INF] Chapter name: 117: Chapter 117
2026-10-06 16:18:30.281 -07:00 [INF] Chapter name: 118: Chapter 118
2026-10-06 16:18:30.469 -07:00 [INF] Chapter name: 119: Chapter 119
2026-10-06 16:18:30.661 -07:00 [INF] Chapter name: 012: Chapter 12
2026-10-06 16:18:30.854 -07:00 [INF] Chapter name: 120: Chapter 120
2026-10-06 16:18:31.036 -07:00 [INF] Chapter name: 121: Chapter 121
2026-10-06 16:18:31.228 -07:00 [INF] Chapter name: 122: Chapter 122
2026-10-06 16:18:31.399 -07:00 [INF] Chapter name: 123: Chapter 123
2026-10-06 16:18:31.599 -07:00 [INF] Chapter name: 124: Chapter 124
2026-10-06 16:18:31.808 -07:00 [INF] Chapter name: 125: Chapter 125
2026-10-06 16:18:32.005 -07:00 [INF] Chapter name: 126: Chapter 126
2026-10-06 16:18:32.187 -07:00 [INF] Chapter name: 127: Chapter 127
2026-10-06 16:18:32.376 -07:00 [INF] Chapter name: 128: Chapter 128
2026-10-06 16:18:32.558 -07:00 [INF] Chapter name: 129: Chapter 129
2026-10-06 16:18:32.737 -07:00 [INF] Chapter name: 013: Chapter 13
2026-10-06 16:18:32.927 -07:00 [INF] Chapter name: 130: Chapter 130
2026-10-06 16:18:33.113 -07:00 [INF] Chapter name: 131: Chapter 131
2026-10-06 16:18:33.287 -07:00 [INF] Chapter name: 132: Chapter 132
2026-10-06 16:18:33.472 -07:00 [INF] Chapter name: 133: Chapter 133
2026-10-06 16:18:33.638 -07:00 [INF] Chapter name: 134: Chapter 134
2026-10-06 16:18:33.787 -07:00 [INF] Chapter name: 135: Chapter 135
2026-10-06 16:18:33.963 -07:00 [INF] Chapter name: 136: Chapter 136
2026-10-06 16:18:34.139 -07:00 [INF] Chapter name: 137: Chapter 137
2026-10-06 16:18:34.319 -07:00 [INF] Chapter name: 138: Chapter 138
2026-10-06 16:18:34.502 -07:00 [INF] Chapter name: 139: Chapter 139
2026-10-06 16:18:34.685 -07:00 [INF] Chapter name: 014: Chapter 14
2026-10-06 16:18:34.880 -07:00 [INF] Chapter name: 140: Chapter 140
2026-10-06 16:18:35.096 -07:00 [INF] Chapter name: 141: Chapter 141
2026-10-06 16:18:35.283 -07:00 [INF] Chapter name: 142: Chapter 142
2026-10-06 16:18:35.467 -07:00 [INF] Chapter name: 143: Chapter 143
2026-10-06 16:18:35.648 -07:00 [INF] Chapter name: 144: Chapter 144
2026-10-06 16:18:35.793 -07:00 [INF] Chapter name: 015: Chapter 15
2026-10-06 16:18:35.979 -07:00 [INF] Chapter name: 016: Chapter 16
2026-10-06 16:18:36.147 -07:00 [INF] Chapter name: 017: Chapter 17
2026-10-06 16:18:36.323 -07:00 [INF] Chapter name: 018: Chapter 18
2026-10-06 16:18:36.516 -07:00 [INF] Chapter name: 019: Chapter 19
2026-10-06 16:18:36.718 -07:00 [INF] Chapter name: 002: Chapter 2
2026-10-06 16:18:36.931 -07:00 [INF] Chapter name: 020: Chapter 20
2026-10-06 16:18:37.147 -07:00 [INF] Chapter name: 021: Chapter 21
2026-10-06 16:18:37.372 -07:00 [INF] Chapter name: 022: Chapter 22
2026-10-06 16:18:37.594 -07:00 [INF] Chapter name: 023: Chapter 23
2026-10-06 16:18:37.788 -07:00 [INF] Chapter name: 024: Chapter 24
2026-10-06 16:18:37.982 -07:00 [INF] Chapter name: 025: Chapter 25
2026-10-06 16:18:38.161 -07:00 [INF] Chapter name: 026: Chapter 26
2026-10-06 16:18:38.339 -07:00 [INF] Chapter name: 027: Chapter 27
2026-10-06 16:18:38.519 -07:00 [INF] Chapter name: 028: Chapter 28
2026-10-06 16:18:38.696 -07:00 [INF] Chapter name: 029: Chapter 29
2026-10-06 16:18:38.879 -07:00 [INF] Chapter name: 003: Chapter 3
2026-10-06 16:18:39.156 -07:00 [INF] Chapter name: 030: Chapter 30
2026-10-06 16:18:39.470 -07:00 [INF] Chapter name: 031: Chapter 31
2026-10-06 16:18:39.719 -07:00 [INF] Chapter name: 032: Chapter 32
2026-10-06 16:18:39.916 -07:00 [INF] Chapter name: 033: Chapter 33
2026-10-06 16:18:40.112 -07:00 [INF] Chapter name: 034: Chapter 34
2026-10-06 16:18:40.319 -07:00 [INF] Chapter name: 035: Chapter 35
2026-10-06 16:18:40.526 -07:00 [INF] Chapter name: 036: Chapter 36
2026-10-06 16:18:40.706 -07:00 [INF] Chapter name: 037: Chapter 37
2026-10-06 16:18:40.878 -07:00 [INF] Chapter name: 038: Chapter 38
2026-10-06 16:18:41.058 -07:00 [INF] Chapter name: 039: Chapter 39
2026-10-06 16:18:41.257 -07:00 [INF] Chapter name: 004: Chapter 4
2026-10-06 16:18:41.453 -07:00 [INF] Chapter name: 040: Chapter 40
2026-10-06 16:18:41.645 -07:00 [INF] Chapter name: 041: Chapter 41
2026-10-06 16:18:41.845 -07:00 [INF] Chapter name: 042: Chapter 42
2026-10-06 16:18:42.064 -07:00 [INF] Chapter name: 043: Chapter 43
2026-10-06 16:18:42.397 -07:00 [INF] Chapter name: 044: Chapter 44
2026-10-06 16:18:42.783 -07:00 [INF] Chapter name: 045: Chapter 45
2026-10-06 16:18:43.210 -07:00 [INF] Chapter name: 046: Chapter 46
2026-10-06 16:18:43.645 -07:00 [INF] Chapter name: 047: Chapter 47
2026-10-06 16:18:44.065 -07:00 [INF] Chapter name: 048: Chapter 48
2026-10-06 16:18:44.450 -07:00 [INF] Chapter name: 049: Chapter 49
2026-10-06 16:18:44.814 -07:00 [INF] Chapter name: 005: Chapter 5
2026-10-06 16:18:45.142 -07:00 [INF] Chapter name: 050: Chapter 50
2026-10-06 16:18:45.389 -07:00 [INF] Chapter name: 051: Chapter 51
2026-10-06 16:18:45.599 -07:00 [INF] Chapter name: 052: Chapter 52
2026-10-06 16:18:45.828 -07:00 [INF] Chapter name: 053: Chapter 53
2026-10-06 16:18:46.009 -07:00 [INF] Chapter name: 054: Chapter 54
2026-10-06 16:18:46.197 -07:00 [INF] Chapter name: 055: Chapter 55
2026-10-06 16:18:46.381 -07:00 [INF] Chapter name: 056: Chapter 56
2026-10-06 16:18:46.557 -07:00 [INF] Chapter name: 057: Chapter 57
2026-10-06 16:18:46.728 -07:00 [INF] Chapter name: 058: Chapter 58
2026-10-06 16:18:46.907 -07:00 [INF] Chapter name: 059: Chapter 59
2026-10-06 16:18:47.105 -07:00 [INF] Chapter name: 006: Chapter 6
2026-10-06 16:18:47.297 -07:00 [INF] Chapter name: 060: Chapter 60
2026-10-06 16:18:47.497 -07:00 [INF] Chapter name: 061: Chapter 61
2026-10-06 16:18:47.704 -07:00 [INF] Chapter name: 062: Chapter 62
2026-10-06 16:18:47.885 -07:00 [INF] Chapter name: 063: Chapter 63
2026-10-06 16:18:48.071 -07:00 [INF] Chapter name: 064: Chapter 64
2026-10-06 16:18:48.271 -07:00 [INF] Chapter name: 065: Chapter 65
2026-10-06 16:18:48.452 -07:00 [INF] Chapter name: 066: Chapter 66
2026-10-06 16:18:48.629 -07:00 [INF] Chapter name: 067: Chapter 67
2026-10-06 16:18:48.793 -07:00 [INF] Chapter name: 068: Chapter 68
2026-10-06 16:18:48.983 -07:00 [INF] Chapter name: 069: Chapter 69
2026-10-06 16:18:49.188 -07:00 [INF] Chapter name: 007: Chapter 7
2026-10-06 16:18:49.376 -07:00 [INF] Chapter name: 070: Chapter 70
2026-10-06 16:18:49.554 -07:00 [INF] Chapter name: 071: Chapter 71
2026-10-06 16:18:49.729 -07:00 [INF] Chapter name: 072: Chapter 72
2026-10-06 16:18:49.909 -07:00 [INF] Chapter name: 073: Chapter 73
2026-10-06 16:18:50.091 -07:00 [INF] Chapter name: 074: Chapter 74
2026-10-06 16:18:50.271 -07:00 [INF] Chapter name: 075: Chapter 75
2026-10-06 16:18:50.445 -07:00 [INF] Chapter name: 076: Chapter 76
2026-10-06 16:18:50.616 -07:00 [INF] Chapter name: 077: Chapter 77
2026-10-06 16:18:50.768 -07:00 [INF] Chapter name: 078: Chapter 78
2026-10-06 16:18:50.961 -07:00 [INF] Chapter name: 079: Chapter 79
2026-10-06 16:18:51.206 -07:00 [INF] Chapter name: 008: Chapter 8
2026-10-06 16:18:51.431 -07:00 [INF] Chapter name: 080: Chapter 80
2026-10-06 16:18:51.628 -07:00 [INF] Chapter name: 081: Chapter 81
2026-10-06 16:18:51.842 -07:00 [INF] Chapter name: 082: Chapter 82
2026-10-06 16:18:52.040 -07:00 [INF] Chapter name: 083: Chapter 83
2026-10-06 16:18:52.230 -07:00 [INF] Chapter name: 084: Chapter 84
2026-10-06 16:18:52.398 -07:00 [INF] Chapter name: 085: Chapter 85
2026-10-06 16:18:52.572 -07:00 [INF] Chapter name: 086: Chapter 86
2026-10-06 16:18:52.743 -07:00 [INF] Chapter name: 087: Chapter 87
2026-10-06 16:18:52.913 -07:00 [INF] Chapter name: 088: Chapter 88
2026-10-06 16:18:53.094 -07:00 [INF] Chapter name: 089: Chapter 89
2026-10-06 16:18:53.264 -07:00 [INF] Chapter name: 009: Chapter 9
2026-10-06 16:18:53.443 -07:00 [INF] Chapter name: 090: Chapter 90
2026-10-06 16:18:53.632 -07:00 [INF] Chapter name: 091: Chapter 91
2026-10-06 16:18:53.870 -07:00 [INF] Chapter name: 092: Chapter 92
2026-10-06 16:18:54.069 -07:00 [INF] Chapter name: 093: Chapter 93
2026-10-06 16:18:54.235 -07:00 [INF] Chapter name: 094: Chapter 94
2026-10-06 16:18:54.408 -07:00 [INF] Chapter name: 095: Chapter 95
2026-10-06 16:18:54.582 -07:00 [INF] Chapter name: 096: Chapter 96
2026-10-06 16:18:54.758 -07:00 [INF] Chapter name: 097: Chapter 97
2026-10-06 16:18:54.946 -07:00 [INF] Chapter name: 098: Chapter 98
2026-10-06 16:18:55.102 -07:00 [INF] Chapter name: 099: Chapter 99
2026-10-06 16:18:55.119 -07:00 [INF] Processing Folder: data\motf
2026-10-06 16:18:55.287 -07:00 [INF] Chapter name: 001: Chapter 1
2026-10-06 16:18:55.501 -07:00 [INF] Chapter name: 010: Chapter 10
2026-10-06 16:18:55.740 -07:00 [INF] Chapter name: 011: Chapter 11
2026-10-06 16:18:55.946 -07:00 [INF] Chapter name: 012: Chapter 12
2026-10-06 16:18:56.140 -07:00 [INF] Chapter name: 013: Chapter 13
2026-10-06 16:18:56.357 -07:00 [INF] Chapter name: 014: Chapter 14
2026-10-06 16:18:56.575 -07:00 [INF] Chapter name: 015: Chapter 15
2026-10-06 16:18:56.792 -07:00 [INF] Chapter name: 016: Chapter 16
2026-10-06 16:18:56.976 -07:00 [INF] Chapter name: 017: Chapter 17
2026-10-06 16:18:57.151 -07:00 [INF] Chapter name: 018: Chapter 18
2026-10-06 16:18:57.349 -07:00 [INF] Chapter name: 019: Chapter 19
2026-10-06 16:18:57.536 -07:00 [INF] Chapter name: 002: Chapter 2
2026-10-06 16:18:57.708 -07:00 [INF] Chapter name: 020: Chapter 20
2026-10-06 16:18:57.912 -07:00 [INF] Chapter name: 021: Chapter 21
2026-10-06 16:18:58.112 -07:00 [INF] Chapter name: 022: Chapter 22
2026-10-06 16:18:58.368 -07:00 [INF] Chapter name: 023: Chapter 23
2026-10-06 16:18:58.688 -07:00 [INF] Chapter name: 024: Chapter 24
2026-10-06 16:18:58.934 -07:00 [INF] Chapter name: 025: Chapter 25
2026-10-06 16:18:59.127 -07:00 [INF] Chapter name: 026: Chapter 26
2026-10-06 16:18:59.339 -07:00 [INF] Chapter name: 027: Chapter 27
2026-10-06 16:18:59.523 -07:00 [INF] Chapter name: 028: Chapter 28
2026-10-06 16:18:59.714 -07:00 [INF] Chapter name: 029: Chapter 29
2026-10-06 16:18:59.886 -07:00 [INF] Chapter name: 003: Chapter 3
