2026-07-20 14:01:17.001 -07:00 [INF] Processing from non-rooted source path: afy
2026-07-20 14:01:17.406 -07:00 [INF] Processing file: data\afy\All For You Chapter 00_ Prologue, a harry potter fanfic _ FanFiction.html
2026-07-20 14:01:17.444 -07:00 [INF] StoryName: All For You
2026-07-20 14:01:17.447 -07:00 [INF] Chapter name: Chapter01
2026-07-20 14:01:17.453 -07:00 [INF] Processing file: data\afy\All For You Chapter 01, a harry potter fanfic _ FanFiction.html
2026-07-20 14:01:17.458 -07:00 [INF] StoryName: All For You
2026-07-20 14:01:17.459 -07:00 [INF] Chapter name: ChapterChapter One
2026-07-20 14:01:17.461 -07:00 [INF] Processing file: data\afy\All For You Chapter 02, a harry potter fanfic _ FanFiction.html
2026-07-20 14:01:17.464 -07:00 [INF] StoryName: All For You
2026-07-20 14:01:17.465 -07:00 [INF] Chapter name: ChapterChapter Two
2026-07-20 14:01:17.466 -07:00 [INF] Processing file: data\afy\All For You Chapter 03, a harry potter fanfic _ FanFiction.html
2026-07-20 14:01:17.469 -07:00 [INF] StoryName: All For You
2026-07-20 14:01:17.470 -07:00 [INF] Chapter name: ChapterChapter Three
2026-07-20 14:01:17.471 -07:00 [INF] Processing file: data\afy\All For You Chapter 04, a harry potter fanfic _ FanFiction.html
2026-07-20 14:01:17.474 -07:00 [INF] StoryName: All For You
2026-07-20 14:01:17.475 -07:00 [INF] Chapter name: ChapterChapter Four
2026-07-20 14:01:17.476 -07:00 [INF] Processing file: data\afy\All For You Chapter 05, a harry potter fanfic _ FanFiction.html
2026-07-20 14:01:17.479 -07:00 [INF] StoryName: All For You
2026-07-20 14:01:17.479 -07:00 [INF] Chapter name: ChapterChapter Five
2026-07-20 14:01:17.514 -07:00 [INF] Processing file: data\afy\All For You Chapter 06, a harry potter fanfic _ FanFiction.html
2026-07-20 14:01:17.519 -07:00 [INF] StoryName: All For You
2026-07-20 14:01:17.519 -07:00 [INF] Chapter name: ChapterChapter Six
2026-07-20 14:01:17.521 -07:00 [INF] Processing file: data\afy\All For You Chapter 07, a harry potter fanfic _ FanFiction.html
2026-07-20 14:01:17.524 -07:00 [INF] StoryName: All For You
2026-07-20 14:01:17.525 -07:00 [INF] Chapter name: ChapterChapter Seven
2026-07-20 14:01:17.527 -07:00 [INF] Processing file: data\afy\All For You Chapter 08, a harry potter fanfic _ FanFiction.html
2026-07-20 14:01:17.530 -07:00 [INF] StoryName: All For You
2026-07-20 14:01:17.531 -07:00 [INF] Chapter name: ChapterChapter Eight
2026-07-20 14:01:17.532 -07:00 [INF] Processing file: data\afy\All For You Chapter 09, a harry potter fanfic _ FanFiction.html
2026-07-20 14:01:17.535 -07:00 [INF] StoryName: All For You
2026-07-20 14:01:17.536 -07:00 [INF] Chapter name: ChapterChapter Nine
2026-07-20 14:01:17.537 -07:00 [INF] Processing file: data\afy\All For You Chapter 10, a harry potter fanfic _ FanFiction.html
2026-07-20 14:01:17.540 -07:00 [INF] StoryName: All For You
2026-07-20 14:01:17.540 -07:00 [INF] Chapter name: ChapterChapter Ten
2026-07-20 14:01:17.541 -07:00 [INF] Processing file: data\afy\All For You Chapter 11, a harry potter fanfic _ FanFiction.html
2026-07-20 14:01:17.545 -07:00 [INF] StoryName: All For You
2026-07-20 14:01:17.547 -07:00 [INF] Chapter name: ChapterChapter Eleven
2026-07-20 14:01:17.548 -07:00 [INF] Processing file: data\afy\All For You Chapter 12, a harry potter fanfic _ FanFiction.html
2026-07-20 14:01:17.551 -07:00 [INF] StoryName: All For You
2026-07-20 14:01:17.551 -07:00 [INF] Chapter name: ChapterChapter Twelve
2026-07-20 14:01:17.552 -07:00 [INF] Processing file: data\afy\All For You Chapter 13, a harry potter fanfic _ FanFiction.html
2026-07-20 14:01:17.557 -07:00 [INF] StoryName: All For You
2026-07-20 14:01:17.558 -07:00 [INF] Chapter name: ChapterChapter Thirteen
2026-07-20 14:01:17.559 -07:00 [INF] Processing file: data\afy\All For You Chapter 14, a harry potter fanfic _ FanFiction.html
2026-07-20 14:01:17.563 -07:00 [INF] StoryName: All For You
2026-07-20 14:01:17.563 -07:00 [INF] Chapter name: ChapterChapter Fourteen
2026-07-20 14:01:17.565 -07:00 [INF] Processing file: data\afy\All For You Chapter 15, a harry potter fanfic _ FanFiction.html
2026-07-20 14:01:17.568 -07:00 [INF] StoryName: All For You
2026-07-20 14:01:17.569 -07:00 [INF] Chapter name: ChapterChapter Fifteen
2026-07-20 14:01:17.571 -07:00 [INF] Processing file: data\afy\All For You Chapter 16, a harry potter fanfic _ FanFiction.html
2026-07-20 14:01:17.573 -07:00 [INF] StoryName: All For You
2026-07-20 14:01:17.574 -07:00 [INF] Chapter name: ChapterChapter Sixteen
2026-07-20 14:01:17.576 -07:00 [INF] Processing file: data\afy\All For You Chapter 17, a harry potter fanfic _ FanFiction.html
2026-07-20 14:01:17.579 -07:00 [INF] StoryName: All For You
2026-07-20 14:01:17.580 -07:00 [INF] Chapter name: ChapterChapter Seventeen
2026-07-20 14:01:17.581 -07:00 [INF] Processing file: data\afy\All For You Chapter 18, a harry potter fanfic _ FanFiction.html
2026-07-20 14:01:17.584 -07:00 [INF] StoryName: All For You
2026-07-20 14:01:17.585 -07:00 [INF] Chapter name: ChapterChapter Eighteen
2026-07-20 14:01:17.587 -07:00 [INF] Processing file: data\afy\All For You Chapter 19, a harry potter fanfic _ FanFiction.html
2026-07-20 14:01:17.594 -07:00 [INF] StoryName: All For You
2026-07-20 14:01:17.595 -07:00 [INF] Chapter name: ChapterChapter Nineteen
2026-07-20 14:01:17.596 -07:00 [INF] Processing file: data\afy\All For You Chapter 20, a harry potter fanfic _ FanFiction.html
2026-07-20 14:01:17.598 -07:00 [INF] StoryName: All For You
2026-07-20 14:01:17.599 -07:00 [INF] Chapter name: ChapterChapter Twenty
2026-07-20 14:01:17.600 -07:00 [INF] Processing file: data\afy\All For You Chapter 21 a harry potter fanfic _ FanFiction.html
2026-07-20 14:01:17.603 -07:00 [INF] StoryName: All For You
2026-07-20 14:01:17.603 -07:00 [INF] Chapter name: ChapterChapter Twenty
2026-07-20 14:01:17.605 -07:00 [INF] Processing file: data\afy\All For You Chapter 22 a harry potter fanfic _ FanFiction.html
2026-07-20 14:01:17.608 -07:00 [INF] StoryName: All For You
2026-07-20 14:01:17.610 -07:00 [INF] Chapter name: ChapterChapter Twenty
2026-07-20 14:01:17.611 -07:00 [INF] Processing file: data\afy\All For You Chapter 23 a harry potter fanfic _ FanFiction.html
2026-07-20 14:01:17.614 -07:00 [INF] StoryName: All For You
2026-07-20 14:01:17.614 -07:00 [INF] Chapter name: ChapterChapter Twenty
2026-07-20 14:01:17.616 -07:00 [INF] Processing file: data\afy\All For You Chapter 24 a harry potter fanfic _ FanFiction.html
2026-07-20 14:01:17.618 -07:00 [INF] StoryName: All For You
2026-07-20 14:01:17.619 -07:00 [INF] Chapter name: ChapterChapter Twenty
2026-07-20 14:01:17.620 -07:00 [INF] Processing file: data\afy\All For You Chapter 25 a harry potter fanfic _ FanFiction.html
2026-07-20 14:01:17.623 -07:00 [INF] StoryName: All For You
2026-07-20 14:01:17.623 -07:00 [INF] Chapter name: ChapterChapter Twenty
2026-07-20 14:01:17.626 -07:00 [INF] Processing file: data\afy\All For You Chapter 26 a harry potter fanfic _ FanFiction.html
2026-07-20 14:01:17.633 -07:00 [INF] StoryName: All For You
2026-07-20 14:01:17.634 -07:00 [INF] Chapter name: ChapterChapter Twenty
2026-07-20 14:01:17.635 -07:00 [INF] Processing file: data\afy\All For You Chapter 27 a harry potter fanfic _ FanFiction.html
2026-07-20 14:01:17.637 -07:00 [INF] StoryName: All For You
2026-07-20 14:01:17.638 -07:00 [INF] Chapter name: ChapterChapter Twenty
2026-07-20 14:01:17.639 -07:00 [INF] Processing file: data\afy\All For You Chapter 28 a harry potter fanfic _ FanFiction.html
2026-07-20 14:01:17.643 -07:00 [INF] StoryName: All For You
2026-07-20 14:01:17.644 -07:00 [INF] Chapter name: ChapterChapter Twenty
2026-07-20 14:01:17.645 -07:00 [INF] Processing file: data\afy\All For You Chapter 29 a harry potter fanfic _ FanFiction.html
2026-07-20 14:01:17.648 -07:00 [INF] StoryName: All For You
2026-07-20 14:01:17.648 -07:00 [INF] Chapter name: ChapterChapter Twenty
2026-07-20 14:01:17.650 -07:00 [INF] Processing file: data\afy\All For You Chapter 30, a harry potter fanfic _ FanFiction.html
2026-07-20 14:01:17.652 -07:00 [INF] StoryName: All For You
2026-07-20 14:01:17.652 -07:00 [INF] Chapter name: ChapterChapter Thirty
2026-07-20 14:01:17.653 -07:00 [INF] Processing file: data\afy\All For You Chapter 31 a harry potter fanfic _ FanFiction.html
2026-07-20 14:01:17.656 -07:00 [INF] StoryName: All For You
2026-07-20 14:01:17.658 -07:00 [INF] Chapter name: ChapterChapter Thirty
2026-07-20 14:01:17.660 -07:00 [INF] Processing file: data\afy\All For You Chapter 32 a harry potter fanfic _ FanFiction.html
2026-07-20 14:01:17.663 -07:00 [INF] StoryName: All For You
2026-07-20 14:01:17.664 -07:00 [INF] Chapter name: ChapterChapter Thirty
2026-07-20 14:01:17.665 -07:00 [INF] Processing file: data\afy\All For You Chapter 33 a harry potter fanfic _ FanFiction.html
2026-07-20 14:01:17.671 -07:00 [INF] StoryName: All For You
2026-07-20 14:01:17.672 -07:00 [INF] Chapter name: ChapterChapter Thirty
2026-07-20 14:01:17.673 -07:00 [INF] Processing file: data\afy\All For You Chapter 34 a harry potter fanfic _ FanFiction.html
2026-07-20 14:01:17.676 -07:00 [INF] StoryName: All For You
2026-07-20 14:01:17.677 -07:00 [INF] Chapter name: ChapterChapter Thirty
2026-07-20 14:01:17.678 -07:00 [INF] Processing file: data\afy\All For You Chapter 35 a harry potter fanfic _ FanFiction.html
2026-07-20 14:01:17.681 -07:00 [INF] StoryName: All For You
2026-07-20 14:01:17.681 -07:00 [INF] Chapter name: ChapterChapter Thirty
2026-07-20 14:01:17.682 -07:00 [INF] Processing file: data\afy\All For You Chapter 36 a harry potter fanfic _ FanFiction.html
2026-07-20 14:01:17.685 -07:00 [INF] StoryName: All For You
2026-07-20 14:01:17.685 -07:00 [INF] Chapter name: ChapterChapter Thirty
2026-07-20 14:01:17.687 -07:00 [INF] Processing file: data\afy\All For You Chapter 37 a harry potter fanfic _ FanFiction.html
2026-07-20 14:01:17.690 -07:00 [INF] StoryName: All For You
2026-07-20 14:01:17.690 -07:00 [INF] Chapter name: ChapterChapter Thirty
2026-07-20 14:01:17.692 -07:00 [INF] Processing file: data\afy\All For You Chapter 38 a harry potter fanfic _ FanFiction.html
2026-07-20 14:01:17.698 -07:00 [INF] StoryName: All For You
2026-07-20 14:01:17.699 -07:00 [INF] Chapter name: ChapterChapter Thirty
2026-07-20 14:01:17.700 -07:00 [INF] Processing file: data\afy\All For You Chapter 39 a harry potter fanfic _ FanFiction.html
2026-07-20 14:01:17.703 -07:00 [INF] StoryName: All For You
2026-07-20 14:01:17.704 -07:00 [INF] Chapter name: ChapterChapter Thirty
2026-07-20 14:01:17.705 -07:00 [INF] Processing file: data\afy\All For You Chapter 40, a harry potter fanfic _ FanFiction.html
2026-07-20 14:01:17.708 -07:00 [INF] StoryName: All For You
2026-07-20 14:01:17.709 -07:00 [INF] Chapter name: ChapterChapter Forty
2026-07-20 14:01:17.710 -07:00 [INF] Processing file: data\afy\All For You Chapter 41 a harry potter fanfic _ FanFiction.html
2026-07-20 14:01:17.713 -07:00 [INF] StoryName: All For You
2026-07-20 14:01:17.713 -07:00 [INF] Chapter name: ChapterChapter Forty
2026-07-20 14:01:17.714 -07:00 [INF] Processing file: data\afy\All For You Chapter 42 a harry potter fanfic _ FanFiction.html
2026-07-20 14:01:17.717 -07:00 [INF] StoryName: All For You
2026-07-20 14:01:17.718 -07:00 [INF] Chapter name: ChapterChapter Forty
2026-07-20 14:01:17.719 -07:00 [INF] Processing file: data\afy\All For You Chapter 43 a harry potter fanfic _ FanFiction.html
2026-07-20 14:01:17.722 -07:00 [INF] StoryName: All For You
2026-07-20 14:01:17.723 -07:00 [INF] Chapter name: ChapterChapter Forty
2026-07-20 14:01:17.724 -07:00 [INF] Processing file: data\afy\All For You Chapter 44 a harry potter fanfic _ FanFiction.html
2026-07-20 14:01:17.726 -07:00 [INF] StoryName: All For You
2026-07-20 14:01:17.727 -07:00 [INF] Chapter name: ChapterChapter Forty
2026-07-20 14:01:17.728 -07:00 [INF] Processing file: data\afy\All For You Chapter 45 a harry potter fanfic _ FanFiction.html
2026-07-20 14:01:17.734 -07:00 [INF] StoryName: All For You
2026-07-20 14:01:17.735 -07:00 [INF] Chapter name: ChapterChapter Forty
2026-07-20 14:01:17.736 -07:00 [INF] Processing file: data\afy\All For You Chapter 46 a harry potter fanfic _ FanFiction.html
2026-07-20 14:01:17.739 -07:00 [INF] StoryName: All For You
2026-07-20 14:01:17.739 -07:00 [INF] Chapter name: ChapterChapter Forty
2026-07-20 14:01:17.740 -07:00 [INF] Processing file: data\afy\All For You Chapter 47 a harry potter fanfic _ FanFiction.html
2026-07-20 14:01:17.743 -07:00 [INF] StoryName: All For You
2026-07-20 14:01:17.744 -07:00 [INF] Chapter name: ChapterChapter Forty
2026-07-20 14:01:17.745 -07:00 [INF] Processing file: data\afy\All For You Chapter 48 a harry potter fanfic _ FanFiction.html
2026-07-20 14:01:17.747 -07:00 [INF] StoryName: All For You
2026-07-20 14:01:17.748 -07:00 [INF] Chapter name: ChapterChapter Forty
2026-07-20 14:01:17.750 -07:00 [INF] Processing file: data\afy\All For You Chapter 49 a harry potter fanfic _ FanFiction.html
2026-07-20 14:01:17.752 -07:00 [INF] StoryName: All For You
2026-07-20 14:01:17.753 -07:00 [INF] Chapter name: ChapterChapter Forty
2026-07-20 14:01:17.754 -07:00 [INF] Processing file: data\afy\All For You Chapter 50, a harry potter fanfic _ FanFiction.html
2026-07-20 14:01:17.757 -07:00 [INF] StoryName: All For You
2026-07-20 14:01:17.758 -07:00 [INF] Chapter name: ChapterChapter Fifty
2026-07-20 14:01:17.759 -07:00 [INF] Processing file: data\afy\All For You Chapter 52 a harry potter fanfic _ FanFiction.html
2026-07-20 14:01:17.762 -07:00 [INF] StoryName: All For You
2026-07-20 14:01:17.762 -07:00 [INF] Chapter name: ChapterChapter Fifty
2026-07-20 14:01:17.764 -07:00 [INF] Processing file: data\afy\All For You Chapter 53 a harry potter fanfic _ FanFiction.html
2026-07-20 14:01:17.770 -07:00 [INF] StoryName: All For You
2026-07-20 14:01:17.771 -07:00 [INF] Chapter name: ChapterChapter Fifty
2026-07-20 14:01:17.772 -07:00 [INF] Processing file: data\afy\All For You Chapter 54 a harry potter fanfic _ FanFiction.html
2026-07-20 14:01:17.775 -07:00 [INF] StoryName: All For You
2026-07-20 14:01:17.776 -07:00 [INF] Chapter name: ChapterChapter Fifty
2026-07-20 14:01:17.777 -07:00 [INF] Processing file: data\afy\All For You Chapter 55 a harry potter fanfic _ FanFiction.html
2026-07-20 14:01:17.780 -07:00 [INF] StoryName: All For You
2026-07-20 14:01:17.780 -07:00 [INF] Chapter name: ChapterChapter Fifty
2026-07-20 14:01:17.782 -07:00 [INF] Processing file: data\afy\All For You Chapter 56 a harry potter fanfic _ FanFiction.html
2026-07-20 14:01:17.784 -07:00 [INF] StoryName: All For You
2026-07-20 14:01:17.784 -07:00 [INF] Chapter name: ChapterChapter Fifty
2026-07-20 14:01:17.786 -07:00 [INF] Processing file: data\afy\All For You Chapter 57 a harry potter fanfic _ FanFiction.html
2026-07-20 14:01:17.788 -07:00 [INF] StoryName: All For You
2026-07-20 14:01:17.789 -07:00 [INF] Chapter name: ChapterChapter Fifty
2026-07-20 14:01:17.790 -07:00 [INF] Processing file: data\afy\All For You Chapter 58 a harry potter fanfic _ FanFiction.html
2026-07-20 14:01:17.793 -07:00 [INF] StoryName: All For You
2026-07-20 14:01:17.794 -07:00 [INF] Chapter name: ChapterChapter Fifty
2026-07-20 14:01:17.795 -07:00 [INF] Processing file: data\afy\All For You Chapter 59 a harry potter fanfic _ FanFiction.html
2026-07-20 14:01:17.826 -07:00 [INF] StoryName: All For You
2026-07-20 14:01:17.828 -07:00 [INF] Chapter name: ChapterChapter Fifty
2026-07-20 14:01:17.830 -07:00 [INF] Processing file: data\afy\All For You Chapter 60, a harry potter fanfic _ FanFiction.html
2026-07-20 14:01:17.835 -07:00 [INF] StoryName: All For You
2026-07-20 14:01:17.835 -07:00 [INF] Chapter name: ChapterChapter Sixty
2026-07-20 14:01:17.836 -07:00 [INF] Processing file: data\afy\All For You Chapter 61 a harry potter fanfic _ FanFiction.html
2026-07-20 14:01:17.839 -07:00 [INF] StoryName: All For You
2026-07-20 14:01:17.840 -07:00 [INF] Chapter name: ChapterChapter Sixty
2026-07-20 14:01:17.841 -07:00 [INF] Processing file: data\afy\All For You Chapter 62 a harry potter fanfic _ FanFiction.html
2026-07-20 14:01:17.846 -07:00 [INF] StoryName: All For You
2026-07-20 14:01:17.847 -07:00 [INF] Chapter name: ChapterChapter Sixty
2026-07-20 14:01:17.848 -07:00 [INF] Processing file: data\afy\All For You Chapter 64_ Epilogue, a harry potter fanfic _ FanFiction.html
2026-07-20 14:01:17.851 -07:00 [INF] StoryName: All For You
2026-07-20 14:01:17.852 -07:00 [INF] Chapter name: Chapter64
