2026-10-06 16:19:00.052 -07:00 [INF] Chapter name: 030: Chapter 30
2026-10-06 16:19:00.247 -07:00 [INF] Chapter name: 004: Chapter 4
2026-10-06 16:19:00.468 -07:00 [INF] Chapter name: 005: Chapter 5
2026-10-06 16:19:00.688 -07:00 [INF] Chapter name: 006: Chapter 6
2026-10-06 16:19:00.903 -07:00 [INF] Chapter name: 007: Chapter 7
2026-10-06 16:19:01.135 -07:00 [INF] Chapter name: 008: Chapter 8
2026-10-06 16:19:01.484 -07:00 [INF] Chapter name: 009: Chapter 9
2026-10-06 16:19:01.564 -07:00 [INF] Processing Folder: data\obd
2026-10-06 16:19:01.919 -07:00 [INF] Chapter name: 001: Chapter 1
2026-10-06 16:19:02.185 -07:00 [INF] Chapter name: 010: Chapter 10
2026-10-06 16:19:02.404 -07:00 [INF] Chapter name: 011: Chapter 11
2026-10-06 16:19:02.619 -07:00 [INF] Chapter name: 012: Chapter 12
2026-10-06 16:19:02.823 -07:00 [INF] Chapter name: 013: Chapter 13
2026-10-06 16:19:03.017 -07:00 [INF] Chapter name: 014: Chapter 14
2026-10-06 16:19:03.219 -07:00 [INF] Chapter name: 015: Chapter 15
2026-10-06 16:19:03.434 -07:00 [INF] Chapter name: 002: Chapter 2
2026-10-06 16:19:03.629 -07:00 [INF] Chapter name: 003: Chapter 3
2026-10-06 16:19:03.821 -07:00 [INF] Chapter name: 004: Chapter 4
2026-10-06 16:19:04.000 -07:00 [INF] Chapter name: 005: Chapter 5
2026-10-06 16:19:04.162 -07:00 [INF] Chapter name: 006: Chapter 6
2026-10-06 16:19:04.411 -07:00 [INF] Chapter name: 007: Chapter 7
2026-10-06 16:19:04.776 -07:00 [INF] Chapter name: 008: Chapter 8
2026-10-06 16:19:05.204 -07:00 [INF] Chapter name: 009: Chapter 9
2026-10-06 16:19:05.235 -07:00 [INF] Processing Folder: data\omt
2026-10-06 16:19:05.678 -07:00 [INF] Chapter name: 001: Chapter 1
2026-10-06 16:19:06.078 -07:00 [INF] Chapter name: 002: Chapter 2
2026-10-06 16:19:06.456 -07:00 [INF] Chapter name: 003: Chapter 3
2026-10-06 16:19:06.866 -07:00 [INF] Chapter name: 004: Chapter 4
2026-10-06 16:19:07.213 -07:00 [INF] Chapter name: 005: Chapter 5
2026-10-06 16:19:07.595 -07:00 [INF] Chapter name: 006: Chapter 6
2026-10-06 16:19:08.035 -07:00 [INF] Chapter name: 007: Chapter 7
2026-10-06 16:19:08.531 -07:00 [INF] Chapter name: 008: Chapter 8
2026-10-06 16:19:08.973 -07:00 [INF] Chapter name: 009: Chapter 9
2026-10-06 16:19:09.409 -07:00 [INF] Chapter name: 010: Chapter 10
2026-10-06 16:19:09.819 -07:00 [INF] Chapter name: 011: Chapter 11
2026-10-06 16:19:10.199 -07:00 [INF] Chapter name: 012: Chapter 12
2026-10-06 16:19:10.637 -07:00 [INF] Chapter name: 013: Chapter 13
2026-10-06 16:19:11.112 -07:00 [INF] Chapter name: 014: Chapter 14
2026-10-06 16:19:11.695 -07:00 [INF] Chapter name: 015: Chapter 15
2026-10-06 16:19:12.114 -07:00 [INF] Chapter name: 016: Chapter 16
2026-10-06 16:19:12.545 -07:00 [INF] Chapter name: 017: Chapter 17
2026-10-06 16:19:12.911 -07:00 [INF] Chapter name: 018: Chapter 18
2026-10-06 16:19:13.307 -07:00 [INF] Chapter name: 019: Chapter 19
2026-10-06 16:19:13.679 -07:00 [INF] Chapter name: 020: Chapter 20
2026-10-06 16:19:13.913 -07:00 [INF] Chapter name: 021: Chapter 21
2026-10-06 16:19:14.104 -07:00 [INF] Chapter name: 022: Chapter 22
2026-10-06 16:19:14.305 -07:00 [INF] Chapter name: 023: Chapter 23
2026-10-06 16:19:14.495 -07:00 [INF] Chapter name: 024: Chapter 24
2026-10-06 16:19:14.686 -07:00 [INF] Chapter name: 025: Chapter 25
2026-10-06 16:19:14.876 -07:00 [INF] Chapter name: 026: Chapter 26
2026-10-06 16:19:15.067 -07:00 [INF] Chapter name: 027: Chapter 27
2026-10-06 16:19:15.269 -07:00 [INF] Chapter name: 028: Chapter 28
2026-10-06 16:19:15.496 -07:00 [INF] Chapter name: 029: Chapter 29
2026-10-06 16:19:15.700 -07:00 [INF] Chapter name: 030: Chapter 30
2026-10-06 16:19:15.884 -07:00 [INF] Chapter name: 031: Chapter 31
2026-10-06 16:19:16.090 -07:00 [INF] Chapter name: 032: Chapter 32
2026-10-06 16:19:16.310 -07:00 [INF] Chapter name: 033: Chapter 33
2026-10-06 16:19:16.492 -07:00 [INF] Chapter name: 034: Chapter 34
2026-10-06 16:19:16.682 -07:00 [INF] Chapter name: 035: Chapter 35
2026-10-06 16:19:16.874 -07:00 [INF] Chapter name: 036: Chapter 36
2026-10-06 16:19:17.069 -07:00 [INF] Chapter name: 037: Chapter 37
2026-10-06 16:19:17.283 -07:00 [INF] Chapter name: 038: Chapter 38
2026-10-06 16:19:17.486 -07:00 [INF] Chapter name: 039: Chapter 39
2026-10-06 16:19:17.500 -07:00 [INF] Processing Folder: data\q1
2026-10-06 16:19:17.682 -07:00 [INF] Chapter name: 010: Living the Dream
2026-10-06 16:19:17.868 -07:00 [INF] Chapter name: 011: The Price of Coffee Beans
2026-10-06 16:19:18.051 -07:00 [INF] Chapter name: 012: Boat Girl
2026-10-06 16:19:18.228 -07:00 [INF] Chapter name: 013: Doing Business
2026-10-06 16:19:18.402 -07:00 [INF] Chapter name: 014: Masters and Apprentices
2026-10-06 16:19:18.620 -07:00 [INF] Chapter name: 015: Dazed and Confused
2026-10-06 16:19:18.823 -07:00 [INF] Chapter name: 016: Just Like Living
2026-10-06 16:19:19.050 -07:00 [INF] Chapter name: 017: This Crude Matter
2026-10-06 16:19:19.252 -07:00 [INF] Chapter name: 018: Actions and Consequences
2026-10-06 16:19:19.443 -07:00 [INF] Chapter name: 019: The Exalt Protocol
2026-10-06 16:19:19.624 -07:00 [INF] Chapter name: 001: Snowball
2026-10-06 16:19:19.807 -07:00 [INF] Chapter name: 020: The Power of Suggestion
2026-10-06 16:19:19.987 -07:00 [INF] Chapter name: 021: What Are Little Girls Made Of?
2026-10-06 16:19:20.166 -07:00 [INF] Chapter name: 022: Interlude and Fugue in C Minor
2026-10-06 16:19:20.324 -07:00 [INF] Chapter name: 023: Home is Where Your Molecular Furnace Is
2026-10-06 16:19:20.512 -07:00 [INF] Chapter name: 024: Wrath of a Titan
2026-10-06 16:19:20.692 -07:00 [INF] Chapter name: 025: Ballad of a Lost Girl
2026-10-06 16:19:20.868 -07:00 [INF] Chapter name: 026: Luminous Beings
2026-10-06 16:19:21.044 -07:00 [INF] Chapter name: 027: Unmasked
2026-10-06 16:19:21.207 -07:00 [INF] Chapter name: 028: Oh What I Have Seen With Your Eyes
2026-10-06 16:19:21.390 -07:00 [INF] Chapter name: 029: Dream Lover
2026-10-06 16:19:21.574 -07:00 [INF] Chapter name: 002: Winslow Simurgh
2026-10-06 16:19:21.751 -07:00 [INF] Chapter name: 030: Interlude and Toccata in D Minor
2026-10-06 16:19:21.933 -07:00 [INF] Chapter name: 031: A Last Thread
2026-10-06 16:19:22.111 -07:00 [INF] Chapter name: 032: Crime and Punishment
2026-10-06 16:19:22.291 -07:00 [INF] Chapter name: 033: Livermore or Let Die
2026-10-06 16:19:22.466 -07:00 [INF] Chapter name: 034: Tantrums
2026-10-06 16:19:22.640 -07:00 [INF] Chapter name: 035: Free Bird
2026-10-06 16:19:22.805 -07:00 [INF] Chapter name: 036: Hangovers
2026-10-06 16:19:22.965 -07:00 [INF] Chapter name: 037: Picking Up The Pieces
2026-10-06 16:19:23.150 -07:00 [INF] Chapter name: 038: License to Thrive
2026-10-06 16:19:23.326 -07:00 [INF] Chapter name: 039: Another Brick in the Wall
2026-10-06 16:19:23.512 -07:00 [INF] Chapter name: 003: A Really Good Meatloaf
2026-10-06 16:19:23.697 -07:00 [INF] Chapter name: 040: The Play's The Thing
2026-10-06 16:19:23.873 -07:00 [INF] Chapter name: 041: So Called Life
2026-10-06 16:19:24.045 -07:00 [INF] Chapter name: 042: Slaying the Dragon
2026-10-06 16:19:24.232 -07:00 [INF] Chapter name: 043: Atop A Lonely Mountain
2026-10-06 16:19:24.433 -07:00 [INF] Chapter name: 044: Monsters and Lullabies
2026-10-06 16:19:24.607 -07:00 [INF] Chapter name: 045: Turning
2026-10-06 16:19:24.795 -07:00 [INF] Chapter name: 046: Selflessness
2026-10-06 16:19:24.968 -07:00 [INF] Chapter name: 047: Let The World Burn
2026-10-06 16:19:25.148 -07:00 [INF] Chapter name: 048: The Boy Who Tried
2026-10-06 16:19:25.330 -07:00 [INF] Chapter name: 049: The Golden Man
2026-10-06 16:19:25.516 -07:00 [INF] Chapter name: 004: Mouseketeer
2026-10-06 16:19:25.705 -07:00 [INF] Chapter name: 005: Westward Ho
2026-10-06 16:19:25.898 -07:00 [INF] Chapter name: 006: Do You Want Some Bratva With That?
2026-10-06 16:19:26.084 -07:00 [INF] Chapter name: 007: A Tough Nut to Crack
2026-10-06 16:19:26.281 -07:00 [INF] Chapter name: 008: Full Body Contact
2026-10-06 16:19:26.458 -07:00 [INF] Chapter name: 009: Elite Politics
2026-10-06 16:19:26.467 -07:00 [INF] Processing Folder: data\q2
2026-10-06 16:19:26.631 -07:00 [INF] Chapter name: 010: The Unsullied
2026-10-06 16:19:26.768 -07:00 [INF] Chapter name: 011: The First Daughter
2026-10-06 16:19:26.911 -07:00 [INF] Chapter name: 012: Priestess of the Damned
2026-10-06 16:19:27.056 -07:00 [INF] Chapter name: 013: The Absence of Dental Hygiene
2026-10-06 16:19:27.214 -07:00 [INF] Chapter name: 014: Fire Upon the Deep
2026-10-06 16:19:27.404 -07:00 [INF] Chapter name: 015: The Sun Spear
2026-10-06 16:19:27.597 -07:00 [INF] Chapter name: 016: The Lion's Den
2026-10-06 16:19:27.754 -07:00 [INF] Chapter name: 017: Dark Wings, Dark Words
2026-10-06 16:19:27.940 -07:00 [INF] Chapter name: 018: The Pirate King
2026-10-06 16:19:28.120 -07:00 [INF] Chapter name: 019: The Dragon Queen
2026-10-06 16:19:28.293 -07:00 [INF] Chapter name: 001: Hyperspace Ain't Like Dusting Crops
2026-10-06 16:19:28.479 -07:00 [INF] Chapter name: 020: Storm's End
2026-10-06 16:19:28.663 -07:00 [INF] Chapter name: 021: What Is Missed
2026-10-06 16:19:28.805 -07:00 [INF] Chapter name: 022: A Terrible Thing To Waste
2026-10-06 16:19:28.972 -07:00 [INF] Chapter name: 023: Like a Father
2026-10-06 16:19:29.150 -07:00 [INF] Chapter name: 024: The Taste of Ash
2026-10-06 16:19:29.332 -07:00 [INF] Chapter name: 025: Dragonstone
2026-10-06 16:19:29.518 -07:00 [INF] Chapter name: 026: Queen's Justice
2026-10-06 16:19:29.726 -07:00 [INF] Chapter name: 027: Into the Citadel
2026-10-06 16:19:29.903 -07:00 [INF] Chapter name: 028: The Call of the Wild
2026-10-06 16:19:30.057 -07:00 [INF] Chapter name: 029: The Parley of Riverrun
2026-10-06 16:19:30.217 -07:00 [INF] Chapter name: 002: The Old Man and the Sea
2026-10-06 16:19:30.392 -07:00 [INF] Chapter name: 030: Restoration
2026-10-06 16:19:30.563 -07:00 [INF] Chapter name: 031: Apprenticeship
2026-10-06 16:19:30.692 -07:00 [INF] Chapter name: 032: A Wall of Ice and Magic
2026-10-06 16:19:30.862 -07:00 [INF] Chapter name: 033: Hello, there
2026-10-06 16:19:30.998 -07:00 [INF] Chapter name: 034: Another Brick In The Wall
2026-10-06 16:19:31.150 -07:00 [INF] Chapter name: 035: A Swan on the Summer Sea
2026-10-06 16:19:31.292 -07:00 [INF] Chapter name: 036: The Walls Come Tumbling Down
2026-10-06 16:19:31.453 -07:00 [INF] Chapter name: 037: In the Limelight
2026-10-06 16:19:31.650 -07:00 [INF] Chapter name: 038: Legacies
2026-10-06 16:19:31.799 -07:00 [INF] Chapter name: 039: Epilogue: By Her Word
2026-10-06 16:19:31.957 -07:00 [INF] Chapter name: 003: Not Quite the Pirates of Penzance
2026-10-06 16:19:32.121 -07:00 [INF] Chapter name: 004: Shadow Master
2026-10-06 16:19:32.292 -07:00 [INF] Chapter name: 005: Unburnt
2026-10-06 16:19:32.432 -07:00 [INF] Chapter name: 006: A Shadow In The Night
2026-10-06 16:19:32.602 -07:00 [INF] Chapter name: 007: The High Seas
2026-10-06 16:19:32.736 -07:00 [INF] Chapter name: 008: A Failing of the History Books
2026-10-06 16:19:32.928 -07:00 [INF] Chapter name: 009: On To Astapor
2026-10-06 16:19:32.937 -07:00 [INF] Processing Folder: data\q3
2026-10-06 16:19:33.105 -07:00 [INF] Chapter name: 010: Friends In Low Places
2026-10-06 16:19:33.321 -07:00 [INF] Chapter name: 011: Interregnum
2026-10-06 16:19:33.521 -07:00 [INF] Chapter name: 012: Out and About
2026-10-06 16:19:33.707 -07:00 [INF] Chapter name: 013: Enlightened Media
2026-10-06 16:19:33.982 -07:00 [INF] Chapter name: 014: Singh the Blues
2026-10-06 16:19:34.253 -07:00 [INF] Chapter name: 015: Tinker Heaven
2026-10-06 16:19:34.443 -07:00 [INF] Chapter name: 016: Scum and Villainy
2026-10-06 16:19:34.621 -07:00 [INF] Chapter name: 017: Scrappers
2026-10-06 16:19:34.746 -07:00 [INF] Chapter name: 018: A Butterfly Flaps Its Wings
2026-10-06 16:19:34.950 -07:00 [INF] Chapter name: 019: Has to be Enough
2026-10-06 16:19:35.181 -07:00 [INF] Chapter name: 001: Felrun
2026-10-06 16:19:35.403 -07:00 [INF] Chapter name: 020: Like Sisters
2026-10-06 16:19:35.614 -07:00 [INF] Chapter name: 021: Scary People
2026-10-06 16:19:35.806 -07:00 [INF] Chapter name: 022: The Sum of His Life
2026-10-06 16:19:35.967 -07:00 [INF] Chapter name: 023: Furthest From The Center
2026-10-06 16:19:36.163 -07:00 [INF] Chapter name: 024: Shindig on Dantooine
2026-10-06 16:19:36.339 -07:00 [INF] Chapter name: 025: Nowhere Else But Up
2026-10-06 16:19:36.524 -07:00 [INF] Chapter name: 026: Finding Haven
2026-10-06 16:19:36.702 -07:00 [INF] Chapter name: 027: Queen B
2026-10-06 16:19:36.956 -07:00 [INF] Chapter name: 028: Not Quite Innsmouth
2026-10-06 16:19:37.192 -07:00 [INF] Chapter name: 029: In the Name of the King
2026-10-06 16:19:37.465 -07:00 [INF] Chapter name: 002: By The Numbers
2026-10-06 16:19:37.678 -07:00 [INF] Chapter name: 030: Man in the Moon
2026-10-06 16:19:37.845 -07:00 [INF] Chapter name: 031: Stirring the Wasp Nest
2026-10-06 16:19:38.038 -07:00 [INF] Chapter name: 032: Finding Friends
2026-10-06 16:19:38.236 -07:00 [INF] Chapter name: 033: A Good Man
2026-10-06 16:19:38.426 -07:00 [INF] Chapter name: 034: Finding Kanan
2026-10-06 16:19:38.598 -07:00 [INF] Chapter name: 035: Finding the Way
2026-10-06 16:19:38.767 -07:00 [INF] Chapter name: 036: The Spar
2026-10-06 16:19:38.914 -07:00 [INF] Chapter name: 037: Fast Times at Inquisitorius High
2026-10-06 16:19:39.083 -07:00 [INF] Chapter name: 038: One Way Out
2026-10-06 16:19:39.259 -07:00 [INF] Chapter name: 039: Onboarding Issues
2026-10-06 16:19:39.406 -07:00 [INF] Chapter name: 003: in the Hall of the Mountain Queen
2026-10-06 16:19:39.574 -07:00 [INF] Chapter name: 040: An Itch You Can't Scratch
2026-10-06 16:19:39.778 -07:00 [INF] Chapter name: 041: Love and Betrayal
2026-10-06 16:19:39.973 -07:00 [INF] Chapter name: 042: The Phantom Menace
2026-10-06 16:19:40.171 -07:00 [INF] Chapter name: 043: Friends and Family
2026-10-06 16:19:40.390 -07:00 [INF] Chapter name: 044: Yarma Blues
2026-10-06 16:19:40.634 -07:00 [INF] Chapter name: 045: For The Empire
2026-10-06 16:19:40.823 -07:00 [INF] Chapter name: 046: Finding Your Faith
2026-10-06 16:19:40.993 -07:00 [INF] Chapter name: 047: Licking Wounds
2026-10-06 16:19:41.158 -07:00 [INF] Chapter name: 048: Stardust
2026-10-06 16:19:41.334 -07:00 [INF] Chapter name: 049: Making Monsters
2026-10-06 16:19:41.514 -07:00 [INF] Chapter name: 004: A Fragile Circle
2026-10-06 16:19:41.680 -07:00 [INF] Chapter name: 050: Dark Lords of the Sith
2026-10-06 16:19:41.866 -07:00 [INF] Chapter name: 051: Seekers
2026-10-06 16:19:42.049 -07:00 [INF] Chapter name: 052: The Battle of Lothal
2026-10-06 16:19:42.244 -07:00 [INF] Chapter name: 053: What Price, Empire?
2026-10-06 16:19:42.448 -07:00 [INF] Chapter name: 054: Treason
2026-10-06 16:19:42.643 -07:00 [INF] Chapter name: 055: Loyalty
2026-10-06 16:19:42.795 -07:00 [INF] Chapter name: 056: Nightmares of Futures Past
2026-10-06 16:19:42.976 -07:00 [INF] Chapter name: 057: The Trojan
2026-10-06 16:19:43.121 -07:00 [INF] Chapter name: 058: Consequences of Surrender
2026-10-06 16:19:43.290 -07:00 [INF] Chapter name: 059: Cold Welcome
2026-10-06 16:19:43.431 -07:00 [INF] Chapter name: 005: Second Verse, Same as the First
2026-10-06 16:19:43.617 -07:00 [INF] Chapter name: 060: The Winds of Hypori
2026-10-06 16:19:43.815 -07:00 [INF] Chapter name: 006: Friends Everywhere
2026-10-06 16:19:43.995 -07:00 [INF] Chapter name: 007: Girl Boss
2026-10-06 16:19:44.191 -07:00 [INF] Chapter name: 008: Consultant
2026-10-06 16:19:44.382 -07:00 [INF] Chapter name: 009: Just Another Tuesday
2026-10-06 16:19:44.392 -07:00 [INF] Processing Folder: data\rec
2026-10-06 16:19:44.583 -07:00 [INF] Chapter name: 064: Part 9-2: Averting Yet Another Disaster
2026-10-06 16:19:44.587 -07:00 [INF] Processing Folder: data\swtfw
2026-10-06 16:19:44.765 -07:00 [INF] Chapter name: 001: Chapter 1
2026-10-06 16:19:44.945 -07:00 [INF] Chapter name: 010: Chapter 10
2026-10-06 16:19:45.134 -07:00 [INF] Chapter name: 100: Chapter 100
2026-10-06 16:19:45.306 -07:00 [INF] Chapter name: 101: Chapter 101
2026-10-06 16:19:45.483 -07:00 [INF] Chapter name: 102: Chapter 102
2026-10-06 16:19:45.666 -07:00 [INF] Chapter name: 103: Chapter 103
2026-10-06 16:19:45.911 -07:00 [INF] Chapter name: 104: Chapter 104
2026-10-06 16:19:46.172 -07:00 [INF] Chapter name: 105: Chapter 105
2026-10-06 16:19:46.389 -07:00 [INF] Chapter name: 106: Chapter 106
2026-10-06 16:19:46.634 -07:00 [INF] Chapter name: 107: Chapter 107
2026-10-06 16:19:46.958 -07:00 [INF] Chapter name: 108: Chapter 108
2026-10-06 16:19:47.189 -07:00 [INF] Chapter name: 109: Chapter 109
2026-10-06 16:19:47.388 -07:00 [INF] Chapter name: 011: Chapter 11
2026-10-06 16:19:47.586 -07:00 [INF] Chapter name: 110: Chapter 110
2026-10-06 16:19:47.781 -07:00 [INF] Chapter name: 111: Chapter 111
2026-10-06 16:19:47.988 -07:00 [INF] Chapter name: 112: Chapter 112
2026-10-06 16:19:48.200 -07:00 [INF] Chapter name: 113: Chapter 113
2026-10-06 16:19:48.403 -07:00 [INF] Chapter name: 114: Chapter 114
2026-10-06 16:19:48.605 -07:00 [INF] Chapter name: 115: Chapter 115
2026-10-06 16:19:48.804 -07:00 [INF] Chapter name: 116: Chapter 116
2026-10-06 16:19:48.993 -07:00 [INF] Chapter name: 117: Chapter 117
2026-10-06 16:19:49.191 -07:00 [INF] Chapter name: 118: Chapter 118
2026-10-06 16:19:49.387 -07:00 [INF] Chapter name: 119: Chapter 119
2026-10-06 16:19:49.625 -07:00 [INF] Chapter name: 012: Chapter 12
2026-10-06 16:19:49.922 -07:00 [INF] Chapter name: 120: Chapter 120
2026-10-06 16:19:50.169 -07:00 [INF] Chapter name: 121: Chapter 121
2026-10-06 16:19:50.388 -07:00 [INF] Chapter name: 122: Chapter 122
2026-10-06 16:19:50.596 -07:00 [INF] Chapter name: 123: Chapter 123
2026-10-06 16:19:50.801 -07:00 [INF] Chapter name: 124: Chapter 124
2026-10-06 16:19:50.995 -07:00 [INF] Chapter name: 125: Chapter 125
2026-10-06 16:19:51.231 -07:00 [INF] Chapter name: 126: Chapter 126
2026-10-06 16:19:51.464 -07:00 [INF] Chapter name: 127: Chapter 127
2026-10-06 16:19:51.716 -07:00 [INF] Chapter name: 128: Chapter 128
2026-10-06 16:19:51.965 -07:00 [INF] Chapter name: 129: Chapter 129
2026-10-06 16:19:52.170 -07:00 [INF] Chapter name: 013: Chapter 13
2026-10-06 16:19:52.370 -07:00 [INF] Chapter name: 130: Chapter 130
2026-10-06 16:19:52.570 -07:00 [INF] Chapter name: 131: Chapter 131
2026-10-06 16:19:52.780 -07:00 [INF] Chapter name: 132: Chapter 132
2026-10-06 16:19:52.978 -07:00 [INF] Chapter name: 133: Chapter 133
2026-10-06 16:19:53.191 -07:00 [INF] Chapter name: 134: Chapter 134
2026-10-06 16:19:53.428 -07:00 [INF] Chapter name: 135: Chapter 135
2026-10-06 16:19:53.641 -07:00 [INF] Chapter name: 136: Chapter 136
2026-10-06 16:19:53.822 -07:00 [INF] Chapter name: 137: Chapter 137
2026-10-06 16:19:54.005 -07:00 [INF] Chapter name: 138: Chapter 138
2026-10-06 16:19:54.216 -07:00 [INF] Chapter name: 139: Chapter 139
2026-10-06 16:19:54.414 -07:00 [INF] Chapter name: 014: Chapter 14
2026-10-06 16:19:54.619 -07:00 [INF] Chapter name: 140: Chapter 140
2026-10-06 16:19:54.832 -07:00 [INF] Chapter name: 141: Chapter 141
2026-10-06 16:19:55.027 -07:00 [INF] Chapter name: 142: Chapter 142
2026-10-06 16:19:55.260 -07:00 [INF] Chapter name: 143: Chapter 143
2026-10-06 16:19:55.473 -07:00 [INF] Chapter name: 144: Chapter 144
2026-10-06 16:19:55.670 -07:00 [INF] Chapter name: 145: Chapter 145
2026-10-06 16:19:55.883 -07:00 [INF] Chapter name: 146: Chapter 146
2026-10-06 16:19:56.077 -07:00 [INF] Chapter name: 147: Chapter 147
2026-10-06 16:19:56.260 -07:00 [INF] Chapter name: 148: Chapter 148
2026-10-06 16:19:56.479 -07:00 [INF] Chapter name: 149: Chapter 149
2026-10-06 16:19:56.779 -07:00 [INF] Chapter name: 015: Chapter 15
2026-10-06 16:19:57.213 -07:00 [INF] Chapter name: 150: Chapter 150
2026-10-06 16:19:57.623 -07:00 [INF] Chapter name: 151: Chapter 151
2026-10-06 16:19:57.956 -07:00 [INF] Chapter name: 152: Chapter 152
2026-10-06 16:19:58.263 -07:00 [INF] Chapter name: 153: Chapter 153
2026-10-06 16:19:58.535 -07:00 [INF] Chapter name: 154: Chapter 154
2026-10-06 16:19:58.760 -07:00 [INF] Chapter name: 155: Chapter 155
2026-10-06 16:19:58.977 -07:00 [INF] Chapter name: 156: Chapter 156
2026-10-06 16:19:59.186 -07:00 [INF] Chapter name: 157: Chapter 157
2026-10-06 16:19:59.413 -07:00 [INF] Chapter name: 158: Chapter 158
2026-10-06 16:19:59.647 -07:00 [INF] Chapter name: 159: Chapter 159
2026-10-06 16:19:59.871 -07:00 [INF] Chapter name: 016: Chapter 16
