2026-07-20 15:09:37.965 -07:00 [INF] Processing from non-rooted source path: afy
2026-07-20 15:09:38.036 -07:00 [INF] Processing file: data\afy\All For You Chapter 00_ Prologue, a harry potter fanfic _ FanFiction.html
2026-07-20 15:09:38.074 -07:00 [INF] StoryName: All For You
2026-07-20 15:09:39.931 -07:00 [INF] Chapter name: Chapter 00
2026-07-20 15:09:39.940 -07:00 [INF] Processing file: data\afy\All For You Chapter 01, a harry potter fanfic _ FanFiction.html
2026-07-20 15:09:39.942 -07:00 [INF] StoryName: All For You
2026-07-20 15:09:48.374 -07:00 [INF] Chapter name: Chapter 01
2026-07-20 15:09:48.377 -07:00 [INF] Processing file: data\afy\All For You Chapter 02, a harry potter fanfic _ FanFiction.html
2026-07-20 15:09:48.380 -07:00 [INF] StoryName: All For You
2026-07-20 15:09:49.372 -07:00 [INF] Chapter name: Chapter 02
2026-07-20 15:09:49.374 -07:00 [INF] Processing file: data\afy\All For You Chapter 03, a harry potter fanfic _ FanFiction.html
2026-07-20 15:09:49.378 -07:00 [INF] StoryName: All For You
2026-07-20 15:09:49.908 -07:00 [INF] Chapter name: Chapter 03
2026-07-20 15:09:49.910 -07:00 [INF] Processing file: data\afy\All For You Chapter 04, a harry potter fanfic _ FanFiction.html
2026-07-20 15:09:49.913 -07:00 [INF] StoryName: All For You
2026-07-20 15:09:50.172 -07:00 [INF] Chapter name: Chapter 04
2026-07-20 15:09:50.173 -07:00 [INF] Processing file: data\afy\All For You Chapter 05, a harry potter fanfic _ FanFiction.html
2026-07-20 15:09:50.187 -07:00 [INF] StoryName: All For You
2026-07-20 15:09:50.395 -07:00 [INF] Chapter name: Chapter 05
2026-07-20 15:09:50.396 -07:00 [INF] Processing file: data\afy\All For You Chapter 06, a harry potter fanfic _ FanFiction.html
2026-07-20 15:09:50.400 -07:00 [INF] StoryName: All For You
2026-07-20 15:09:50.630 -07:00 [INF] Chapter name: Chapter 06
2026-07-20 15:09:50.631 -07:00 [INF] Processing file: data\afy\All For You Chapter 07, a harry potter fanfic _ FanFiction.html
2026-07-20 15:09:50.635 -07:00 [INF] StoryName: All For You
2026-07-20 15:09:50.868 -07:00 [INF] Chapter name: Chapter 07
2026-07-20 15:09:50.869 -07:00 [INF] Processing file: data\afy\All For You Chapter 08, a harry potter fanfic _ FanFiction.html
2026-07-20 15:09:50.872 -07:00 [INF] StoryName: All For You
2026-07-20 15:09:51.112 -07:00 [INF] Chapter name: Chapter 08
2026-07-20 15:09:51.113 -07:00 [INF] Processing file: data\afy\All For You Chapter 09, a harry potter fanfic _ FanFiction.html
2026-07-20 15:09:51.118 -07:00 [INF] StoryName: All For You
2026-07-20 15:09:51.379 -07:00 [INF] Chapter name: Chapter 09
2026-07-20 15:09:51.381 -07:00 [INF] Processing file: data\afy\All For You Chapter 10, a harry potter fanfic _ FanFiction.html
2026-07-20 15:09:51.385 -07:00 [INF] StoryName: All For You
2026-07-20 15:09:51.799 -07:00 [INF] Chapter name: Chapter 10
2026-07-20 15:09:51.801 -07:00 [INF] Processing file: data\afy\All For You Chapter 11, a harry potter fanfic _ FanFiction.html
2026-07-20 15:09:51.804 -07:00 [INF] StoryName: All For You
2026-07-20 15:09:52.363 -07:00 [INF] Chapter name: Chapter 11
2026-07-20 15:09:52.364 -07:00 [INF] Processing file: data\afy\All For You Chapter 12, a harry potter fanfic _ FanFiction.html
2026-07-20 15:09:52.367 -07:00 [INF] StoryName: All For You
2026-07-20 15:09:52.830 -07:00 [INF] Chapter name: Chapter 12
2026-07-20 15:09:52.836 -07:00 [INF] Processing file: data\afy\All For You Chapter 13, a harry potter fanfic _ FanFiction.html
2026-07-20 15:09:52.840 -07:00 [INF] StoryName: All For You
2026-07-20 15:09:53.047 -07:00 [INF] Chapter name: Chapter 13
2026-07-20 15:09:53.049 -07:00 [INF] Processing file: data\afy\All For You Chapter 14, a harry potter fanfic _ FanFiction.html
2026-07-20 15:09:53.053 -07:00 [INF] StoryName: All For You
2026-07-20 15:09:53.300 -07:00 [INF] Chapter name: Chapter 14
2026-07-20 15:09:53.302 -07:00 [INF] Processing file: data\afy\All For You Chapter 15, a harry potter fanfic _ FanFiction.html
2026-07-20 15:09:53.306 -07:00 [INF] StoryName: All For You
2026-07-20 15:09:53.995 -07:00 [INF] Chapter name: Chapter 15
2026-07-20 15:09:53.997 -07:00 [INF] Processing file: data\afy\All For You Chapter 16, a harry potter fanfic _ FanFiction.html
2026-07-20 15:09:54.001 -07:00 [INF] StoryName: All For You
2026-07-20 15:09:54.647 -07:00 [INF] Chapter name: Chapter 16
2026-07-20 15:09:54.648 -07:00 [INF] Processing file: data\afy\All For You Chapter 17, a harry potter fanfic _ FanFiction.html
2026-07-20 15:09:54.653 -07:00 [INF] StoryName: All For You
2026-07-20 15:09:55.364 -07:00 [INF] Chapter name: Chapter 17
2026-07-20 15:09:55.366 -07:00 [INF] Processing file: data\afy\All For You Chapter 18, a harry potter fanfic _ FanFiction.html
2026-07-20 15:09:55.370 -07:00 [INF] StoryName: All For You
2026-07-20 15:09:55.966 -07:00 [INF] Chapter name: Chapter 18
2026-07-20 15:09:55.968 -07:00 [INF] Processing file: data\afy\All For You Chapter 19, a harry potter fanfic _ FanFiction.html
2026-07-20 15:09:55.979 -07:00 [INF] StoryName: All For You
2026-07-20 15:09:56.778 -07:00 [INF] Chapter name: Chapter 19
2026-07-20 15:09:56.780 -07:00 [INF] Processing file: data\afy\All For You Chapter 20, a harry potter fanfic _ FanFiction.html
2026-07-20 15:09:56.784 -07:00 [INF] StoryName: All For You
