2026-07-20 14:59:03.581 -07:00 [INF] Processing from non-rooted source path: afy
2026-07-20 14:59:03.680 -07:00 [INF] Processing file: data\afy\All For You Chapter 00_ Prologue, a harry potter fanfic _ FanFiction.html
2026-07-20 14:59:03.728 -07:00 [INF] StoryName: All For You
2026-07-20 14:59:13.834 -07:00 [INF] Chapter name: Chapter 00
2026-07-20 14:59:13.848 -07:00 [INF] Processing file: data\afy\All For You Chapter 01, a harry potter fanfic _ FanFiction.html
2026-07-20 14:59:13.854 -07:00 [INF] StoryName: All For You
2026-07-20 14:59:13.856 -07:00 [INF] Chapter name: Chapter 01
2026-07-20 14:59:13.862 -07:00 [INF] Processing file: data\afy\All For You Chapter 02, a harry potter fanfic _ FanFiction.html
2026-07-20 14:59:13.867 -07:00 [INF] StoryName: All For You
2026-07-20 14:59:13.867 -07:00 [INF] Chapter name: Chapter 02
2026-07-20 14:59:13.869 -07:00 [INF] Processing file: data\afy\All For You Chapter 03, a harry potter fanfic _ FanFiction.html
2026-07-20 14:59:13.875 -07:00 [INF] StoryName: All For You
2026-07-20 14:59:13.875 -07:00 [INF] Chapter name: Chapter 03
2026-07-20 14:59:13.877 -07:00 [INF] Processing file: data\afy\All For You Chapter 04, a harry potter fanfic _ FanFiction.html
2026-07-20 14:59:13.883 -07:00 [INF] StoryName: All For You
2026-07-20 14:59:13.883 -07:00 [INF] Chapter name: Chapter 04
2026-07-20 14:59:13.885 -07:00 [INF] Processing file: data\afy\All For You Chapter 05, a harry potter fanfic _ FanFiction.html
2026-07-20 14:59:13.933 -07:00 [INF] StoryName: All For You
2026-07-20 14:59:13.933 -07:00 [INF] Chapter name: Chapter 05
2026-07-20 14:59:13.935 -07:00 [INF] Processing file: data\afy\All For You Chapter 06, a harry potter fanfic _ FanFiction.html
2026-07-20 14:59:13.940 -07:00 [INF] StoryName: All For You
2026-07-20 14:59:13.940 -07:00 [INF] Chapter name: Chapter 06
2026-07-20 14:59:13.942 -07:00 [INF] Processing file: data\afy\All For You Chapter 07, a harry potter fanfic _ FanFiction.html
2026-07-20 14:59:13.947 -07:00 [INF] StoryName: All For You
2026-07-20 14:59:13.947 -07:00 [INF] Chapter name: Chapter 07
2026-07-20 14:59:13.949 -07:00 [INF] Processing file: data\afy\All For You Chapter 08, a harry potter fanfic _ FanFiction.html
2026-07-20 14:59:13.954 -07:00 [INF] StoryName: All For You
2026-07-20 14:59:13.954 -07:00 [INF] Chapter name: Chapter 08
2026-07-20 14:59:13.956 -07:00 [INF] Processing file: data\afy\All For You Chapter 09, a harry potter fanfic _ FanFiction.html
2026-07-20 14:59:13.961 -07:00 [INF] StoryName: All For You
2026-07-20 14:59:13.961 -07:00 [INF] Chapter name: Chapter 09
2026-07-20 14:59:13.962 -07:00 [INF] Processing file: data\afy\All For You Chapter 10, a harry potter fanfic _ FanFiction.html
2026-07-20 14:59:13.965 -07:00 [INF] StoryName: All For You
2026-07-20 14:59:13.966 -07:00 [INF] Chapter name: Chapter 10
2026-07-20 14:59:13.967 -07:00 [INF] Processing file: data\afy\All For You Chapter 11, a harry potter fanfic _ FanFiction.html
2026-07-20 14:59:13.972 -07:00 [INF] StoryName: All For You
2026-07-20 14:59:13.972 -07:00 [INF] Chapter name: Chapter 11
2026-07-20 14:59:13.973 -07:00 [INF] Processing file: data\afy\All For You Chapter 12, a harry potter fanfic _ FanFiction.html
2026-07-20 14:59:13.978 -07:00 [INF] StoryName: All For You
2026-07-20 14:59:13.978 -07:00 [INF] Chapter name: Chapter 12
2026-07-20 14:59:13.980 -07:00 [INF] Processing file: data\afy\All For You Chapter 13, a harry potter fanfic _ FanFiction.html
2026-07-20 14:59:13.989 -07:00 [INF] StoryName: All For You
2026-07-20 14:59:13.990 -07:00 [INF] Chapter name: Chapter 13
2026-07-20 14:59:13.991 -07:00 [INF] Processing file: data\afy\All For You Chapter 14, a harry potter fanfic _ FanFiction.html
2026-07-20 14:59:13.996 -07:00 [INF] StoryName: All For You
2026-07-20 14:59:13.996 -07:00 [INF] Chapter name: Chapter 14
2026-07-20 14:59:13.998 -07:00 [INF] Processing file: data\afy\All For You Chapter 15, a harry potter fanfic _ FanFiction.html
2026-07-20 14:59:14.004 -07:00 [INF] StoryName: All For You
2026-07-20 14:59:14.004 -07:00 [INF] Chapter name: Chapter 15
2026-07-20 14:59:14.006 -07:00 [INF] Processing file: data\afy\All For You Chapter 16, a harry potter fanfic _ FanFiction.html
2026-07-20 14:59:14.011 -07:00 [INF] StoryName: All For You
2026-07-20 14:59:14.011 -07:00 [INF] Chapter name: Chapter 16
2026-07-20 14:59:14.013 -07:00 [INF] Processing file: data\afy\All For You Chapter 17, a harry potter fanfic _ FanFiction.html
2026-07-20 14:59:14.018 -07:00 [INF] StoryName: All For You
2026-07-20 14:59:14.018 -07:00 [INF] Chapter name: Chapter 17
2026-07-20 14:59:14.019 -07:00 [INF] Processing file: data\afy\All For You Chapter 18, a harry potter fanfic _ FanFiction.html
2026-07-20 14:59:14.025 -07:00 [INF] StoryName: All For You
2026-07-20 14:59:14.025 -07:00 [INF] Chapter name: Chapter 18
2026-07-20 14:59:14.027 -07:00 [INF] Processing file: data\afy\All For You Chapter 19, a harry potter fanfic _ FanFiction.html
2026-07-20 14:59:14.038 -07:00 [INF] StoryName: All For You
2026-07-20 14:59:14.038 -07:00 [INF] Chapter name: Chapter 19
2026-07-20 14:59:14.039 -07:00 [INF] Processing file: data\afy\All For You Chapter 20, a harry potter fanfic _ FanFiction.html
2026-07-20 14:59:14.044 -07:00 [INF] StoryName: All For You
2026-07-20 14:59:14.044 -07:00 [INF] Chapter name: Chapter 20
2026-07-20 14:59:14.045 -07:00 [INF] Processing file: data\afy\All For You Chapter 21 a harry potter fanfic _ FanFiction.html
2026-07-20 14:59:14.050 -07:00 [INF] StoryName: All For You
2026-07-20 14:59:14.050 -07:00 [INF] Chapter name: Chapter Chapter Twenty
2026-07-20 14:59:14.052 -07:00 [INF] Processing file: data\afy\All For You Chapter 22 a harry potter fanfic _ FanFiction.html
2026-07-20 14:59:14.057 -07:00 [INF] StoryName: All For You
2026-07-20 14:59:14.057 -07:00 [INF] Chapter name: Chapter Chapter Twenty
2026-07-20 14:59:14.060 -07:00 [INF] Processing file: data\afy\All For You Chapter 23 a harry potter fanfic _ FanFiction.html
2026-07-20 14:59:14.065 -07:00 [INF] StoryName: All For You
2026-07-20 14:59:14.065 -07:00 [INF] Chapter name: Chapter Chapter Twenty
2026-07-20 14:59:14.066 -07:00 [INF] Processing file: data\afy\All For You Chapter 24 a harry potter fanfic _ FanFiction.html
2026-07-20 14:59:14.071 -07:00 [INF] StoryName: All For You
2026-07-20 14:59:14.071 -07:00 [INF] Chapter name: Chapter Chapter Twenty
2026-07-20 14:59:14.073 -07:00 [INF] Processing file: data\afy\All For You Chapter 25 a harry potter fanfic _ FanFiction.html
2026-07-20 14:59:14.078 -07:00 [INF] StoryName: All For You
2026-07-20 14:59:14.078 -07:00 [INF] Chapter name: Chapter Chapter Twenty
2026-07-20 14:59:14.079 -07:00 [INF] Processing file: data\afy\All For You Chapter 26 a harry potter fanfic _ FanFiction.html
2026-07-20 14:59:14.090 -07:00 [INF] StoryName: All For You
2026-07-20 14:59:14.090 -07:00 [INF] Chapter name: Chapter Chapter Twenty
2026-07-20 14:59:14.092 -07:00 [INF] Processing file: data\afy\All For You Chapter 27 a harry potter fanfic _ FanFiction.html
2026-07-20 14:59:14.096 -07:00 [INF] StoryName: All For You
2026-07-20 14:59:14.096 -07:00 [INF] Chapter name: Chapter Chapter Twenty
2026-07-20 14:59:14.098 -07:00 [INF] Processing file: data\afy\All For You Chapter 28 a harry potter fanfic _ FanFiction.html
2026-07-20 14:59:14.102 -07:00 [INF] StoryName: All For You
2026-07-20 14:59:14.102 -07:00 [INF] Chapter name: Chapter Chapter Twenty
2026-07-20 14:59:14.104 -07:00 [INF] Processing file: data\afy\All For You Chapter 29 a harry potter fanfic _ FanFiction.html
2026-07-20 14:59:14.109 -07:00 [INF] StoryName: All For You
2026-07-20 14:59:14.109 -07:00 [INF] Chapter name: Chapter Chapter Twenty
2026-07-20 14:59:14.111 -07:00 [INF] Processing file: data\afy\All For You Chapter 30, a harry potter fanfic _ FanFiction.html
2026-07-20 14:59:14.115 -07:00 [INF] StoryName: All For You
2026-07-20 14:59:14.115 -07:00 [INF] Chapter name: Chapter 30
2026-07-20 14:59:14.117 -07:00 [INF] Processing file: data\afy\All For You Chapter 31 a harry potter fanfic _ FanFiction.html
2026-07-20 14:59:14.122 -07:00 [INF] StoryName: All For You
2026-07-20 14:59:14.123 -07:00 [INF] Chapter name: Chapter Chapter Thirty
2026-07-20 14:59:14.124 -07:00 [INF] Processing file: data\afy\All For You Chapter 32 a harry potter fanfic _ FanFiction.html
2026-07-20 14:59:14.129 -07:00 [INF] StoryName: All For You
2026-07-20 14:59:14.129 -07:00 [INF] Chapter name: Chapter Chapter Thirty
2026-07-20 14:59:14.131 -07:00 [INF] Processing file: data\afy\All For You Chapter 33 a harry potter fanfic _ FanFiction.html
2026-07-20 14:59:14.142 -07:00 [INF] StoryName: All For You
2026-07-20 14:59:14.142 -07:00 [INF] Chapter name: Chapter Chapter Thirty
2026-07-20 14:59:14.144 -07:00 [INF] Processing file: data\afy\All For You Chapter 34 a harry potter fanfic _ FanFiction.html
2026-07-20 14:59:14.149 -07:00 [INF] StoryName: All For You
2026-07-20 14:59:14.149 -07:00 [INF] Chapter name: Chapter Chapter Thirty
2026-07-20 14:59:14.150 -07:00 [INF] Processing file: data\afy\All For You Chapter 35 a harry potter fanfic _ FanFiction.html
2026-07-20 14:59:14.158 -07:00 [INF] StoryName: All For You
2026-07-20 14:59:14.158 -07:00 [INF] Chapter name: Chapter Chapter Thirty
2026-07-20 14:59:14.160 -07:00 [INF] Processing file: data\afy\All For You Chapter 36 a harry potter fanfic _ FanFiction.html
2026-07-20 14:59:14.164 -07:00 [INF] StoryName: All For You
2026-07-20 14:59:14.164 -07:00 [INF] Chapter name: Chapter Chapter Thirty
2026-07-20 14:59:14.165 -07:00 [INF] Processing file: data\afy\All For You Chapter 37 a harry potter fanfic _ FanFiction.html
2026-07-20 14:59:14.170 -07:00 [INF] StoryName: All For You
2026-07-20 14:59:14.170 -07:00 [INF] Chapter name: Chapter Chapter Thirty
2026-07-20 14:59:14.171 -07:00 [INF] Processing file: data\afy\All For You Chapter 38 a harry potter fanfic _ FanFiction.html
2026-07-20 14:59:14.182 -07:00 [INF] StoryName: All For You
2026-07-20 14:59:14.182 -07:00 [INF] Chapter name: Chapter Chapter Thirty
2026-07-20 14:59:14.184 -07:00 [INF] Processing file: data\afy\All For You Chapter 39 a harry potter fanfic _ FanFiction.html
2026-07-20 14:59:14.188 -07:00 [INF] StoryName: All For You
2026-07-20 14:59:14.188 -07:00 [INF] Chapter name: Chapter Chapter Thirty
2026-07-20 14:59:14.190 -07:00 [INF] Processing file: data\afy\All For You Chapter 40, a harry potter fanfic _ FanFiction.html
2026-07-20 14:59:14.194 -07:00 [INF] StoryName: All For You
2026-07-20 14:59:14.194 -07:00 [INF] Chapter name: Chapter 40
2026-07-20 14:59:14.195 -07:00 [INF] Processing file: data\afy\All For You Chapter 41 a harry potter fanfic _ FanFiction.html
2026-07-20 14:59:14.200 -07:00 [INF] StoryName: All For You
2026-07-20 14:59:14.200 -07:00 [INF] Chapter name: Chapter Chapter Forty
2026-07-20 14:59:14.201 -07:00 [INF] Processing file: data\afy\All For You Chapter 42 a harry potter fanfic _ FanFiction.html
2026-07-20 14:59:14.206 -07:00 [INF] StoryName: All For You
2026-07-20 14:59:14.206 -07:00 [INF] Chapter name: Chapter Chapter Forty
2026-07-20 14:59:14.207 -07:00 [INF] Processing file: data\afy\All For You Chapter 43 a harry potter fanfic _ FanFiction.html
2026-07-20 14:59:14.212 -07:00 [INF] StoryName: All For You
2026-07-20 14:59:14.212 -07:00 [INF] Chapter name: Chapter Chapter Forty
2026-07-20 14:59:14.214 -07:00 [INF] Processing file: data\afy\All For You Chapter 44 a harry potter fanfic _ FanFiction.html
2026-07-20 14:59:14.219 -07:00 [INF] StoryName: All For You
2026-07-20 14:59:14.219 -07:00 [INF] Chapter name: Chapter Chapter Forty
2026-07-20 14:59:14.220 -07:00 [INF] Processing file: data\afy\All For You Chapter 45 a harry potter fanfic _ FanFiction.html
2026-07-20 14:59:14.231 -07:00 [INF] StoryName: All For You
2026-07-20 14:59:14.231 -07:00 [INF] Chapter name: Chapter Chapter Forty
2026-07-20 14:59:14.232 -07:00 [INF] Processing file: data\afy\All For You Chapter 46 a harry potter fanfic _ FanFiction.html
2026-07-20 14:59:14.237 -07:00 [INF] StoryName: All For You
2026-07-20 14:59:14.237 -07:00 [INF] Chapter name: Chapter Chapter Forty
2026-07-20 14:59:14.238 -07:00 [INF] Processing file: data\afy\All For You Chapter 47 a harry potter fanfic _ FanFiction.html
2026-07-20 14:59:14.243 -07:00 [INF] StoryName: All For You
2026-07-20 14:59:14.243 -07:00 [INF] Chapter name: Chapter Chapter Forty
2026-07-20 14:59:14.245 -07:00 [INF] Processing file: data\afy\All For You Chapter 48 a harry potter fanfic _ FanFiction.html
2026-07-20 14:59:14.249 -07:00 [INF] StoryName: All For You
2026-07-20 14:59:14.249 -07:00 [INF] Chapter name: Chapter Chapter Forty
2026-07-20 14:59:14.251 -07:00 [INF] Processing file: data\afy\All For You Chapter 49 a harry potter fanfic _ FanFiction.html
2026-07-20 14:59:14.256 -07:00 [INF] StoryName: All For You
2026-07-20 14:59:14.256 -07:00 [INF] Chapter name: Chapter Chapter Forty
2026-07-20 14:59:14.257 -07:00 [INF] Processing file: data\afy\All For You Chapter 50, a harry potter fanfic _ FanFiction.html
2026-07-20 14:59:14.262 -07:00 [INF] StoryName: All For You
2026-07-20 14:59:14.262 -07:00 [INF] Chapter name: Chapter 50
2026-07-20 14:59:14.264 -07:00 [INF] Processing file: data\afy\All For You Chapter 52 a harry potter fanfic _ FanFiction.html
2026-07-20 14:59:14.268 -07:00 [INF] StoryName: All For You
2026-07-20 14:59:14.268 -07:00 [INF] Chapter name: Chapter Chapter Fifty
2026-07-20 14:59:14.270 -07:00 [INF] Processing file: data\afy\All For You Chapter 53 a harry potter fanfic _ FanFiction.html
2026-07-20 14:59:14.281 -07:00 [INF] StoryName: All For You
2026-07-20 14:59:14.281 -07:00 [INF] Chapter name: Chapter Chapter Fifty
2026-07-20 14:59:14.283 -07:00 [INF] Processing file: data\afy\All For You Chapter 54 a harry potter fanfic _ FanFiction.html
2026-07-20 14:59:14.287 -07:00 [INF] StoryName: All For You
2026-07-20 14:59:14.287 -07:00 [INF] Chapter name: Chapter Chapter Fifty
2026-07-20 14:59:14.289 -07:00 [INF] Processing file: data\afy\All For You Chapter 55 a harry potter fanfic _ FanFiction.html
2026-07-20 14:59:14.294 -07:00 [INF] StoryName: All For You
2026-07-20 14:59:14.294 -07:00 [INF] Chapter name: Chapter Chapter Fifty
2026-07-20 14:59:14.295 -07:00 [INF] Processing file: data\afy\All For You Chapter 56 a harry potter fanfic _ FanFiction.html
2026-07-20 14:59:14.300 -07:00 [INF] StoryName: All For You
2026-07-20 14:59:14.300 -07:00 [INF] Chapter name: Chapter Chapter Fifty
2026-07-20 14:59:14.302 -07:00 [INF] Processing file: data\afy\All For You Chapter 57 a harry potter fanfic _ FanFiction.html
2026-07-20 14:59:14.306 -07:00 [INF] StoryName: All For You
2026-07-20 14:59:14.306 -07:00 [INF] Chapter name: Chapter Chapter Fifty
2026-07-20 14:59:14.308 -07:00 [INF] Processing file: data\afy\All For You Chapter 58 a harry potter fanfic _ FanFiction.html
2026-07-20 14:59:14.313 -07:00 [INF] StoryName: All For You
2026-07-20 14:59:14.313 -07:00 [INF] Chapter name: Chapter Chapter Fifty
2026-07-20 14:59:14.314 -07:00 [INF] Processing file: data\afy\All For You Chapter 59 a harry potter fanfic _ FanFiction.html
2026-07-20 14:59:14.326 -07:00 [INF] StoryName: All For You
2026-07-20 14:59:14.327 -07:00 [INF] Chapter name: Chapter Chapter Fifty
2026-07-20 14:59:14.328 -07:00 [INF] Processing file: data\afy\All For You Chapter 60, a harry potter fanfic _ FanFiction.html
2026-07-20 14:59:14.332 -07:00 [INF] StoryName: All For You
2026-07-20 14:59:14.332 -07:00 [INF] Chapter name: Chapter 60
2026-07-20 14:59:14.334 -07:00 [INF] Processing file: data\afy\All For You Chapter 61 a harry potter fanfic _ FanFiction.html
2026-07-20 14:59:14.339 -07:00 [INF] StoryName: All For You
2026-07-20 14:59:14.339 -07:00 [INF] Chapter name: Chapter Chapter Sixty
2026-07-20 14:59:14.340 -07:00 [INF] Processing file: data\afy\All For You Chapter 62 a harry potter fanfic _ FanFiction.html
2026-07-20 14:59:14.345 -07:00 [INF] StoryName: All For You
2026-07-20 14:59:14.345 -07:00 [INF] Chapter name: Chapter Chapter Sixty
2026-07-20 14:59:14.347 -07:00 [INF] Processing file: data\afy\All For You Chapter 64_ Epilogue, a harry potter fanfic _ FanFiction.html
2026-07-20 14:59:14.352 -07:00 [INF] StoryName: All For You
2026-07-20 14:59:14.352 -07:00 [INF] Chapter name: Chapter 64
