2026-10-06 16:15:44.681 -07:00 [INF] Processing from non-rooted source path: 1of1
2026-10-06 16:15:45.225 -07:00 [INF] Chapter name: 001: Memories
2026-10-06 16:15:45.439 -07:00 [INF] Chapter name: 002: Scorpion
2026-10-06 16:15:45.685 -07:00 [INF] Chapter name: 003: The Gift
2026-10-06 16:15:45.894 -07:00 [INF] Chapter name: 004: Voyeur
2026-10-06 16:15:46.110 -07:00 [INF] Chapter name: 005: Revulsion
2026-10-06 16:15:46.360 -07:00 [INF] Chapter name: 006: Despair
2026-10-06 16:15:46.595 -07:00 [INF] Chapter name: 007: Brig
2026-10-06 16:15:46.835 -07:00 [INF] Chapter name: 008: Prey
2026-10-06 16:15:47.045 -07:00 [INF] Chapter name: 009: Loophole
2026-10-06 16:15:47.260 -07:00 [INF] Chapter name: 010: Decisions
2026-10-06 16:15:47.474 -07:00 [INF] Chapter name: 011: Hunters - Part 1
2026-10-06 16:15:47.708 -07:00 [INF] Chapter name: 012: Hunters - Part II
2026-10-06 16:15:47.957 -07:00 [INF] Chapter name: 013: Hope & Fear
2026-10-06 16:15:48.251 -07:00 [INF] Chapter name: 014: Counterpoint
2026-10-06 16:15:48.571 -07:00 [INF] Chapter name: 015: Scythe
2026-10-06 16:15:48.907 -07:00 [INF] Chapter name: 016: Gravity - Pt 1
2026-10-06 16:15:49.235 -07:00 [INF] Chapter name: 017: Gravity - Pt 2
2026-10-06 16:15:49.567 -07:00 [INF] Chapter name: 018: Gravity - Pt 3
2026-10-06 16:15:49.853 -07:00 [INF] Chapter name: 019: Life Line
2026-10-06 16:15:50.179 -07:00 [INF] Chapter name: 020: Gravity - Pt 4
2026-10-06 16:15:50.521 -07:00 [INF] Chapter name: 021: Gravity - Pt 5
2026-10-06 16:15:50.874 -07:00 [INF] Chapter name: 022: Generations
2026-10-06 16:15:51.246 -07:00 [INF] Chapter name: 023: Relativity
2026-10-06 16:15:51.569 -07:00 [INF] Chapter name: 024: Warhead
2026-10-06 16:15:51.892 -07:00 [INF] Chapter name: 025: Survival Instinct
2026-10-06 16:15:52.279 -07:00 [INF] Chapter name: 026: Conspiracy
2026-10-06 16:15:52.624 -07:00 [INF] Chapter name: 027: Pathfinder
2026-10-06 16:15:52.903 -07:00 [INF] Chapter name: 028: Relics
2026-10-06 16:15:53.112 -07:00 [INF] Chapter name: 029: Infection
2026-10-06 16:15:53.299 -07:00 [INF] Chapter name: 030: Prophecy - Part 1
2026-10-06 16:15:53.469 -07:00 [INF] Chapter name: 031: Prophecy - Part 2
2026-10-06 16:15:53.644 -07:00 [INF] Chapter name: 032: Collective
2026-10-06 16:15:53.830 -07:00 [INF] Chapter name: 033: V is for ?
2026-10-06 16:15:54.005 -07:00 [INF] Chapter name: 034: Orphans - Part 1
